#
# A fatal error has been detected by the Java Runtime Environment:
#
#  EXCEPTION_ACCESS_VIOLATION (0xc0000005) at pc=0x00007ffac80ba3d1, pid=10300, tid=29772
#
# JRE version: Java(TM) SE Runtime Environment (15.0.2+7) (build 15.0.2+7-27)
# Java VM: Java HotSpot(TM) 64-Bit Server VM (15.0.2+7-27, mixed mode, sharing, tiered, compressed oops, g1 gc, windows-amd64)
# Problematic frame:
# V  [jvm.dll+0x3aa3d1]
#
# No core dump will be written. Minidumps are not enabled by default on client versions of Windows
#
# If you would like to submit a bug report, please visit:
#   https://bugreport.java.com/bugreport/crash.jsp
#

---------------  S U M M A R Y ------------

Command Line: -Dfile.encoding=UTF-8 simrskhanza.SIMRSKhanza

Host: 11th Gen Intel(R) Core(TM) i5-1155G7 @ 2.50GHz, 8 cores, 7G,  Windows 10 , 64 bit Build 26100 (10.0.26100.4202)
Time: Sat Jun 28 15:16:18 2025 SE Asia Standard Time elapsed time: 128.920242 seconds (0d 0h 2m 8s)

---------------  T H R E A D  ---------------

Current thread (0x000001c2cfa0c4f0):  JavaThread "JavaFX Application Thread" [_thread_in_vm, id=29772, stack(0x00000008f8300000,0x00000008f8400000)]

Stack: [0x00000008f8300000,0x00000008f8400000],  sp=0x00000008f83fd870,  free space=1014k
Native frames: (J=compiled Java code, j=interpreted, Vv=VM code, C=native code)
V  [jvm.dll+0x3aa3d1]
C  0x00007ffa630fb1b0

Java frames: (J=compiled Java code, j=interpreted, Vv=VM code)
j  com.sun.webkit.WebPage.twkCreatePage(Z)J+0
j  com.sun.webkit.WebPage.<init>(Lcom/sun/webkit/WebPageClient;Lcom/sun/webkit/UIClient;Lcom/sun/webkit/PolicyClient;Lcom/sun/webkit/InspectorClient;Lcom/sun/webkit/ThemeClient;Z)V+181
j  javafx.scene.web.WebEngine.<init>(Ljava/lang/String;Z)V+270
j  javafx.scene.web.WebEngine.<init>()V+3
j  javafx.scene.web.WebView.<init>()V+60
j  kepegawaian.DlgPenggajian$1.run()V+4
j  com.sun.javafx.application.PlatformImpl.lambda$runLater$10(Ljava/lang/Runnable;)Ljava/lang/Void;+1
j  com.sun.javafx.application.PlatformImpl$$Lambda$518+0x000000080106f558.run()Ljava/lang/Object;+4
J 2602 c1 java.security.AccessController.doPrivileged(Ljava/security/PrivilegedAction;Ljava/security/AccessControlContext;)Ljava/lang/Object; java.base@15.0.2 (17 bytes) @ 0x000001c2b3838964 [0x000001c2b3838780+0x00000000000001e4]
j  com.sun.javafx.application.PlatformImpl.lambda$runLater$11(Ljava/lang/Runnable;Ljava/security/AccessControlContext;)V+7
j  com.sun.javafx.application.PlatformImpl$$Lambda$517+0x000000080106f108.run()V+8
j  com.sun.glass.ui.InvokeLaterDispatcher$Future.run()V+4
v  ~StubRoutines::call_stub
j  com.sun.glass.ui.win.WinApplication._runLoop(Ljava/lang/Runnable;)V+0
j  com.sun.glass.ui.win.WinApplication.lambda$runLoop$3(ILjava/lang/Runnable;)V+8
j  com.sun.glass.ui.win.WinApplication$$Lambda$504+0x0000000800ce7dd0.run()V+12
j  java.lang.Thread.run()V+11 java.base@15.0.2
v  ~StubRoutines::call_stub

siginfo: EXCEPTION_ACCESS_VIOLATION (0xc0000005), reading address 0x0000000000000000


Register to memory mapping:

RIP=0x00007ffac80ba3d1 jvm.dll
RAX=0x0 is NULL
RBX=0x000001c2cfa0c4f0 is a thread
RCX=0xbe590feec2d10000 is an unknown value
RDX=0x000001c2d0db8b50 is a global jni handle
RSP=0x00000008f83fd870 is pointing into the stack for thread: 0x000001c2cfa0c4f0
RBP=0x00000008f83fd968 is pointing into the stack for thread: 0x000001c2cfa0c4f0
RSI=0x000001c2cfa0c818 points into unknown readable memory: 0x00007ffac870de40 | 40 de 70 c8 fa 7f 00 00
RDI=0x000001c2d0db8b50 is a global jni handle
R8 =0x0 is NULL
R9 =0x00000008f83fd968 is pointing into the stack for thread: 0x000001c2cfa0c4f0
R10=0x00007ffac80ba310 jvm.dll
R11=0x00000008f83fd868 is pointing into the stack for thread: 0x000001c2cfa0c4f0
R12=0x0 is NULL
R13=0x0 is NULL
R14=0x0 is NULL
R15=0x000001c2ced49ea0 points into unknown readable memory: 0x00007ffa648fb728 | 28 b7 8f 64 fa 7f 00 00


Registers:
RAX=0x0000000000000000, RBX=0x000001c2cfa0c4f0, RCX=0xbe590feec2d10000, RDX=0x000001c2d0db8b50
RSP=0x00000008f83fd870, RBP=0x00000008f83fd968, RSI=0x000001c2cfa0c818, RDI=0x000001c2d0db8b50
R8 =0x0000000000000000, R9 =0x00000008f83fd968, R10=0x00007ffac80ba310, R11=0x00000008f83fd868
R12=0x0000000000000000, R13=0x0000000000000000, R14=0x0000000000000000, R15=0x000001c2ced49ea0
RIP=0x00007ffac80ba3d1, EFLAGS=0x0000000000010206

Top of Stack: (sp=0x00000008f83fd870)
0x00000008f83fd870:   000001c2cfa0c4f0 000001c2cfa0c818
0x00000008f83fd880:   00000008f83fd900 00000008f83fd900
0x00000008f83fd890:   00007ffb443688c0 00000008f83fd900
0x00000008f83fd8a0:   0000be51f7d115d1 00007ffb44244844
0x00000008f83fd8b0:   000001c2ced49ea0 000001c2d0db8b50
0x00000008f83fd8c0:   000001c2cfa0c4f0 000001c2cb29e730
0x00000008f83fd8d0:   000001c200000493 00007ffac85aaaa0
0x00000008f83fd8e0:   000001c2cfa0c4f0 00007ffac80b266a
0x00000008f83fd8f0:   000001c2ced49ea0 00007ffa668ad238
0x00000008f83fd900:   000001c2cfa0c818 000001c2d0d72ee0
0x00000008f83fd910:   00007ffa668ad238 00007ffa630fb1b0
0x00000008f83fd920:   000001c2cea77808 00007ffa6685d7f0
0x00000008f83fd930:   000001c2d0d72ee0 000001c2cfa0c818
0x00000008f83fd940:   000001c2cea77808 00007ffa64746725
0x00000008f83fd950:   000001c2cea77808 00007ffa6685d7f0
0x00000008f83fd960:   0000000000000000 0000000000000000 

Instructions: (pc=0x00007ffac80ba3d1)
0x00007ffac80ba2d1:   00 00 48 8b bc 24 c0 00 00 00 c0 e8 03 a8 01 74
0x00007ffac80ba2e1:   08 48 8b cb e8 a6 29 2e 00 0f 28 c6 c7 83 98 03
0x00007ffac80ba2f1:   00 00 04 00 00 00 0f 28 b4 24 b0 00 00 00 48 81
0x00007ffac80ba301:   c4 d0 00 00 00 5b c3 cc cc cc cc cc cc cc cc 48
0x00007ffac80ba311:   89 5c 24 08 48 89 6c 24 10 48 89 74 24 18 48 89
0x00007ffac80ba321:   7c 24 20 41 56 48 81 ec a0 00 00 00 8b 81 88 00
0x00007ffac80ba331:   00 00 48 8d 99 d8 fc ff ff 05 55 21 ff ff 49 8b
0x00007ffac80ba341:   e9 4d 8b f0 48 8b fa 48 8b f1 83 f8 01 76 0a 48
0x00007ffac80ba351:   8b cb e8 28 33 39 00 33 db c7 83 98 03 00 00 05
0x00007ffac80ba361:   00 00 00 e8 c7 26 27 00 48 8b 03 48 8b cb ff 50
0x00007ffac80ba371:   38 84 c0 74 0e 48 8b 83 10 01 00 00 c0 e8 03 24
0x00007ffac80ba381:   01 eb 0b 8b 05 86 23 6f 00 85 c0 0f 95 c0 84 c0
0x00007ffac80ba391:   75 0d 8b 83 e0 00 00 00 a9 04 00 00 20 74 08 48
0x00007ffac80ba3a1:   8b cb e8 58 39 39 00 c7 83 98 03 00 00 06 00 00
0x00007ffac80ba3b1:   00 48 83 7b 08 00 48 89 5c 24 50 48 c7 44 24 58
0x00007ffac80ba3c1:   00 00 00 00 74 0a 48 8d 4c 24 50 e8 1f c5 2a 00
0x00007ffac80ba3d1:   49 8b 16 48 8d 4c 24 70 c7 44 24 40 04 00 00 00
0x00007ffac80ba3e1:   e8 ea cf 00 00 48 89 ac 24 98 00 00 00 48 8d 05
0x00007ffac80ba3f1:   33 07 4f 00 48 89 44 24 70 40 f6 c7 01 74 0c 48
0x00007ffac80ba401:   8d 4f ff ff 15 9e 13 65 00 eb 09 48 8b cf ff 15
0x00007ffac80ba411:   f3 9b 64 00 8b 15 85 9c 6d 00 48 8b c8 e8 ed d0
0x00007ffac80ba421:   26 00 48 8b d3 48 8b c8 4c 8b 00 41 ff 90 b0 00
0x00007ffac80ba431:   00 00 48 83 7b 08 00 75 35 48 8d 44 24 70 48 89
0x00007ffac80ba441:   5c 24 30 48 89 44 24 28 48 8d 54 24 40 45 33 c9
0x00007ffac80ba451:   4c 89 74 24 20 45 33 c0 48 8b ce e8 3f e4 00 00
0x00007ffac80ba461:   48 83 7b 08 00 75 07 0f b6 74 24 48 eb 03 40 32
0x00007ffac80ba471:   f6 48 83 7c 24 58 00 74 0a 48 8d 4c 24 50 e8 0c
0x00007ffac80ba481:   c5 2a 00 48 8b bb f8 00 00 00 48 8b 4f 10 48 83
0x00007ffac80ba491:   39 00 74 0c 48 8b cf e8 d3 a0 f6 ff 48 8b 4f 10
0x00007ffac80ba4a1:   48 8b 47 08 48 89 48 10 48 8b 4f 08 48 8b 47 18
0x00007ffac80ba4b1:   48 89 41 18 48 8b 4f 08 48 8b 47 20 48 89 41 20
0x00007ffac80ba4c1:   c7 83 98 03 00 00 07 00 00 00 e8 60 25 27 00 48 


Stack slot to memory mapping:
stack at sp + 0 slots: 0x000001c2cfa0c4f0 is a thread
stack at sp + 1 slots: 0x000001c2cfa0c818 points into unknown readable memory: 0x00007ffac870de40 | 40 de 70 c8 fa 7f 00 00
stack at sp + 2 slots: 0x00000008f83fd900 is pointing into the stack for thread: 0x000001c2cfa0c4f0
stack at sp + 3 slots: 0x00000008f83fd900 is pointing into the stack for thread: 0x000001c2cfa0c4f0
stack at sp + 4 slots: 0x00007ffb443688c0 ucrtbase.dll
stack at sp + 5 slots: 0x00000008f83fd900 is pointing into the stack for thread: 0x000001c2cfa0c4f0
stack at sp + 6 slots: 0x0000be51f7d115d1 is an unknown value
stack at sp + 7 slots: 0x00007ffb44244844 ucrtbase.dll


---------------  P R O C E S S  ---------------

Threads class SMR info:
_java_thread_list=0x000001c2cf670a60, length=25, elements={
0x000001c2c9c7e620, 0x000001c2c9c7fd60, 0x000001c2c9c97e50, 0x000001c2c9c9e750,
0x000001c2ca5c0fe0, 0x000001c2ca5c6440, 0x000001c2ca5c9430, 0x000001c2ca5cee50,
0x000001c2ca836370, 0x000001c2ca853180, 0x000001c2cad3f9a0, 0x000001c2ca8db4e0,
0x000001c2ca8db9b0, 0x000001c2cb185a60, 0x000001c2cb186200, 0x000001c2aab84d20,
0x000001c2cea7f810, 0x000001c2cb5c1fc0, 0x000001c2cfa0eb70, 0x000001c2cfa0f9e0,
0x000001c2cfa0c4f0, 0x000001c2cfa10380, 0x000001c2cfa10d20, 0x000001c2cfa111f0,
0x000001c2cfa116c0
}

Java Threads: ( => current thread )
  0x000001c2c9c7e620 JavaThread "Reference Handler" daemon [_thread_blocked, id=20432, stack(0x00000008f6400000,0x00000008f6500000)]
  0x000001c2c9c7fd60 JavaThread "Finalizer" daemon [_thread_blocked, id=25552, stack(0x00000008f6500000,0x00000008f6600000)]
  0x000001c2c9c97e50 JavaThread "Signal Dispatcher" daemon [_thread_blocked, id=28532, stack(0x00000008f6600000,0x00000008f6700000)]
  0x000001c2c9c9e750 JavaThread "Attach Listener" daemon [_thread_blocked, id=27496, stack(0x00000008f6700000,0x00000008f6800000)]
  0x000001c2ca5c0fe0 JavaThread "Service Thread" daemon [_thread_blocked, id=23972, stack(0x00000008f6800000,0x00000008f6900000)]
  0x000001c2ca5c6440 JavaThread "C2 CompilerThread0" daemon [_thread_blocked, id=29796, stack(0x00000008f6900000,0x00000008f6a00000)]
  0x000001c2ca5c9430 JavaThread "C1 CompilerThread0" daemon [_thread_blocked, id=19272, stack(0x00000008f6a00000,0x00000008f6b00000)]
  0x000001c2ca5cee50 JavaThread "Sweeper thread" daemon [_thread_blocked, id=21660, stack(0x00000008f6b00000,0x00000008f6c00000)]
  0x000001c2ca836370 JavaThread "Notification Thread" daemon [_thread_blocked, id=27792, stack(0x00000008f6c00000,0x00000008f6d00000)]
  0x000001c2ca853180 JavaThread "Common-Cleaner" daemon [_thread_blocked, id=30004, stack(0x00000008f6e00000,0x00000008f6f00000)]
  0x000001c2cad3f9a0 JavaThread "Java2D Disposer" daemon [_thread_blocked, id=1588, stack(0x00000008f7100000,0x00000008f7200000)]
  0x000001c2ca8db4e0 JavaThread "AWT-Shutdown" [_thread_blocked, id=30604, stack(0x00000008f7200000,0x00000008f7300000)]
  0x000001c2ca8db9b0 JavaThread "AWT-Windows" daemon [_thread_in_native, id=21140, stack(0x00000008f7300000,0x00000008f7400000)]
  0x000001c2cb185a60 JavaThread "AWT-EventQueue-0" [_thread_blocked, id=25280, stack(0x00000008f7500000,0x00000008f7600000)]
  0x000001c2cb186200 JavaThread "Swing-Shell" daemon [_thread_blocked, id=28928, stack(0x00000008f7600000,0x00000008f7700000)]
  0x000001c2aab84d20 JavaThread "DestroyJavaVM" [_thread_blocked, id=1076, stack(0x00000008f5d00000,0x00000008f5e00000)]
  0x000001c2cea7f810 JavaThread "Abandoned connection cleanup thread" daemon [_thread_blocked, id=29156, stack(0x00000008f6f00000,0x00000008f7000000)]
  0x000001c2cb5c1fc0 JavaThread "TimerQueue" daemon [_thread_blocked, id=17136, stack(0x00000008f7d00000,0x00000008f7e00000)]
  0x000001c2cfa0eb70 JavaThread "QuantumRenderer-0" daemon [_thread_blocked, id=31512, stack(0x00000008f8400000,0x00000008f8500000)]
  0x000001c2cfa0f9e0 JavaThread "InvokeLaterDispatcher" daemon [_thread_blocked, id=23568, stack(0x00000008f7400000,0x00000008f7500000)]
=>0x000001c2cfa0c4f0 JavaThread "JavaFX Application Thread" [_thread_in_vm, id=29772, stack(0x00000008f8300000,0x00000008f8400000)]
  0x000001c2cfa10380 JavaThread "Thread-2" daemon [_thread_in_native, id=30208, stack(0x00000008f8200000,0x00000008f8300000)]
  0x000001c2cfa10d20 JavaThread "SwingWorker-pool-3-thread-1" daemon [_thread_blocked, id=12608, stack(0x00000008f7900000,0x00000008f7a00000)]
  0x000001c2cfa111f0 JavaThread "SwingWorker-pool-3-thread-2" daemon [_thread_blocked, id=26008, stack(0x00000008f8800000,0x00000008f8900000)]
  0x000001c2cfa116c0 JavaThread "SwingWorker-pool-3-thread-3" daemon [_thread_blocked, id=27292, stack(0x00000008f8900000,0x00000008f8a00000)]

Other Threads:
  0x000001c2c9c78210 VMThread "VM Thread" [stack: 0x00000008f6300000,0x00000008f6400000] [id=31476]
  0x000001c2ca83f3d0 WatcherThread [stack: 0x00000008f6d00000,0x00000008f6e00000] [id=19280]
  0x000001c2aabc5740 GCTaskThread "GC Thread#0" [stack: 0x00000008f5e00000,0x00000008f5f00000] [id=31776]
  0x000001c2ca833ab0 GCTaskThread "GC Thread#1" [stack: 0x00000008f7000000,0x00000008f7100000] [id=26796]
  0x000001c2ce7d0c10 GCTaskThread "GC Thread#2" [stack: 0x00000008f7e00000,0x00000008f7f00000] [id=21368]
  0x000001c2ce7d0280 GCTaskThread "GC Thread#3" [stack: 0x00000008f7f00000,0x00000008f8000000] [id=31212]
  0x000001c2ce7cf8f0 GCTaskThread "GC Thread#4" [stack: 0x00000008f8000000,0x00000008f8100000] [id=5364]
  0x000001c2ce7d28c0 GCTaskThread "GC Thread#5" [stack: 0x00000008f8100000,0x00000008f8200000] [id=23716]
  0x000001c2ce7d0f40 GCTaskThread "GC Thread#6" [stack: 0x00000008f8b00000,0x00000008f8c00000] [id=23804]
  0x000001c2ce7cfc20 GCTaskThread "GC Thread#7" [stack: 0x00000008f8c00000,0x00000008f8d00000] [id=16336]
  0x000001c2aabd6da0 ConcurrentGCThread "G1 Main Marker" [stack: 0x00000008f5f00000,0x00000008f6000000] [id=30860]
  0x000001c2aabd81b0 ConcurrentGCThread "G1 Conc#0" [stack: 0x00000008f6000000,0x00000008f6100000] [id=32728]
  0x000001c2ce7d05b0 ConcurrentGCThread "G1 Conc#1" [stack: 0x00000008f7c00000,0x00000008f7d00000] [id=18744]
  0x000001c2aac3e560 ConcurrentGCThread "G1 Refine#0" [stack: 0x00000008f6100000,0x00000008f6200000] [id=24196]
  0x000001c2c9ada100 ConcurrentGCThread "G1 Young RemSet Sampling" [stack: 0x00000008f6200000,0x00000008f6300000] [id=31176]

Threads with active compile tasks:

VM state: not at safepoint (normal execution)

VM Mutex/Monitor currently owned by a thread: None

Heap address: 0x0000000084a00000, size: 1974 MB, Compressed Oops mode: 32-bit
CDS archive(s) mapped at: [0x0000000800000000-0x0000000800b50000-0x0000000800b50000), size 11862016, SharedBaseAddress: 0x0000000800000000, ArchiveRelocationMode: 0.
Compressed class space mapped at: 0x0000000800b50000-0x0000000840b50000, size: 1073741824
Narrow klass base: 0x0000000800000000, Narrow klass shift: 3, Narrow klass range: 0x100000000

GC Precious Log:
 CPUs: 8 total, 8 available
 Memory: 7894M
 Large Page Support: Disabled
 NUMA Support: Disabled
 Compressed Oops: Enabled (32-bit)
 Heap Region Size: 1M
 Heap Min Capacity: 8M
 Heap Initial Capacity: 124M
 Heap Max Capacity: 1974M
 Pre-touch: Disabled
 Parallel Workers: 8
 Concurrent Workers: 2
 Concurrent Refinement Workers: 8
 Periodic GC: Disabled

Heap:
 garbage-first heap   total 189440K, used 145537K [0x0000000084a00000, 0x0000000100000000)
  region size 1024K, 41 young (41984K), 2 survivors (2048K)
 Metaspace       used 49739K, capacity 50054K, committed 50688K, reserved 1093632K
  class space    used 6428K, capacity 6534K, committed 6656K, reserved 1048576K

Heap Regions: E=young(eden), S=young(survivor), O=old, HS=humongous(starts), HC=humongous(continues), CS=collection set, F=free, OA=open archive, CA=closed archive, TAMS=top-at-mark-start (previous, next)
|   0|0x0000000084a00000, 0x0000000084b00000, 0x0000000084b00000|100%|HS|  |TAMS 0x0000000084b00000, 0x0000000084a00000| Complete 
|   1|0x0000000084b00000, 0x0000000084c00000, 0x0000000084c00000|100%|HS|  |TAMS 0x0000000084c00000, 0x0000000084b00000| Complete 
|   2|0x0000000084c00000, 0x0000000084d00000, 0x0000000084d00000|100%|HC|  |TAMS 0x0000000084d00000, 0x0000000084c00000| Complete 
|   3|0x0000000084d00000, 0x0000000084e00000, 0x0000000084e00000|100%|HS|  |TAMS 0x0000000084e00000, 0x0000000084d00000| Complete 
|   4|0x0000000084e00000, 0x0000000084f00000, 0x0000000084f00000|100%| O|  |TAMS 0x0000000084f00000, 0x0000000084e00000| Untracked 
|   5|0x0000000084f00000, 0x0000000085000000, 0x0000000085000000|100%| O|  |TAMS 0x0000000085000000, 0x0000000084f00000| Untracked 
|   6|0x0000000085000000, 0x0000000085100000, 0x0000000085100000|100%| O|  |TAMS 0x0000000085100000, 0x0000000085000000| Untracked 
|   7|0x0000000085100000, 0x0000000085200000, 0x0000000085200000|100%| O|  |TAMS 0x0000000085200000, 0x0000000085100000| Untracked 
|   8|0x0000000085200000, 0x0000000085300000, 0x0000000085300000|100%| O|  |TAMS 0x0000000085300000, 0x0000000085200000| Untracked 
|   9|0x0000000085300000, 0x0000000085400000, 0x0000000085400000|100%| O|  |TAMS 0x0000000085400000, 0x0000000085300000| Untracked 
|  10|0x0000000085400000, 0x0000000085500000, 0x0000000085500000|100%| O|  |TAMS 0x0000000085500000, 0x0000000085400000| Untracked 
|  11|0x0000000085500000, 0x0000000085600000, 0x0000000085600000|100%| O|  |TAMS 0x0000000085600000, 0x0000000085500000| Untracked 
|  12|0x0000000085600000, 0x0000000085700000, 0x0000000085700000|100%| O|  |TAMS 0x0000000085700000, 0x0000000085600000| Untracked 
|  13|0x0000000085700000, 0x0000000085800000, 0x0000000085800000|100%| O|  |TAMS 0x0000000085800000, 0x0000000085700000| Untracked 
|  14|0x0000000085800000, 0x0000000085900000, 0x0000000085900000|100%| O|  |TAMS 0x0000000085900000, 0x0000000085800000| Untracked 
|  15|0x0000000085900000, 0x0000000085a00000, 0x0000000085a00000|100%| O|  |TAMS 0x0000000085a00000, 0x0000000085900000| Untracked 
|  16|0x0000000085a00000, 0x0000000085b00000, 0x0000000085b00000|100%| O|  |TAMS 0x0000000085b00000, 0x0000000085a00000| Untracked 
|  17|0x0000000085b00000, 0x0000000085c00000, 0x0000000085c00000|100%| O|  |TAMS 0x0000000085c00000, 0x0000000085b00000| Untracked 
|  18|0x0000000085c00000, 0x0000000085d00000, 0x0000000085d00000|100%| O|  |TAMS 0x0000000085d00000, 0x0000000085c00000| Untracked 
|  19|0x0000000085d00000, 0x0000000085e00000, 0x0000000085e00000|100%| O|  |TAMS 0x0000000085e00000, 0x0000000085d00000| Untracked 
|  20|0x0000000085e00000, 0x0000000085f00000, 0x0000000085f00000|100%| O|  |TAMS 0x0000000085f00000, 0x0000000085e00000| Untracked 
|  21|0x0000000085f00000, 0x0000000086000000, 0x0000000086000000|100%| O|  |TAMS 0x0000000086000000, 0x0000000085f00000| Untracked 
|  22|0x0000000086000000, 0x0000000086100000, 0x0000000086100000|100%| O|  |TAMS 0x0000000086100000, 0x0000000086000000| Untracked 
|  23|0x0000000086100000, 0x00000000861d5c00, 0x0000000086200000| 83%| O|  |TAMS 0x00000000861d5c00, 0x0000000086100000| Untracked 
|  24|0x0000000086200000, 0x0000000086300000, 0x0000000086300000|100%| O|  |TAMS 0x0000000086300000, 0x0000000086200000| Untracked 
|  25|0x0000000086300000, 0x0000000086400000, 0x0000000086400000|100%| O|  |TAMS 0x0000000086400000, 0x0000000086300000| Untracked 
|  26|0x0000000086400000, 0x0000000086500000, 0x0000000086500000|100%| O|  |TAMS 0x0000000086500000, 0x0000000086400000| Untracked 
|  27|0x0000000086500000, 0x0000000086600000, 0x0000000086600000|100%| O|  |TAMS 0x0000000086600000, 0x0000000086500000| Untracked 
|  28|0x0000000086600000, 0x0000000086700000, 0x0000000086700000|100%| O|  |TAMS 0x0000000086700000, 0x0000000086600000| Untracked 
|  29|0x0000000086700000, 0x0000000086800000, 0x0000000086800000|100%| O|  |TAMS 0x0000000086800000, 0x0000000086700000| Untracked 
|  30|0x0000000086800000, 0x0000000086900000, 0x0000000086900000|100%| O|  |TAMS 0x0000000086900000, 0x0000000086800000| Untracked 
|  31|0x0000000086900000, 0x0000000086a00000, 0x0000000086a00000|100%| O|  |TAMS 0x0000000086a00000, 0x0000000086900000| Untracked 
|  32|0x0000000086a00000, 0x0000000086b00000, 0x0000000086b00000|100%| O|  |TAMS 0x0000000086b00000, 0x0000000086a00000| Untracked 
|  33|0x0000000086b00000, 0x0000000086c00000, 0x0000000086c00000|100%| O|  |TAMS 0x0000000086c00000, 0x0000000086b00000| Untracked 
|  34|0x0000000086c00000, 0x0000000086d00000, 0x0000000086d00000|100%| O|  |TAMS 0x0000000086d00000, 0x0000000086c00000| Untracked 
|  35|0x0000000086d00000, 0x0000000086e00000, 0x0000000086e00000|100%| O|  |TAMS 0x0000000086e00000, 0x0000000086d00000| Untracked 
|  36|0x0000000086e00000, 0x0000000086f00000, 0x0000000086f00000|100%| O|  |TAMS 0x0000000086f00000, 0x0000000086e00000| Untracked 
|  37|0x0000000086f00000, 0x0000000087000000, 0x0000000087000000|100%| O|  |TAMS 0x0000000087000000, 0x0000000086f00000| Untracked 
|  38|0x0000000087000000, 0x0000000087100000, 0x0000000087100000|100%| O|  |TAMS 0x0000000087100000, 0x0000000087000000| Untracked 
|  39|0x0000000087100000, 0x0000000087200000, 0x0000000087200000|100%| O|  |TAMS 0x0000000087200000, 0x0000000087100000| Untracked 
|  40|0x0000000087200000, 0x0000000087300000, 0x0000000087300000|100%| O|  |TAMS 0x0000000087300000, 0x0000000087200000| Untracked 
|  41|0x0000000087300000, 0x0000000087400000, 0x0000000087400000|100%| O|  |TAMS 0x0000000087400000, 0x0000000087300000| Untracked 
|  42|0x0000000087400000, 0x0000000087500000, 0x0000000087500000|100%| O|  |TAMS 0x0000000087500000, 0x0000000087400000| Untracked 
|  43|0x0000000087500000, 0x0000000087600000, 0x0000000087600000|100%| O|  |TAMS 0x0000000087600000, 0x0000000087500000| Untracked 
|  44|0x0000000087600000, 0x0000000087700000, 0x0000000087700000|100%| O|  |TAMS 0x0000000087700000, 0x0000000087600000| Untracked 
|  45|0x0000000087700000, 0x0000000087800000, 0x0000000087800000|100%| O|  |TAMS 0x0000000087800000, 0x0000000087700000| Untracked 
|  46|0x0000000087800000, 0x0000000087900000, 0x0000000087900000|100%| O|  |TAMS 0x0000000087900000, 0x0000000087800000| Untracked 
|  47|0x0000000087900000, 0x0000000087a00000, 0x0000000087a00000|100%| O|  |TAMS 0x0000000087a00000, 0x0000000087900000| Untracked 
|  48|0x0000000087a00000, 0x0000000087b00000, 0x0000000087b00000|100%| O|  |TAMS 0x0000000087b00000, 0x0000000087a00000| Untracked 
|  49|0x0000000087b00000, 0x0000000087c00000, 0x0000000087c00000|100%| O|  |TAMS 0x0000000087c00000, 0x0000000087b00000| Untracked 
|  50|0x0000000087c00000, 0x0000000087d00000, 0x0000000087d00000|100%| O|  |TAMS 0x0000000087d00000, 0x0000000087c00000| Untracked 
|  51|0x0000000087d00000, 0x0000000087e00000, 0x0000000087e00000|100%| O|  |TAMS 0x0000000087e00000, 0x0000000087d00000| Untracked 
|  52|0x0000000087e00000, 0x0000000087f00000, 0x0000000087f00000|100%| O|  |TAMS 0x0000000087f00000, 0x0000000087e00000| Untracked 
|  53|0x0000000087f00000, 0x0000000088000000, 0x0000000088000000|100%| O|  |TAMS 0x0000000088000000, 0x0000000087f00000| Untracked 
|  54|0x0000000088000000, 0x0000000088100000, 0x0000000088100000|100%| O|  |TAMS 0x0000000088100000, 0x0000000088000000| Untracked 
|  55|0x0000000088100000, 0x0000000088200000, 0x0000000088200000|100%|HS|  |TAMS 0x0000000088200000, 0x0000000088100000| Complete 
|  56|0x0000000088200000, 0x0000000088300000, 0x0000000088300000|100%|HC|  |TAMS 0x0000000088300000, 0x0000000088200000| Complete 
|  57|0x0000000088300000, 0x0000000088400000, 0x0000000088400000|100%|HC|  |TAMS 0x0000000088400000, 0x0000000088300000| Complete 
|  58|0x0000000088400000, 0x0000000088500000, 0x0000000088500000|100%|HC|  |TAMS 0x0000000088500000, 0x0000000088400000| Complete 
|  59|0x0000000088500000, 0x0000000088600000, 0x0000000088600000|100%|HC|  |TAMS 0x0000000088600000, 0x0000000088500000| Complete 
|  60|0x0000000088600000, 0x0000000088700000, 0x0000000088700000|100%|HC|  |TAMS 0x0000000088700000, 0x0000000088600000| Complete 
|  61|0x0000000088700000, 0x0000000088800000, 0x0000000088800000|100%|HC|  |TAMS 0x0000000088800000, 0x0000000088700000| Complete 
|  62|0x0000000088800000, 0x0000000088900000, 0x0000000088900000|100%|HC|  |TAMS 0x0000000088900000, 0x0000000088800000| Complete 
|  63|0x0000000088900000, 0x0000000088a00000, 0x0000000088a00000|100%|HC|  |TAMS 0x0000000088a00000, 0x0000000088900000| Complete 
|  64|0x0000000088a00000, 0x0000000088b00000, 0x0000000088b00000|100%| O|  |TAMS 0x0000000088b00000, 0x0000000088a00000| Untracked 
|  65|0x0000000088b00000, 0x0000000088c00000, 0x0000000088c00000|100%| O|  |TAMS 0x0000000088c00000, 0x0000000088b00000| Untracked 
|  66|0x0000000088c00000, 0x0000000088d00000, 0x0000000088d00000|100%| O|  |TAMS 0x0000000088d00000, 0x0000000088c00000| Untracked 
|  67|0x0000000088d00000, 0x0000000088e00000, 0x0000000088e00000|100%| O|  |TAMS 0x0000000088e00000, 0x0000000088d00000| Untracked 
|  68|0x0000000088e00000, 0x0000000088f00000, 0x0000000088f00000|100%| O|  |TAMS 0x0000000088f00000, 0x0000000088e00000| Untracked 
|  69|0x0000000088f00000, 0x0000000089000000, 0x0000000089000000|100%| O|  |TAMS 0x0000000089000000, 0x0000000088f00000| Untracked 
|  70|0x0000000089000000, 0x0000000089100000, 0x0000000089100000|100%| O|  |TAMS 0x0000000089100000, 0x0000000089000000| Untracked 
|  71|0x0000000089100000, 0x0000000089200000, 0x0000000089200000|100%| O|  |TAMS 0x0000000089200000, 0x0000000089100000| Untracked 
|  72|0x0000000089200000, 0x0000000089300000, 0x0000000089300000|100%| O|  |TAMS 0x0000000089300000, 0x0000000089200000| Untracked 
|  73|0x0000000089300000, 0x0000000089400000, 0x0000000089400000|100%| O|  |TAMS 0x0000000089400000, 0x0000000089300000| Untracked 
|  74|0x0000000089400000, 0x0000000089500000, 0x0000000089500000|100%| O|  |TAMS 0x0000000089500000, 0x0000000089400000| Untracked 
|  75|0x0000000089500000, 0x0000000089600000, 0x0000000089600000|100%| O|  |TAMS 0x0000000089600000, 0x0000000089500000| Untracked 
|  76|0x0000000089600000, 0x0000000089700000, 0x0000000089700000|100%| O|  |TAMS 0x0000000089700000, 0x0000000089600000| Untracked 
|  77|0x0000000089700000, 0x0000000089800000, 0x0000000089800000|100%| O|  |TAMS 0x0000000089800000, 0x0000000089700000| Untracked 
|  78|0x0000000089800000, 0x0000000089900000, 0x0000000089900000|100%| O|  |TAMS 0x0000000089900000, 0x0000000089800000| Untracked 
|  79|0x0000000089900000, 0x0000000089a00000, 0x0000000089a00000|100%| O|  |TAMS 0x0000000089a00000, 0x0000000089900000| Untracked 
|  80|0x0000000089a00000, 0x0000000089b00000, 0x0000000089b00000|100%| O|  |TAMS 0x0000000089b00000, 0x0000000089a00000| Untracked 
|  81|0x0000000089b00000, 0x0000000089c00000, 0x0000000089c00000|100%| O|  |TAMS 0x0000000089c00000, 0x0000000089b00000| Untracked 
|  82|0x0000000089c00000, 0x0000000089d00000, 0x0000000089d00000|100%| O|  |TAMS 0x0000000089d00000, 0x0000000089c00000| Untracked 
|  83|0x0000000089d00000, 0x0000000089e00000, 0x0000000089e00000|100%| O|  |TAMS 0x0000000089e00000, 0x0000000089d00000| Untracked 
|  84|0x0000000089e00000, 0x0000000089f00000, 0x0000000089f00000|100%| O|  |TAMS 0x0000000089f00000, 0x0000000089e00000| Untracked 
|  85|0x0000000089f00000, 0x000000008a000000, 0x000000008a000000|100%| O|  |TAMS 0x000000008a000000, 0x0000000089f00000| Untracked 
|  86|0x000000008a000000, 0x000000008a100000, 0x000000008a100000|100%| O|  |TAMS 0x000000008a100000, 0x000000008a000000| Untracked 
|  87|0x000000008a100000, 0x000000008a200000, 0x000000008a200000|100%| O|  |TAMS 0x000000008a200000, 0x000000008a100000| Untracked 
|  88|0x000000008a200000, 0x000000008a300000, 0x000000008a300000|100%| O|  |TAMS 0x000000008a300000, 0x000000008a200000| Untracked 
|  89|0x000000008a300000, 0x000000008a400000, 0x000000008a400000|100%| O|  |TAMS 0x000000008a400000, 0x000000008a300000| Untracked 
|  90|0x000000008a400000, 0x000000008a500000, 0x000000008a500000|100%| O|  |TAMS 0x000000008a500000, 0x000000008a400000| Untracked 
|  91|0x000000008a500000, 0x000000008a600000, 0x000000008a600000|100%| O|  |TAMS 0x000000008a5dbc00, 0x000000008a500000| Untracked 
|  92|0x000000008a600000, 0x000000008a622800, 0x000000008a700000| 13%| O|  |TAMS 0x000000008a600000, 0x000000008a600000| Untracked 
|  93|0x000000008a700000, 0x000000008a700000, 0x000000008a800000|  0%| F|  |TAMS 0x000000008a700000, 0x000000008a700000| Untracked 
|  94|0x000000008a800000, 0x000000008a800000, 0x000000008a900000|  0%| F|  |TAMS 0x000000008a800000, 0x000000008a800000| Untracked 
|  95|0x000000008a900000, 0x000000008aa00000, 0x000000008aa00000|100%|HS|  |TAMS 0x000000008aa00000, 0x000000008a900000| Complete 
|  96|0x000000008aa00000, 0x000000008ab00000, 0x000000008ab00000|100%|HS|  |TAMS 0x000000008ab00000, 0x000000008aa00000| Complete 
|  97|0x000000008ab00000, 0x000000008ac00000, 0x000000008ac00000|100%|HC|  |TAMS 0x000000008ac00000, 0x000000008ab00000| Complete 
|  98|0x000000008ac00000, 0x000000008ad00000, 0x000000008ad00000|100%|HC|  |TAMS 0x000000008ad00000, 0x000000008ac00000| Complete 
|  99|0x000000008ad00000, 0x000000008ae00000, 0x000000008ae00000|100%|HS|  |TAMS 0x000000008ae00000, 0x000000008ad00000| Complete 
| 100|0x000000008ae00000, 0x000000008af00000, 0x000000008af00000|100%|HC|  |TAMS 0x000000008af00000, 0x000000008ae00000| Complete 
| 101|0x000000008af00000, 0x000000008b000000, 0x000000008b000000|100%|HC|  |TAMS 0x000000008b000000, 0x000000008af00000| Complete 
| 102|0x000000008b000000, 0x000000008b100000, 0x000000008b100000|100%|HC|  |TAMS 0x000000008b100000, 0x000000008b000000| Complete 
| 103|0x000000008b100000, 0x000000008b200000, 0x000000008b200000|100%|HC|  |TAMS 0x000000008b200000, 0x000000008b100000| Complete 
| 104|0x000000008b200000, 0x000000008b300000, 0x000000008b300000|100%|HC|  |TAMS 0x000000008b300000, 0x000000008b200000| Complete 
| 105|0x000000008b300000, 0x000000008b400000, 0x000000008b400000|100%|HC|  |TAMS 0x000000008b400000, 0x000000008b300000| Complete 
| 106|0x000000008b400000, 0x000000008b500000, 0x000000008b500000|100%|HC|  |TAMS 0x000000008b500000, 0x000000008b400000| Complete 
| 107|0x000000008b500000, 0x000000008b500000, 0x000000008b600000|  0%| F|  |TAMS 0x000000008b500000, 0x000000008b500000| Untracked 
| 108|0x000000008b600000, 0x000000008b600000, 0x000000008b700000|  0%| F|  |TAMS 0x000000008b600000, 0x000000008b600000| Untracked 
| 109|0x000000008b700000, 0x000000008b700000, 0x000000008b800000|  0%| F|  |TAMS 0x000000008b700000, 0x000000008b700000| Untracked 
| 110|0x000000008b800000, 0x000000008b800000, 0x000000008b900000|  0%| F|  |TAMS 0x000000008b800000, 0x000000008b800000| Untracked 
| 111|0x000000008b900000, 0x000000008b900000, 0x000000008ba00000|  0%| F|  |TAMS 0x000000008b900000, 0x000000008b900000| Untracked 
| 112|0x000000008ba00000, 0x000000008ba00000, 0x000000008bb00000|  0%| F|  |TAMS 0x000000008ba00000, 0x000000008ba00000| Untracked 
| 113|0x000000008bb00000, 0x000000008bb00000, 0x000000008bc00000|  0%| F|  |TAMS 0x000000008bb00000, 0x000000008bb00000| Untracked 
| 114|0x000000008bc00000, 0x000000008bc00000, 0x000000008bd00000|  0%| F|  |TAMS 0x000000008bc00000, 0x000000008bc00000| Untracked 
| 115|0x000000008bd00000, 0x000000008bd00000, 0x000000008be00000|  0%| F|  |TAMS 0x000000008bd00000, 0x000000008bd00000| Untracked 
| 116|0x000000008be00000, 0x000000008be00000, 0x000000008bf00000|  0%| F|  |TAMS 0x000000008be00000, 0x000000008be00000| Untracked 
| 117|0x000000008bf00000, 0x000000008bf00000, 0x000000008c000000|  0%| F|  |TAMS 0x000000008bf00000, 0x000000008bf00000| Untracked 
| 118|0x000000008c000000, 0x000000008c000000, 0x000000008c100000|  0%| F|  |TAMS 0x000000008c000000, 0x000000008c000000| Untracked 
| 119|0x000000008c100000, 0x000000008c100000, 0x000000008c200000|  0%| F|  |TAMS 0x000000008c100000, 0x000000008c100000| Untracked 
| 120|0x000000008c200000, 0x000000008c200000, 0x000000008c300000|  0%| F|  |TAMS 0x000000008c200000, 0x000000008c200000| Untracked 
| 121|0x000000008c300000, 0x000000008c300000, 0x000000008c400000|  0%| F|  |TAMS 0x000000008c300000, 0x000000008c300000| Untracked 
| 122|0x000000008c400000, 0x000000008c400000, 0x000000008c500000|  0%| F|  |TAMS 0x000000008c400000, 0x000000008c400000| Untracked 
| 123|0x000000008c500000, 0x000000008c528380, 0x000000008c600000| 15%| S|CS|TAMS 0x000000008c500000, 0x000000008c500000| Complete 
| 124|0x000000008c600000, 0x000000008c600000, 0x000000008c700000|  0%| F|  |TAMS 0x000000008c600000, 0x000000008c600000| Untracked 
| 125|0x000000008c700000, 0x000000008c700000, 0x000000008c800000|  0%| F|  |TAMS 0x000000008c700000, 0x000000008c700000| Untracked 
| 126|0x000000008c800000, 0x000000008c900000, 0x000000008c900000|100%| S|CS|TAMS 0x000000008c800000, 0x000000008c800000| Complete 
| 127|0x000000008c900000, 0x000000008c900000, 0x000000008ca00000|  0%| F|  |TAMS 0x000000008c900000, 0x000000008c900000| Untracked 
| 128|0x000000008ca00000, 0x000000008ca00000, 0x000000008cb00000|  0%| F|  |TAMS 0x000000008ca00000, 0x000000008ca00000| Untracked 
| 129|0x000000008cb00000, 0x000000008cb00000, 0x000000008cc00000|  0%| F|  |TAMS 0x000000008cb00000, 0x000000008cb00000| Untracked 
| 130|0x000000008cc00000, 0x000000008cc00000, 0x000000008cd00000|  0%| F|  |TAMS 0x000000008cc00000, 0x000000008cc00000| Untracked 
| 131|0x000000008cd00000, 0x000000008cd00000, 0x000000008ce00000|  0%| F|  |TAMS 0x000000008cd00000, 0x000000008cd00000| Untracked 
| 132|0x000000008ce00000, 0x000000008ce00000, 0x000000008cf00000|  0%| F|  |TAMS 0x000000008ce00000, 0x000000008ce00000| Untracked 
| 133|0x000000008cf00000, 0x000000008cf00000, 0x000000008d000000|  0%| F|  |TAMS 0x000000008cf00000, 0x000000008cf00000| Untracked 
| 134|0x000000008d000000, 0x000000008d000000, 0x000000008d100000|  0%| F|  |TAMS 0x000000008d000000, 0x000000008d000000| Untracked 
| 135|0x000000008d100000, 0x000000008d100000, 0x000000008d200000|  0%| F|  |TAMS 0x000000008d100000, 0x000000008d100000| Untracked 
| 136|0x000000008d200000, 0x000000008d200000, 0x000000008d300000|  0%| F|  |TAMS 0x000000008d200000, 0x000000008d200000| Untracked 
| 137|0x000000008d300000, 0x000000008d300000, 0x000000008d400000|  0%| F|  |TAMS 0x000000008d300000, 0x000000008d300000| Untracked 
| 138|0x000000008d400000, 0x000000008d400000, 0x000000008d500000|  0%| F|  |TAMS 0x000000008d400000, 0x000000008d400000| Untracked 
| 139|0x000000008d500000, 0x000000008d500000, 0x000000008d600000|  0%| F|  |TAMS 0x000000008d500000, 0x000000008d500000| Untracked 
| 140|0x000000008d600000, 0x000000008d600000, 0x000000008d700000|  0%| F|  |TAMS 0x000000008d600000, 0x000000008d600000| Untracked 
| 141|0x000000008d700000, 0x000000008d700000, 0x000000008d800000|  0%| F|  |TAMS 0x000000008d700000, 0x000000008d700000| Untracked 
| 142|0x000000008d800000, 0x000000008d800000, 0x000000008d900000|  0%| F|  |TAMS 0x000000008d800000, 0x000000008d800000| Untracked 
| 143|0x000000008d900000, 0x000000008d900000, 0x000000008da00000|  0%| F|  |TAMS 0x000000008d900000, 0x000000008d900000| Untracked 
| 144|0x000000008da00000, 0x000000008da00000, 0x000000008db00000|  0%| F|  |TAMS 0x000000008da00000, 0x000000008da00000| Untracked 
| 145|0x000000008db00000, 0x000000008db00000, 0x000000008dc00000|  0%| F|  |TAMS 0x000000008db00000, 0x000000008db00000| Untracked 
| 146|0x000000008dc00000, 0x000000008dc4ab38, 0x000000008dd00000| 29%| E|  |TAMS 0x000000008dc00000, 0x000000008dc00000| Complete 
| 147|0x000000008dd00000, 0x000000008de00000, 0x000000008de00000|100%| E|CS|TAMS 0x000000008dd00000, 0x000000008dd00000| Complete 
| 148|0x000000008de00000, 0x000000008df00000, 0x000000008df00000|100%| E|  |TAMS 0x000000008de00000, 0x000000008de00000| Complete 
| 149|0x000000008df00000, 0x000000008e000000, 0x000000008e000000|100%| E|CS|TAMS 0x000000008df00000, 0x000000008df00000| Complete 
| 150|0x000000008e000000, 0x000000008e100000, 0x000000008e100000|100%| E|CS|TAMS 0x000000008e000000, 0x000000008e000000| Complete 
| 151|0x000000008e100000, 0x000000008e200000, 0x000000008e200000|100%| E|CS|TAMS 0x000000008e100000, 0x000000008e100000| Complete 
| 152|0x000000008e200000, 0x000000008e300000, 0x000000008e300000|100%| E|CS|TAMS 0x000000008e200000, 0x000000008e200000| Complete 
| 153|0x000000008e300000, 0x000000008e400000, 0x000000008e400000|100%| E|CS|TAMS 0x000000008e300000, 0x000000008e300000| Complete 
| 154|0x000000008e400000, 0x000000008e500000, 0x000000008e500000|100%| E|CS|TAMS 0x000000008e400000, 0x000000008e400000| Complete 
| 155|0x000000008e500000, 0x000000008e600000, 0x000000008e600000|100%| E|CS|TAMS 0x000000008e500000, 0x000000008e500000| Complete 
| 156|0x000000008e600000, 0x000000008e700000, 0x000000008e700000|100%| E|CS|TAMS 0x000000008e600000, 0x000000008e600000| Complete 
| 157|0x000000008e700000, 0x000000008e800000, 0x000000008e800000|100%| E|CS|TAMS 0x000000008e700000, 0x000000008e700000| Complete 
| 158|0x000000008e800000, 0x000000008e900000, 0x000000008e900000|100%| E|CS|TAMS 0x000000008e800000, 0x000000008e800000| Complete 
| 159|0x000000008e900000, 0x000000008ea00000, 0x000000008ea00000|100%| E|CS|TAMS 0x000000008e900000, 0x000000008e900000| Complete 
| 160|0x000000008ea00000, 0x000000008eb00000, 0x000000008eb00000|100%| E|CS|TAMS 0x000000008ea00000, 0x000000008ea00000| Complete 
| 161|0x000000008eb00000, 0x000000008ec00000, 0x000000008ec00000|100%| E|CS|TAMS 0x000000008eb00000, 0x000000008eb00000| Complete 
| 162|0x000000008ec00000, 0x000000008ed00000, 0x000000008ed00000|100%| E|CS|TAMS 0x000000008ec00000, 0x000000008ec00000| Complete 
| 163|0x000000008ed00000, 0x000000008ee00000, 0x000000008ee00000|100%| E|CS|TAMS 0x000000008ed00000, 0x000000008ed00000| Complete 
| 164|0x000000008ee00000, 0x000000008ef00000, 0x000000008ef00000|100%| E|CS|TAMS 0x000000008ee00000, 0x000000008ee00000| Complete 
| 165|0x000000008ef00000, 0x000000008f000000, 0x000000008f000000|100%| E|CS|TAMS 0x000000008ef00000, 0x000000008ef00000| Complete 
| 166|0x000000008f000000, 0x000000008f100000, 0x000000008f100000|100%| E|CS|TAMS 0x000000008f000000, 0x000000008f000000| Complete 
| 167|0x000000008f100000, 0x000000008f200000, 0x000000008f200000|100%| E|CS|TAMS 0x000000008f100000, 0x000000008f100000| Complete 
| 168|0x000000008f200000, 0x000000008f300000, 0x000000008f300000|100%| E|CS|TAMS 0x000000008f200000, 0x000000008f200000| Complete 
| 169|0x000000008f300000, 0x000000008f400000, 0x000000008f400000|100%| E|CS|TAMS 0x000000008f300000, 0x000000008f300000| Complete 
| 170|0x000000008f400000, 0x000000008f500000, 0x000000008f500000|100%| E|CS|TAMS 0x000000008f400000, 0x000000008f400000| Complete 
| 171|0x000000008f500000, 0x000000008f600000, 0x000000008f600000|100%| E|CS|TAMS 0x000000008f500000, 0x000000008f500000| Complete 
| 172|0x000000008f600000, 0x000000008f700000, 0x000000008f700000|100%| E|CS|TAMS 0x000000008f600000, 0x000000008f600000| Complete 
| 173|0x000000008f700000, 0x000000008f800000, 0x000000008f800000|100%| E|CS|TAMS 0x000000008f700000, 0x000000008f700000| Complete 
| 174|0x000000008f800000, 0x000000008f900000, 0x000000008f900000|100%| E|CS|TAMS 0x000000008f800000, 0x000000008f800000| Complete 
| 175|0x000000008f900000, 0x000000008fa00000, 0x000000008fa00000|100%| E|CS|TAMS 0x000000008f900000, 0x000000008f900000| Complete 
| 176|0x000000008fa00000, 0x000000008fb00000, 0x000000008fb00000|100%| E|CS|TAMS 0x000000008fa00000, 0x000000008fa00000| Complete 
| 177|0x000000008fb00000, 0x000000008fc00000, 0x000000008fc00000|100%| E|CS|TAMS 0x000000008fb00000, 0x000000008fb00000| Complete 
| 178|0x000000008fc00000, 0x000000008fd00000, 0x000000008fd00000|100%| E|CS|TAMS 0x000000008fc00000, 0x000000008fc00000| Complete 
| 179|0x000000008fd00000, 0x000000008fe00000, 0x000000008fe00000|100%| E|CS|TAMS 0x000000008fd00000, 0x000000008fd00000| Complete 
| 180|0x000000008fe00000, 0x000000008ff00000, 0x000000008ff00000|100%| E|CS|TAMS 0x000000008fe00000, 0x000000008fe00000| Complete 
| 181|0x000000008ff00000, 0x0000000090000000, 0x0000000090000000|100%| E|CS|TAMS 0x000000008ff00000, 0x000000008ff00000| Complete 
| 182|0x0000000090000000, 0x0000000090100000, 0x0000000090100000|100%| E|CS|TAMS 0x0000000090000000, 0x0000000090000000| Complete 
| 183|0x0000000090100000, 0x0000000090200000, 0x0000000090200000|100%| E|CS|TAMS 0x0000000090100000, 0x0000000090100000| Complete 
| 184|0x0000000090200000, 0x0000000090300000, 0x0000000090300000|100%| E|CS|TAMS 0x0000000090200000, 0x0000000090200000| Complete 

Card table byte_map: [0x000001c2c2c10000,0x000001c2c2ff0000] _byte_map_base: 0x000001c2c27eb000

Marking Bits (Prev, Next): (CMBitMap*) 0x000001c2aabc5ff0, (CMBitMap*) 0x000001c2aabc5fb0
 Prev Bits: [0x000001c2c52b0000, 0x000001c2c7188000)
 Next Bits: [0x000001c2c33d0000, 0x000001c2c52a8000)

Polling page: 0x000001c2a9380000

Metaspace:

Usage:
  Non-class:     42.50 MB capacity,    42.30 MB (>99%) used,   155.65 KB ( <1%) free+waste,    53.75 KB ( <1%) overhead. 
      Class:      6.38 MB capacity,     6.28 MB ( 98%) used,    86.08 KB (  1%) free+waste,    19.44 KB ( <1%) overhead. 
       Both:     48.88 MB capacity,    48.57 MB (>99%) used,   241.73 KB ( <1%) free+waste,    73.19 KB ( <1%) overhead. 

Virtual space:
  Non-class space:       44.00 MB reserved,      43.00 MB ( 98%) committed 
      Class space:        1.00 GB reserved,       6.50 MB ( <1%) committed 
             Both:        1.04 GB reserved,      49.50 MB (  5%) committed 

Chunk freelists:
   Non-Class:  512.00 KB
       Class:  26.00 KB
        Both:  538.00 KB

MaxMetaspaceSize: 17179869184.00 GB
CompressedClassSpaceSize: 1.00 GB

CodeHeap 'non-profiled nmethods': size=120000Kb used=6396Kb max_used=6396Kb free=113603Kb
 bounds [0x000001c2ba890000, 0x000001c2baed0000, 0x000001c2c1dc0000]
CodeHeap 'profiled nmethods': size=120000Kb used=14315Kb max_used=14315Kb free=105684Kb
 bounds [0x000001c2b3360000, 0x000001c2b4160000, 0x000001c2ba890000]
CodeHeap 'non-nmethods': size=5760Kb used=1535Kb max_used=1582Kb free=4225Kb
 bounds [0x000001c2b2dc0000, 0x000001c2b3030000, 0x000001c2b3360000]
 total_blobs=8007 nmethods=7131 adapters=786
 compilation: enabled
              stopped_count=0, restarted_count=0
 full_count=0

Compilation events (20 events):
Event: 128.768 Thread 0x000001c2ca5c6440 8574       4       java.lang.invoke.MethodHandleNatives::refKindIsField (32 bytes)
Event: 128.768 Thread 0x000001c2ca5c6440 nmethod 8574 0x000001c2baece190 code [0x000001c2baece300, 0x000001c2baece358]
Event: 128.771 Thread 0x000001c2ca5c9430 8577       3       sun.awt.windows.WComponentPeer::layout (1 bytes)
Event: 128.772 Thread 0x000001c2ca5c9430 nmethod 8577 0x000001c2b4159410 code [0x000001c2b41595a0, 0x000001c2b4159698]
Event: 128.791 Thread 0x000001c2ca5c6440 8578       4       java.lang.Module::isNamed (13 bytes)
Event: 128.791 Thread 0x000001c2ca5c9430 8579       3       java.lang.invoke.DirectMethodHandle$Holder::invokeStatic (20 bytes)
Event: 128.791 Thread 0x000001c2ca5c9430 nmethod 8579 0x000001c2b4159710 code [0x000001c2b41598e0, 0x000001c2b4159e78]
Event: 128.791 Thread 0x000001c2ca5c9430 8580       3       java.lang.invoke.BoundMethodHandle$Species_LL::make (12 bytes)
Event: 128.791 Thread 0x000001c2ca5c6440 nmethod 8578 0x000001c2baece790 code [0x000001c2baece900, 0x000001c2baece978]
Event: 128.791 Thread 0x000001c2ca5c9430 nmethod 8580 0x000001c2b4159f90 code [0x000001c2b415a140, 0x000001c2b415a408]
Event: 128.791 Thread 0x000001c2ca5c9430 8582       3       jdk.internal.org.objectweb.asm.Frame::getInputStackSize (6 bytes)
Event: 128.792 Thread 0x000001c2ca5c9430 nmethod 8582 0x000001c2b415a510 code [0x000001c2b415a6a0, 0x000001c2b415a7b8]
Event: 128.809 Thread 0x000001c2ca5c6440 8583       4       java.security.AccessController::doPrivileged (9 bytes)
Event: 128.810 Thread 0x000001c2ca5c6440 nmethod 8583 0x000001c2baecea90 code [0x000001c2baecec20, 0x000001c2baececa8]
Event: 128.815 Thread 0x000001c2ca5c9430 8584       3       java.util.logging.LogManager$LoggerContext::requiresDefaultLoggers (29 bytes)
Event: 128.815 Thread 0x000001c2ca5c9430 nmethod 8584 0x000001c2b415a890 code [0x000001c2b415aa40, 0x000001c2b415ac48]
Event: 128.847 Thread 0x000001c2ca5c6440 8585       4       java.lang.invoke.LambdaForm::uncustomize (57 bytes)
Event: 128.847 Thread 0x000001c2ca5c6440 nmethod 8585 0x000001c2baeced90 code [0x000001c2baecef00, 0x000001c2baecef78]
Event: 128.865 Thread 0x000001c2ca5c6440 8586       4       java.awt.Component::repaint (11 bytes)
Event: 128.865 Thread 0x000001c2ca5c6440 nmethod 8586 0x000001c2baecf090 code [0x000001c2baecf200, 0x000001c2baecf298]

GC Heap History (20 events):
Event: 82.420 GC heap before
{Heap before GC invocations=60 (full 0):
 garbage-first heap   total 189440K, used 166516K [0x0000000084a00000, 0x0000000100000000)
  region size 1024K, 60 young (61440K), 2 survivors (2048K)
 Metaspace       used 48413K, capacity 48761K, committed 49408K, reserved 1091584K
  class space    used 6236K, capacity 6340K, committed 6400K, reserved 1048576K
}
Event: 82.421 GC heap after
{Heap after GC invocations=61 (full 0):
 garbage-first heap   total 189440K, used 107140K [0x0000000084a00000, 0x0000000100000000)
  region size 1024K, 2 young (2048K), 2 survivors (2048K)
 Metaspace       used 48413K, capacity 48761K, committed 49408K, reserved 1091584K
  class space    used 6236K, capacity 6340K, committed 6400K, reserved 1048576K
}
Event: 84.966 GC heap before
{Heap before GC invocations=62 (full 0):
 garbage-first heap   total 189440K, used 165508K [0x0000000084a00000, 0x0000000100000000)
  region size 1024K, 60 young (61440K), 2 survivors (2048K)
 Metaspace       used 48415K, capacity 48761K, committed 49408K, reserved 1091584K
  class space    used 6236K, capacity 6340K, committed 6400K, reserved 1048576K
}
Event: 84.967 GC heap after
{Heap after GC invocations=63 (full 0):
 garbage-first heap   total 189440K, used 107243K [0x0000000084a00000, 0x0000000100000000)
  region size 1024K, 2 young (2048K), 2 survivors (2048K)
 Metaspace       used 48415K, capacity 48761K, committed 49408K, reserved 1091584K
  class space    used 6236K, capacity 6340K, committed 6400K, reserved 1048576K
}
Event: 86.608 GC heap before
{Heap before GC invocations=63 (full 0):
 garbage-first heap   total 189440K, used 166635K [0x0000000084a00000, 0x0000000100000000)
  region size 1024K, 60 young (61440K), 2 survivors (2048K)
 Metaspace       used 48422K, capacity 48761K, committed 49408K, reserved 1091584K
  class space    used 6236K, capacity 6340K, committed 6400K, reserved 1048576K
}
Event: 86.609 GC heap after
{Heap after GC invocations=64 (full 0):
 garbage-first heap   total 189440K, used 107317K [0x0000000084a00000, 0x0000000100000000)
  region size 1024K, 2 young (2048K), 2 survivors (2048K)
 Metaspace       used 48422K, capacity 48761K, committed 49408K, reserved 1091584K
  class space    used 6236K, capacity 6340K, committed 6400K, reserved 1048576K
}
Event: 87.501 GC heap before
{Heap before GC invocations=65 (full 0):
 garbage-first heap   total 189440K, used 166709K [0x0000000084a00000, 0x0000000100000000)
  region size 1024K, 60 young (61440K), 2 survivors (2048K)
 Metaspace       used 48426K, capacity 48761K, committed 49408K, reserved 1091584K
  class space    used 6236K, capacity 6340K, committed 6400K, reserved 1048576K
}
Event: 87.503 GC heap after
{Heap after GC invocations=66 (full 0):
 garbage-first heap   total 189440K, used 107405K [0x0000000084a00000, 0x0000000100000000)
  region size 1024K, 2 young (2048K), 2 survivors (2048K)
 Metaspace       used 48426K, capacity 48761K, committed 49408K, reserved 1091584K
  class space    used 6236K, capacity 6340K, committed 6400K, reserved 1048576K
}
Event: 88.204 GC heap before
{Heap before GC invocations=66 (full 0):
 garbage-first heap   total 189440K, used 166797K [0x0000000084a00000, 0x0000000100000000)
  region size 1024K, 60 young (61440K), 2 survivors (2048K)
 Metaspace       used 48449K, capacity 48761K, committed 49408K, reserved 1091584K
  class space    used 6236K, capacity 6340K, committed 6400K, reserved 1048576K
}
Event: 88.206 GC heap after
{Heap after GC invocations=67 (full 0):
 garbage-first heap   total 189440K, used 107385K [0x0000000084a00000, 0x0000000100000000)
  region size 1024K, 2 young (2048K), 2 survivors (2048K)
 Metaspace       used 48449K, capacity 48761K, committed 49408K, reserved 1091584K
  class space    used 6236K, capacity 6340K, committed 6400K, reserved 1048576K
}
Event: 88.790 GC heap before
{Heap before GC invocations=68 (full 0):
 garbage-first heap   total 189440K, used 166777K [0x0000000084a00000, 0x0000000100000000)
  region size 1024K, 60 young (61440K), 2 survivors (2048K)
 Metaspace       used 48449K, capacity 48761K, committed 49408K, reserved 1091584K
  class space    used 6236K, capacity 6340K, committed 6400K, reserved 1048576K
}
Event: 88.792 GC heap after
{Heap after GC invocations=69 (full 0):
 garbage-first heap   total 189440K, used 107446K [0x0000000084a00000, 0x0000000100000000)
  region size 1024K, 2 young (2048K), 2 survivors (2048K)
 Metaspace       used 48449K, capacity 48761K, committed 49408K, reserved 1091584K
  class space    used 6236K, capacity 6340K, committed 6400K, reserved 1048576K
}
Event: 89.368 GC heap before
{Heap before GC invocations=69 (full 0):
 garbage-first heap   total 189440K, used 166838K [0x0000000084a00000, 0x0000000100000000)
  region size 1024K, 60 young (61440K), 2 survivors (2048K)
 Metaspace       used 48453K, capacity 48761K, committed 49408K, reserved 1091584K
  class space    used 6236K, capacity 6340K, committed 6400K, reserved 1048576K
}
Event: 89.371 GC heap after
{Heap after GC invocations=70 (full 0):
 garbage-first heap   total 189440K, used 107468K [0x0000000084a00000, 0x0000000100000000)
  region size 1024K, 2 young (2048K), 2 survivors (2048K)
 Metaspace       used 48453K, capacity 48761K, committed 49408K, reserved 1091584K
  class space    used 6236K, capacity 6340K, committed 6400K, reserved 1048576K
}
Event: 90.172 GC heap before
{Heap before GC invocations=71 (full 0):
 garbage-first heap   total 189440K, used 166860K [0x0000000084a00000, 0x0000000100000000)
  region size 1024K, 60 young (61440K), 2 survivors (2048K)
 Metaspace       used 48459K, capacity 48761K, committed 49408K, reserved 1091584K
  class space    used 6236K, capacity 6340K, committed 6400K, reserved 1048576K
}
Event: 90.173 GC heap after
{Heap after GC invocations=72 (full 0):
 garbage-first heap   total 189440K, used 107528K [0x0000000084a00000, 0x0000000100000000)
  region size 1024K, 2 young (2048K), 2 survivors (2048K)
 Metaspace       used 48459K, capacity 48761K, committed 49408K, reserved 1091584K
  class space    used 6236K, capacity 6340K, committed 6400K, reserved 1048576K
}
Event: 90.853 GC heap before
{Heap before GC invocations=72 (full 0):
 garbage-first heap   total 189440K, used 166920K [0x0000000084a00000, 0x0000000100000000)
  region size 1024K, 60 young (61440K), 2 survivors (2048K)
 Metaspace       used 48459K, capacity 48761K, committed 49408K, reserved 1091584K
  class space    used 6236K, capacity 6340K, committed 6400K, reserved 1048576K
}
Event: 90.855 GC heap after
{Heap after GC invocations=73 (full 0):
 garbage-first heap   total 189440K, used 107538K [0x0000000084a00000, 0x0000000100000000)
  region size 1024K, 2 young (2048K), 2 survivors (2048K)
 Metaspace       used 48459K, capacity 48761K, committed 49408K, reserved 1091584K
  class space    used 6236K, capacity 6340K, committed 6400K, reserved 1048576K
}
Event: 92.613 GC heap before
{Heap before GC invocations=74 (full 0):
 garbage-first heap   total 189440K, used 166930K [0x0000000084a00000, 0x0000000100000000)
  region size 1024K, 60 young (61440K), 2 survivors (2048K)
 Metaspace       used 48461K, capacity 48761K, committed 49408K, reserved 1091584K
  class space    used 6236K, capacity 6340K, committed 6400K, reserved 1048576K
}
Event: 92.616 GC heap after
{Heap after GC invocations=75 (full 0):
 garbage-first heap   total 189440K, used 107649K [0x0000000084a00000, 0x0000000100000000)
  region size 1024K, 2 young (2048K), 2 survivors (2048K)
 Metaspace       used 48461K, capacity 48761K, committed 49408K, reserved 1091584K
  class space    used 6236K, capacity 6340K, committed 6400K, reserved 1048576K
}

Deoptimization events (20 events):
Event: 128.740 Thread 0x000001c2cb185a60 Uncommon trap: trap_request=0xffffffc6 fr.pc=0x000001c2bae032fc relative=0x00000000000042dc
Event: 128.740 Thread 0x000001c2cb185a60 Uncommon trap: reason=bimorphic_or_optimized_type_check action=maybe_recompile pc=0x000001c2bae032fc method=java.awt.Container.createChildHierarchyEvents(IJZ)V @ 63 c2
Event: 128.740 Thread 0x000001c2cb185a60 DEOPT PACKING pc=0x000001c2bae032fc sp=0x00000008f75fe1c0
Event: 128.740 Thread 0x000001c2cb185a60 DEOPT UNPACKING pc=0x000001c2b2dc852f sp=0x00000008f75fe0f0 mode 2
Event: 128.740 Thread 0x000001c2cb185a60 Uncommon trap: trap_request=0xffffffc6 fr.pc=0x000001c2bae032fc relative=0x00000000000042dc
Event: 128.740 Thread 0x000001c2cb185a60 Uncommon trap: reason=bimorphic_or_optimized_type_check action=maybe_recompile pc=0x000001c2bae032fc method=java.awt.Container.createChildHierarchyEvents(IJZ)V @ 63 c2
Event: 128.740 Thread 0x000001c2cb185a60 DEOPT PACKING pc=0x000001c2bae032fc sp=0x00000008f75fe1c0
Event: 128.740 Thread 0x000001c2cb185a60 DEOPT UNPACKING pc=0x000001c2b2dc852f sp=0x00000008f75fe0f0 mode 2
Event: 128.740 Thread 0x000001c2cb185a60 Uncommon trap: trap_request=0xffffffc6 fr.pc=0x000001c2bae032fc relative=0x00000000000042dc
Event: 128.740 Thread 0x000001c2cb185a60 Uncommon trap: reason=bimorphic_or_optimized_type_check action=maybe_recompile pc=0x000001c2bae032fc method=java.awt.Container.createChildHierarchyEvents(IJZ)V @ 63 c2
Event: 128.740 Thread 0x000001c2cb185a60 DEOPT PACKING pc=0x000001c2bae032fc sp=0x00000008f75fe100
Event: 128.740 Thread 0x000001c2cb185a60 DEOPT UNPACKING pc=0x000001c2b2dc852f sp=0x00000008f75fe030 mode 2
Event: 128.772 Thread 0x000001c2cb185a60 Uncommon trap: trap_request=0xffffff45 fr.pc=0x000001c2bae1f25c relative=0x00000000000002bc
Event: 128.772 Thread 0x000001c2cb185a60 Uncommon trap: reason=unstable_if action=reinterpret pc=0x000001c2bae1f25c method=java.awt.Component.eventTypeEnabled(I)Z @ 228 c2
Event: 128.772 Thread 0x000001c2cb185a60 DEOPT PACKING pc=0x000001c2bae1f25c sp=0x00000008f75fee50
Event: 128.772 Thread 0x000001c2cb185a60 DEOPT UNPACKING pc=0x000001c2b2dc852f sp=0x00000008f75fede0 mode 2
Event: 128.774 Thread 0x000001c2cb185a60 Uncommon trap: trap_request=0xffffff45 fr.pc=0x000001c2baec81a4 relative=0x0000000000000104
Event: 128.774 Thread 0x000001c2cb185a60 Uncommon trap: reason=unstable_if action=reinterpret pc=0x000001c2baec81a4 method=java.awt.Component.processMouseMotionEvent(Ljava/awt/event/MouseEvent;)V @ 6 c2
Event: 128.774 Thread 0x000001c2cb185a60 DEOPT PACKING pc=0x000001c2baec81a4 sp=0x00000008f75fec20
Event: 128.774 Thread 0x000001c2cb185a60 DEOPT UNPACKING pc=0x000001c2b2dc852f sp=0x00000008f75feb40 mode 2

Classes unloaded (0 events):
No events

Classes redefined (0 events):
No events

Internal exceptions (20 events):
Event: 14.405 Thread 0x000001c2cb185a60 Exception <a 'java/lang/NoSuchMethodError'{0x0000000089eef328}: 'java.lang.Object java.lang.invoke.DirectMethodHandle$Holder.invokeStaticInit(java.lang.Object, java.lang.Object, java.lang.Object, java.lang.Object)'> (0x0000000089eef328) 
thrown [./open/src/hotspot/share/interpreter/linkResolver.cpp, line 782]
Event: 15.052 Thread 0x000001c2cfa0c9c0 Implicit null exception at 0x000001c2bab464b2 to 0x000001c2bab478f0
Event: 15.494 Thread 0x000001c2cfa0c9c0 Implicit null exception at 0x000001c2bab897cb to 0x000001c2bab8a75c
Event: 18.200 Thread 0x000001c2cb185a60 Implicit null exception at 0x000001c2baabc252 to 0x000001c2baabd6ec
Event: 18.201 Thread 0x000001c2cb185a60 Implicit null exception at 0x000001c2baba51d5 to 0x000001c2baba5f00
Event: 18.214 Thread 0x000001c2cb185a60 Implicit null exception at 0x000001c2baa16b86 to 0x000001c2baa1786c
Event: 18.214 Thread 0x000001c2cb185a60 Implicit null exception at 0x000001c2baa2ff52 to 0x000001c2baa306b4
Event: 27.811 Thread 0x000001c2cb185a60 Implicit null exception at 0x000001c2ba9ac06f to 0x000001c2ba9ad154
Event: 27.837 Thread 0x000001c2cb185a60 Implicit null exception at 0x000001c2baa81150 to 0x000001c2baa812e0
Event: 30.930 Thread 0x000001c2cb185a60 Implicit null exception at 0x000001c2bac601af to 0x000001c2bac602a4
Event: 31.425 Thread 0x000001c2cfa111f0 Implicit null exception at 0x000001c2ba8e7e2c to 0x000001c2ba8e8094
Event: 31.433 Thread 0x000001c2cb185a60 Implicit null exception at 0x000001c2bab5256d to 0x000001c2bab53844
Event: 31.443 Thread 0x000001c2cb185a60 Implicit null exception at 0x000001c2bab44791 to 0x000001c2bab4482c
Event: 39.775 Thread 0x000001c2cfa116c0 Implicit null exception at 0x000001c2bad81345 to 0x000001c2bad81a70
Event: 42.225 Thread 0x000001c2cb185a60 Implicit null exception at 0x000001c2baa544a7 to 0x000001c2baa559bc
Event: 120.736 Thread 0x000001c2cb185a60 Implicit null exception at 0x000001c2baba1830 to 0x000001c2baba1ba0
Event: 128.743 Thread 0x000001c2cfa0c4f0 Exception <a 'java/lang/NullPointerException'{0x000000008df9d178}> (0x000000008df9d178) 
thrown [./open/src/hotspot/share/interpreter/linkResolver.cpp, line 1374]
Event: 128.774 Thread 0x000001c2cb185a60 Implicit null exception at 0x000001c2baec80ec to 0x000001c2baec8190
Event: 128.791 Thread 0x000001c2cfa0c4f0 Exception <a 'java/lang/NoSuchMethodError'{0x000000008dec7868}: 'int java.lang.invoke.DirectMethodHandle$Holder.invokeSpecial(java.lang.Object, java.lang.Object, java.lang.Object, java.lang.Object)'> (0x000000008dec7868) 
thrown [./open/src/hotspot/share/interpreter/linkResolver.cpp, line 782]
Event: 128.898 Thread 0x000001c2cfa0c4f0 Exception <a 'java/lang/NoSuchMethodError'{0x000000008dc468f8}: fwkIsMainThread> (0x000000008dc468f8) 
thrown [./open/src/hotspot/share/prims/jni.cpp, line 1171]

Events (20 events):
Event: 128.748 loading class java/util/WeakHashMap$HashIterator
Event: 128.748 loading class java/util/WeakHashMap$HashIterator done
Event: 128.748 loading class java/util/WeakHashMap$KeyIterator done
Event: 128.808 loading class java/util/concurrent/Executors$DelegatedScheduledExecutorService
Event: 128.808 loading class java/util/concurrent/ScheduledExecutorService
Event: 128.808 loading class java/util/concurrent/ScheduledExecutorService done
Event: 128.808 loading class java/util/concurrent/Executors$DelegatedScheduledExecutorService done
Event: 128.808 loading class java/util/concurrent/ScheduledThreadPoolExecutor
Event: 128.808 loading class java/util/concurrent/ScheduledThreadPoolExecutor done
Event: 128.808 loading class java/util/concurrent/ScheduledThreadPoolExecutor$DelayedWorkQueue
Event: 128.809 loading class java/util/concurrent/ScheduledThreadPoolExecutor$DelayedWorkQueue done
Event: 128.809 loading class java/util/concurrent/RunnableScheduledFuture
Event: 128.809 loading class java/util/concurrent/ScheduledFuture
Event: 128.809 loading class java/util/concurrent/ScheduledFuture done
Event: 128.809 loading class java/util/concurrent/RunnableScheduledFuture done
Event: 128.813 loading class java/net/CookieHandler
Event: 128.814 loading class java/net/CookieHandler done
Event: 128.842 Loaded shared library C:\Program Files\BellSoft\LibericaJDK-15-Full\bin\jfxwebkit.dll
Event: 128.843 Executing VM operation: HandshakeAllThreads
Event: 128.843 Executing VM operation: HandshakeAllThreads done


Dynamic libraries:
0x00007ff767630000 - 0x00007ff76763f000 	C:\Program Files\Java\jdk-15.0.2\bin\java.exe
0x00007ffb46720000 - 0x00007ffb46985000 	C:\WINDOWS\SYSTEM32\ntdll.dll
0x00007ffb45d60000 - 0x00007ffb45e29000 	C:\WINDOWS\System32\KERNEL32.DLL
0x00007ffb43c10000 - 0x00007ffb43ff8000 	C:\WINDOWS\System32\KERNELBASE.dll
0x00007ffb44230000 - 0x00007ffb4437b000 	C:\WINDOWS\System32\ucrtbase.dll
0x00007ffb30d60000 - 0x00007ffb30d79000 	C:\Program Files\Java\jdk-15.0.2\bin\VCRUNTIME140.dll
0x00007ffb3bb70000 - 0x00007ffb3bb88000 	C:\Program Files\Java\jdk-15.0.2\bin\jli.dll
0x00007ffb44e60000 - 0x00007ffb44f13000 	C:\WINDOWS\System32\ADVAPI32.dll
0x00007ffb46630000 - 0x00007ffb466d9000 	C:\WINDOWS\System32\msvcrt.dll
0x00007ffb45550000 - 0x00007ffb455f6000 	C:\WINDOWS\System32\sechost.dll
0x00007ffb45e60000 - 0x00007ffb45f75000 	C:\WINDOWS\System32\RPCRT4.dll
0x00007ffb45330000 - 0x00007ffb454fa000 	C:\WINDOWS\System32\USER32.dll
0x00007ffb43900000 - 0x00007ffb43927000 	C:\WINDOWS\System32\win32u.dll
0x00007ffb2cf30000 - 0x00007ffb2d1ca000 	C:\WINDOWS\WinSxS\amd64_microsoft.windows.common-controls_6595b64144ccf1df_6.0.26100.4202_none_3e0698d4e335f517\COMCTL32.dll
0x00007ffb44a50000 - 0x00007ffb44a7b000 	C:\WINDOWS\System32\GDI32.dll
0x00007ffb44380000 - 0x00007ffb444b7000 	C:\WINDOWS\System32\gdi32full.dll
0x00007ffb44000000 - 0x00007ffb440a3000 	C:\WINDOWS\System32\msvcp_win.dll
0x00007ffb30c60000 - 0x00007ffb30c6b000 	C:\WINDOWS\SYSTEM32\VERSION.dll
0x00007ffb46550000 - 0x00007ffb46580000 	C:\WINDOWS\System32\IMM32.DLL
0x00007ffb32c20000 - 0x00007ffb32c2c000 	C:\Program Files\Java\jdk-15.0.2\bin\vcruntime140_1.dll
0x00007ffacd7a0000 - 0x00007ffacd831000 	C:\Program Files\Java\jdk-15.0.2\bin\msvcp140.dll
0x00007ffac7d10000 - 0x00007ffac886e000 	C:\Program Files\Java\jdk-15.0.2\bin\server\jvm.dll
0x00007ffb44ca0000 - 0x00007ffb44ca8000 	C:\WINDOWS\System32\PSAPI.DLL
0x00007ffb28d40000 - 0x00007ffb28d4a000 	C:\WINDOWS\SYSTEM32\WSOCK32.dll
0x00007ffb39020000 - 0x00007ffb39055000 	C:\WINDOWS\SYSTEM32\WINMM.dll
0x00007ffb44f20000 - 0x00007ffb44f94000 	C:\WINDOWS\System32\WS2_32.dll
0x00007ffb42630000 - 0x00007ffb4264b000 	C:\WINDOWS\SYSTEM32\kernel.appcore.dll
0x00007ffb328e0000 - 0x00007ffb328ea000 	C:\Program Files\Java\jdk-15.0.2\bin\jimage.dll
0x00007ffb41030000 - 0x00007ffb41271000 	C:\WINDOWS\SYSTEM32\DBGHELP.DLL
0x00007ffb44fa0000 - 0x00007ffb45325000 	C:\WINDOWS\System32\combase.dll
0x00007ffb46460000 - 0x00007ffb46541000 	C:\WINDOWS\System32\OLEAUT32.dll
0x00007ffb0edf0000 - 0x00007ffb0ee29000 	C:\WINDOWS\SYSTEM32\dbgcore.DLL
0x00007ffb43930000 - 0x00007ffb439c9000 	C:\WINDOWS\System32\bcryptPrimitives.dll
0x00007ffb284f0000 - 0x00007ffb28515000 	C:\Program Files\Java\jdk-15.0.2\bin\java.dll
0x00007ffb45610000 - 0x00007ffb45d52000 	C:\WINDOWS\System32\SHELL32.dll
0x00007ffb43a90000 - 0x00007ffb43c04000 	C:\WINDOWS\System32\wintypes.dll
0x00007ffb414f0000 - 0x00007ffb41d48000 	C:\WINDOWS\SYSTEM32\windows.storage.dll
0x00007ffb45fb0000 - 0x00007ffb460a1000 	C:\WINDOWS\System32\SHCORE.dll
0x00007ffb44a80000 - 0x00007ffb44aea000 	C:\WINDOWS\System32\shlwapi.dll
0x00007ffb43780000 - 0x00007ffb437af000 	C:\WINDOWS\SYSTEM32\profapi.dll
0x00007ffb30c40000 - 0x00007ffb30c59000 	C:\Program Files\Java\jdk-15.0.2\bin\net.dll
0x00007ffb333b0000 - 0x00007ffb334ce000 	C:\WINDOWS\SYSTEM32\WINHTTP.dll
0x00007ffb42ba0000 - 0x00007ffb42c0a000 	C:\WINDOWS\system32\mswsock.dll
0x00007ffb296e0000 - 0x00007ffb296f2000 	C:\Program Files\Java\jdk-15.0.2\bin\nio.dll
0x00007ffb16d70000 - 0x00007ffb16d88000 	C:\Program Files\Java\jdk-15.0.2\bin\zip.dll
0x00007ffacd840000 - 0x00007ffacd9c0000 	C:\Program Files\Java\jdk-15.0.2\bin\awt.dll
0x00007ffb402a0000 - 0x00007ffb4033e000 	C:\WINDOWS\SYSTEM32\apphelp.dll
0x00007ffb40440000 - 0x00007ffb404ef000 	C:\WINDOWS\system32\uxtheme.dll
0x00007ffb46290000 - 0x00007ffb463f0000 	C:\WINDOWS\System32\MSCTF.dll
0x00007ffb44af0000 - 0x00007ffb44c8e000 	C:\WINDOWS\System32\ole32.dll
0x00007ffb407c0000 - 0x00007ffb407f6000 	C:\WINDOWS\system32\DWMAPI.DLL
0x00007ffb0f510000 - 0x00007ffb0f5c4000 	C:\WINDOWS\WinSxS\amd64_microsoft.windows.common-controls_6595b64144ccf1df_5.82.26100.4202_none_87ee01077a2d9116\comctl32.dll
0x00007ffadc7d0000 - 0x00007ffadc855000 	C:\Program Files\Java\jdk-15.0.2\bin\freetype.dll
0x00007ffacd6f0000 - 0x00007ffacd799000 	C:\Program Files\Java\jdk-15.0.2\bin\fontmanager.dll
0x00007ffb0c6e0000 - 0x00007ffb0c7f4000 	C:\WINDOWS\system32\opengl32.dll
0x00007ffb13410000 - 0x00007ffb1343d000 	C:\WINDOWS\SYSTEM32\GLU32.dll
0x00007ffb40800000 - 0x00007ffb4084d000 	C:\WINDOWS\SYSTEM32\dxcore.dll
0x00007ffb44db0000 - 0x00007ffb44e58000 	C:\WINDOWS\System32\clbcatq.dll
0x00007ffb3bc30000 - 0x00007ffb3bd3d000 	C:\WINDOWS\SYSTEM32\PROPSYS.dll
0x00007ffb433e0000 - 0x00007ffb43437000 	C:\WINDOWS\SYSTEM32\CFGMGR32.dll
0x00007ffaa5c90000 - 0x00007ffaa5cab000 	C:\WINDOWS\system32\NetworkExplorer.dll
0x00007ffb11a40000 - 0x00007ffb11bc1000 	C:\Windows\System32\Windows.System.Launcher.dll
0x00007ffb2e410000 - 0x00007ffb2e42a000 	C:\WINDOWS\SYSTEM32\windows.staterepositorycore.dll
0x00007ffb30230000 - 0x00007ffb30251000 	C:\WINDOWS\SYSTEM32\MPR.dll
0x00007ffaa5c60000 - 0x00007ffaa5c88000 	C:\WINDOWS\System32\p9np.dll
0x00007ffb3baa0000 - 0x00007ffb3baad000 	C:\WINDOWS\System32\drprov.dll
0x00007ffaa5c40000 - 0x00007ffaa5c5d000 	C:\WINDOWS\System32\ntlanman.dll
0x00007ffaa53b0000 - 0x00007ffaa53d1000 	C:\WINDOWS\System32\davclnt.dll
0x00007ffb43470000 - 0x00007ffb434d7000 	C:\WINDOWS\System32\WINSTA.dll
0x00007ffb31570000 - 0x00007ffb3158b000 	C:\WINDOWS\System32\wkscli.dll
0x00007ffb1b940000 - 0x00007ffb1b953000 	C:\WINDOWS\SYSTEM32\cscapi.dll
0x00007ffb421c0000 - 0x00007ffb421cd000 	C:\WINDOWS\System32\netutils.dll
0x00007ffaa2570000 - 0x00007ffaa25ca000 	C:\Windows\System32\dlnashext.dll
0x00007ffacf6b0000 - 0x00007ffacf70c000 	C:\Windows\System32\PlayToDevice.dll
0x00007ffb216d0000 - 0x00007ffb216f2000 	C:\Windows\System32\DevDispItemProvider.dll
0x00007ffb2fd50000 - 0x00007ffb2fdf0000 	C:\WINDOWS\System32\MMDevApi.dll
0x00007ffb433b0000 - 0x00007ffb433dd000 	C:\WINDOWS\System32\DEVOBJ.dll
0x00007ffb42020000 - 0x00007ffb42053000 	C:\Windows\System32\IPHLPAPI.DLL
0x00007ffb46590000 - 0x00007ffb4659a000 	C:\WINDOWS\System32\NSI.dll
0x00007ffb3af00000 - 0x00007ffb3af1f000 	C:\WINDOWS\SYSTEM32\dhcpcsvc6.DLL
0x00007ffb3aea0000 - 0x00007ffb3aec5000 	C:\WINDOWS\SYSTEM32\dhcpcsvc.DLL
0x00007ffb42060000 - 0x00007ffb42187000 	C:\WINDOWS\SYSTEM32\DNSAPI.dll
0x00007ffb40560000 - 0x00007ffb4056e000 	C:\WINDOWS\SYSTEM32\WINNSI.DLL
0x00007ffb38d90000 - 0x00007ffb38df5000 	C:\WINDOWS\System32\netprofm.dll
0x00007ffb30bc0000 - 0x00007ffb30bd9000 	C:\WINDOWS\System32\npmproxy.dll
0x00007ffa9f6c0000 - 0x00007ffa9f76b000 	C:\WINDOWS\system32\wpdshext.dll
0x00007ffb20600000 - 0x00007ffb207d7000 	C:\WINDOWS\WinSxS\amd64_microsoft.windows.gdiplus_6595b64144ccf1df_1.1.26100.4202_none_6ef18bba3dc86ee5\gdiplus.dll
0x00007ffaf9660000 - 0x00007ffaf96fe000 	C:\Windows\System32\PortableDeviceApi.dll
0x00007ffb44540000 - 0x00007ffb449c6000 	C:\WINDOWS\System32\SETUPAPI.dll
0x00007ffb43870000 - 0x00007ffb438f4000 	C:\WINDOWS\System32\WINTRUST.dll
0x00007ffb440b0000 - 0x00007ffb44227000 	C:\WINDOWS\System32\CRYPT32.dll
0x00007ffb42ec0000 - 0x00007ffb42ed3000 	C:\WINDOWS\SYSTEM32\MSASN1.dll
0x00007ffac8910000 - 0x00007ffac8948000 	C:\Windows\System32\EhStorShell.dll
0x00007ffac7230000 - 0x00007ffac7255000 	C:\Windows\System32\EhStorAPI.dll
0x00007ffb40360000 - 0x00007ffb40376000 	C:\Windows\System32\WTSAPI32.dll
0x00007ffb12020000 - 0x00007ffb1202f000 	C:\WINDOWS\SYSTEM32\LINKINFO.dll
0x00007ffb31250000 - 0x00007ffb31260000 	C:\Program Files\Java\jdk-15.0.2\bin\verify.dll
0x00007ffb42e50000 - 0x00007ffb42e6b000 	C:\WINDOWS\SYSTEM32\CRYPTSP.dll
0x00007ffb42590000 - 0x00007ffb425ca000 	C:\WINDOWS\system32\rsaenh.dll
0x00007ffb42c40000 - 0x00007ffb42c6b000 	C:\WINDOWS\SYSTEM32\USERENV.dll
0x00007ffb43750000 - 0x00007ffb43776000 	C:\WINDOWS\SYSTEM32\bcrypt.dll
0x00007ffb42e70000 - 0x00007ffb42e7c000 	C:\WINDOWS\SYSTEM32\CRYPTBASE.dll
0x00007ffb3bab0000 - 0x00007ffb3babd000 	C:\Program Files\Java\jdk-15.0.2\bin\sunmscapi.dll
0x00007ffb43070000 - 0x00007ffb430a0000 	C:\WINDOWS\SYSTEM32\ncrypt.dll
0x00007ffb43020000 - 0x00007ffb4305f000 	C:\WINDOWS\SYSTEM32\NTASN1.dll
0x00007ffb3ead0000 - 0x00007ffb3ed09000 	C:\WINDOWS\SYSTEM32\WindowsCodecs.dll
0x00007ffb06e20000 - 0x00007ffb06e7a000 	C:\WINDOWS\system32\dataexchange.dll
0x00007ffb31da0000 - 0x00007ffb31fda000 	C:\WINDOWS\system32\twinapi.appcore.dll
0x000001c2d01e0000 - 0x000001c2d01e3000 	C:\Program Files\Java\jdk-15.0.2\bin\api-ms-win-core-console-l1-1-0.dll
0x000001c2d01f0000 - 0x000001c2d01f3000 	C:\Program Files\Java\jdk-15.0.2\bin\api-ms-win-core-console-l1-2-0.dll
0x000001c2d0200000 - 0x000001c2d0203000 	C:\Program Files\Java\jdk-15.0.2\bin\api-ms-win-core-datetime-l1-1-0.dll
0x000001c2d0210000 - 0x000001c2d0213000 	C:\Program Files\Java\jdk-15.0.2\bin\api-ms-win-core-debug-l1-1-0.dll
0x000001c2d0220000 - 0x000001c2d0223000 	C:\Program Files\Java\jdk-15.0.2\bin\api-ms-win-core-errorhandling-l1-1-0.dll
0x000001c2d0230000 - 0x000001c2d0234000 	C:\Program Files\Java\jdk-15.0.2\bin\api-ms-win-core-file-l1-1-0.dll
0x000001c2d0640000 - 0x000001c2d0643000 	C:\Program Files\Java\jdk-15.0.2\bin\api-ms-win-core-file-l1-2-0.dll
0x000001c2d0650000 - 0x000001c2d0653000 	C:\Program Files\Java\jdk-15.0.2\bin\api-ms-win-core-file-l2-1-0.dll
0x000001c2d0660000 - 0x000001c2d0663000 	C:\Program Files\Java\jdk-15.0.2\bin\api-ms-win-core-handle-l1-1-0.dll
0x000001c2d0670000 - 0x000001c2d0673000 	C:\Program Files\Java\jdk-15.0.2\bin\api-ms-win-core-heap-l1-1-0.dll
0x000001c2d0680000 - 0x000001c2d0683000 	C:\Program Files\Java\jdk-15.0.2\bin\api-ms-win-core-interlocked-l1-1-0.dll
0x000001c2d0690000 - 0x000001c2d0693000 	C:\Program Files\Java\jdk-15.0.2\bin\api-ms-win-core-libraryloader-l1-1-0.dll
0x000001c2d06a0000 - 0x000001c2d06a3000 	C:\Program Files\Java\jdk-15.0.2\bin\api-ms-win-core-localization-l1-2-0.dll
0x000001c2d06b0000 - 0x000001c2d06b3000 	C:\Program Files\Java\jdk-15.0.2\bin\api-ms-win-core-memory-l1-1-0.dll
0x000001c2d06c0000 - 0x000001c2d06c3000 	C:\Program Files\Java\jdk-15.0.2\bin\api-ms-win-core-namedpipe-l1-1-0.dll
0x000001c2d28a0000 - 0x000001c2d28a3000 	C:\Program Files\Java\jdk-15.0.2\bin\api-ms-win-core-processenvironment-l1-1-0.dll
0x000001c2d28b0000 - 0x000001c2d28b3000 	C:\Program Files\Java\jdk-15.0.2\bin\api-ms-win-core-processthreads-l1-1-0.dll
0x000001c2d28c0000 - 0x000001c2d28c3000 	C:\Program Files\Java\jdk-15.0.2\bin\api-ms-win-core-processthreads-l1-1-1.dll
0x000001c2d28d0000 - 0x000001c2d28d3000 	C:\Program Files\Java\jdk-15.0.2\bin\api-ms-win-core-profile-l1-1-0.dll
0x000001c2d28e0000 - 0x000001c2d28e3000 	C:\Program Files\Java\jdk-15.0.2\bin\api-ms-win-core-rtlsupport-l1-1-0.dll

dbghelp: loaded successfully - version: 4.0.5 - missing functions: none
symbol engine: initialized successfully - sym options: 0x614 - pdb path: .;C:\Program Files\Java\jdk-15.0.2\bin;C:\WINDOWS\SYSTEM32;C:\WINDOWS\WinSxS\amd64_microsoft.windows.common-controls_6595b64144ccf1df_6.0.26100.4202_none_3e0698d4e335f517;C:\Program Files\Java\jdk-15.0.2\bin\server;C:\WINDOWS\WinSxS\amd64_microsoft.windows.common-controls_6595b64144ccf1df_5.82.26100.4202_none_87ee01077a2d9116;C:\WINDOWS\WinSxS\amd64_microsoft.windows.gdiplus_6595b64144ccf1df_1.1.26100.4202_none_6ef18bba3dc86ee5;C:\Program Files\BellSoft\LibericaJDK-15-Full\bin;C:\WINDOWS\System32\DriverStore\FileRepository\iigd_dch.inf_amd64_eb694f1652817f4a

VM Arguments:
jvm_args: -Dfile.encoding=UTF-8 
java_command: simrskhanza.SIMRSKhanza
java_class_path (initial): C:\master\tuf\lib\commons-codec-1.10.jar;C:\master\tuf\lib\calendar-src.jar;C:\master\tuf\lib\calendar-doc.jar;C:\master\tuf\lib\calendar.jar;C:\master\tuf\lib\jcalendar-1.4.jar;C:\master\tuf\lib\ant-1.7.1.jar;C:\master\tuf\lib\apache-httpcomponents-httpclient.jar;C:\master\tuf\lib\appframework-1.0.3.jar;C:\master\tuf\lib\barbecue-1.5-beta1.jar;C:\master\tuf\lib\batik-dom.jar;C:\master\tuf\lib\groovy-all-2.4.7.jar;C:\master\tuf\lib\bcel-5.2.jar;C:\master\tuf\lib\bcprov-jdk15on-154.jar;C:\master\tuf\lib\poi-4.1.0.jar;C:\master\tuf\lib\beansbinding-1.2.1.jar;C:\master\tuf\lib\bsh-2.0b4.jar;C:\master\tuf\lib\com-jaspersoft-ireport.jar;C:\master\tuf\lib\comm.jar;C:\master\tuf\lib\common-javaFX-plugin.jar;C:\master\tuf\lib\commons-javaflow-20060411.jar;C:\master\tuf\lib\commons-logging-1.2.jar;C:\master\tuf\lib\fluent-hc-4.5.1.jar;C:\master\tuf\lib\fontbox-2.0.13.jar;C:\master\tuf\lib\gson-2.2.2.jar;C:\master\tuf\lib\hibernate3.jar;C:\master\tuf\lib\hsqldb-1.8.0-10.jar;C:\master\tuf\lib\httpclient-4.5.1.jar;C:\master\tuf\lib\httpclient-cache-4.5.1.jar;C:\master\tuf\lib\httpclient-win-4.5.1.jar;C:\master\tuf\lib\httpcore-4.4.3.jar;C:\master\tuf\lib\httpmime-4.5.1.jar;C:\master\tuf\lib\iReport.jar;C:\master\tuf\lib\java-json.jar;C:\master\tuf\lib\javaFX-jps-plugin.jar;C:\master\tuf\lib\javaFX.jar;C:\master\tuf\lib\jaxen-1.1.1.jar;C:\master\tuf\lib\jcommon-1.0.15.jar;C:\master\tuf\lib\jdt-compiler-3.1.1.jar;C:\master\tuf\lib\jfreechart-1.0.12.jar;C:\master\tuf\lib\jl1.0.jar;C:\master\tuf\lib\jna-4.1.0.jar;C:\master\tuf\lib\jna-platform-4.1.0.jar;C:\master\tuf\lib\jpa.jar;C:\master\tuf\lib\junit-4.12.jar;C:\master\tuf\lib\KhanzaSecurity16bit.jar;C:\master\tuf\lib\log4j-1.2.15.jar;C:\master\tuf\lib\mondrian-3.1.1.12687.jar;C:\master\tuf\lib\org-apache-commons-codec.jar;C:\master\tuf\lib\org.apache.commons.httpclient.jar;C:\master\tuf\lib\org.springframework.core-3.2.0.RELEASE.jar;C:\master\tuf\lib\org.springframework.web-3.1.0.M2.jar;C:\master\tuf
Launcher Type: SUN_STANDARD

[Global flags]
     intx CICompilerCount                          = 4                                         {product} {ergonomic}
     uint ConcGCThreads                            = 2                                         {product} {ergonomic}
     uint G1ConcRefinementThreads                  = 8                                         {product} {ergonomic}
   size_t G1HeapRegionSize                         = 1048576                                   {product} {ergonomic}
    uintx GCDrainStackTargetSize                   = 64                                        {product} {ergonomic}
   size_t InitialHeapSize                          = 130023424                                 {product} {ergonomic}
   size_t MarkStackSize                            = 4194304                                   {product} {ergonomic}
   size_t MaxHeapSize                              = 2069889024                                {product} {ergonomic}
   size_t MaxNewSize                               = 1241513984                                {product} {ergonomic}
   size_t MinHeapDeltaBytes                        = 1048576                                   {product} {ergonomic}
   size_t MinHeapSize                              = 8388608                                   {product} {ergonomic}
    uintx NonNMethodCodeHeapSize                   = 5839372                                {pd product} {ergonomic}
    uintx NonProfiledCodeHeapSize                  = 122909434                              {pd product} {ergonomic}
    uintx ProfiledCodeHeapSize                     = 122909434                              {pd product} {ergonomic}
    uintx ReservedCodeCacheSize                    = 251658240                              {pd product} {ergonomic}
     bool SegmentedCodeCache                       = true                                      {product} {ergonomic}
   size_t SoftMaxHeapSize                          = 2069889024                             {manageable} {ergonomic}
     bool UseCompressedClassPointers               = true                                 {lp64_product} {ergonomic}
     bool UseCompressedOops                        = true                                 {lp64_product} {ergonomic}
     bool UseG1GC                                  = true                                      {product} {ergonomic}
     bool UseLargePagesIndividualAllocation        = false                                  {pd product} {ergonomic}

Logging:
Log output configuration:
 #0: stdout all=warning uptime,level,tags
 #1: stderr all=off uptime,level,tags

Environment Variables:
JAVA_HOME=C:\Program Files\Java\jdk-15.0.2
PATH=C:\Program Files\BellSoft\LibericaJDK-15-Full\bin\;C:\Program Files\Common Files\Oracle\Java\javapath;C:\Program Files\Java\jdk-11.0.2\bin;C:\WINDOWS\system32;C:\WINDOWS;C:\WINDOWS\System32\Wbem;C:\WINDOWS\System32\WindowsPowerShell\v1.0\;C:\WINDOWS\System32\OpenSSH\;C:\ProgramData\ComposerSetup\bin;C:\Users\ADMIN\AppData\Roaming\nvm;C:\Program Files\nodejs;C:\Program Files\Go\bin;C:\Program Files\Git\cmd;C:\Program Files (x86)\AOMEI\AOMEI Backupper\7.2.0;C:\Program Files\Microsoft SQL Server\110\Tools\Binn\;C:\Program Files\PuTTY\;C:\Program Files (x86)\Windows Kits\10\Windows Performance Toolkit\;C:\xamppnew\php;C:\Program Files\nodejs\;C:\Program Files\TortoiseSVN\bin;C:\Program Files\dotnet\;C:\Users\ADMIN\AppData\Local\Microsoft\WindowsApps;C:\Users\ADMIN\AppData\Local\Programs\Microsoft VS Code\bin;C:\Users\ADMIN\AppData\Roaming\Composer\vendor\bin;C:\Users\ADMIN\AppData\Roaming\nvm;C:\Program Files\nodejs;C:\Users\ADMIN\go\bin;C:\Users\ADMIN\AppData\Local\afreeca;C:\flutter\bin;C:\xamppnew\php;C:\xampp\mysql\bin;C:\Users\ADMIN\AppData\Roaming\npm;C:\Users\ADMIN\AppData\Local\pnpm;C:\Users\ADMIN\.dotnet\tools;C:\Program Files\Java\jdk-15.0.2;C:\Data\java\apache-ant-1.10.15\bin;
USERNAME=ADMIN
OS=Windows_NT
PROCESSOR_IDENTIFIER=Intel64 Family 6 Model 140 Stepping 2, GenuineIntel



---------------  S Y S T E M  ---------------

OS:
 Windows 10 , 64 bit Build 26100 (10.0.26100.4202)
OS uptime: 2 days 12:40 hours

CPU: total 8 (initial active 8) (4 cores per cpu, 2 threads per core) family 6 model 140 stepping 2 microcode 0x22, cmov, cx8, fxsr, mmx, sse, sse2, sse3, ssse3, sse4.1, sse4.2, popcnt, vzeroupper, avx, avx2, aes, clmul, erms, 3dnowpref, lzcnt, ht, tsc, tscinvbit, bmi1, bmi2, adx, avx512f, avx512dq, avx512cd, avx512bw, avx512vl, avx512_vpopcntdq, avx512_vpclmulqdq, avx512_vbmi, avx512_vbmi2, avx512_vaes, avx512_vnni, sha, fma, clflush, clflushopt, clwb

Memory: 4k page, system-wide physical 7894M (1009M free)
TotalPageFile size 27034M (AvailPageFile size 4200M)
current process WorkingSet (physical memory assigned to process): 362M, peak: 372M
current process commit charge ("private bytes"): 455M, peak: 463M

vm_info: Java HotSpot(TM) 64-Bit Server VM (15.0.2+7-27) for windows-amd64 JRE (15.0.2+7-27), built on Dec  7 2020 20:07:01 by "mach5one" with unknown MS VC++:1925

END.
