#
# A fatal error has been detected by the Java Runtime Environment:
#
#  EXCEPTION_ACCESS_VIOLATION (0xc0000005) at pc=0x00007ffac80ba3d1, pid=24384, tid=27204
#
# JRE version: Java(TM) SE Runtime Environment (15.0.2+7) (build 15.0.2+7-27)
# Java VM: Java HotSpot(TM) 64-Bit Server VM (15.0.2+7-27, mixed mode, sharing, tiered, compressed oops, g1 gc, windows-amd64)
# Problematic frame:
# V  [jvm.dll+0x3aa3d1]
#
# No core dump will be written. Minidumps are not enabled by default on client versions of Windows
#
# If you would like to submit a bug report, please visit:
#   https://bugreport.java.com/bugreport/crash.jsp
#

---------------  S U M M A R Y ------------

Command Line: -Dfile.encoding=UTF-8 simrskhanza.SIMRSKhanza

Host: 11th Gen Intel(R) Core(TM) i5-1155G7 @ 2.50GHz, 8 cores, 7G,  Windows 10 , 64 bit Build 26100 (10.0.26100.4202)
Time: Fri Jun 27 21:31:46 2025 SE Asia Standard Time elapsed time: 213.148513 seconds (0d 0h 3m 33s)

---------------  T H R E A D  ---------------

Current thread (0x0000020616cdb550):  JavaThread "JavaFX Application Thread" [_thread_in_vm, id=27204, stack(0x0000009f04f00000,0x0000009f05000000)]

Stack: [0x0000009f04f00000,0x0000009f05000000],  sp=0x0000009f04ffda50,  free space=1014k
Native frames: (J=compiled Java code, j=interpreted, Vv=VM code, C=native code)
V  [jvm.dll+0x3aa3d1]
C  0x00007ffa6e5cb1b0

Java frames: (J=compiled Java code, j=interpreted, Vv=VM code)
j  com.sun.webkit.WebPage.twkCreatePage(Z)J+0
j  com.sun.webkit.WebPage.<init>(Lcom/sun/webkit/WebPageClient;Lcom/sun/webkit/UIClient;Lcom/sun/webkit/PolicyClient;Lcom/sun/webkit/InspectorClient;Lcom/sun/webkit/ThemeClient;Z)V+181
j  javafx.scene.web.WebEngine.<init>(Ljava/lang/String;Z)V+270
j  javafx.scene.web.WebEngine.<init>()V+3
j  javafx.scene.web.WebView.<init>()V+60
j  laporan.DlgBerkasRawat$1.run()V+4
j  com.sun.javafx.application.PlatformImpl.lambda$runLater$10(Ljava/lang/Runnable;)Ljava/lang/Void;+1
j  com.sun.javafx.application.PlatformImpl$$Lambda$518+0x0000000801069d18.run()Ljava/lang/Object;+4
J 2576 c1 java.security.AccessController.doPrivileged(Ljava/security/PrivilegedAction;Ljava/security/AccessControlContext;)Ljava/lang/Object; java.base@15.0.2 (17 bytes) @ 0x0000020600a6efe4 [0x0000020600a6ee00+0x00000000000001e4]
j  com.sun.javafx.application.PlatformImpl.lambda$runLater$11(Ljava/lang/Runnable;Ljava/security/AccessControlContext;)V+7
j  com.sun.javafx.application.PlatformImpl$$Lambda$517+0x00000008010698c8.run()V+8
j  com.sun.glass.ui.InvokeLaterDispatcher$Future.run()V+4
v  ~StubRoutines::call_stub
j  com.sun.glass.ui.win.WinApplication._runLoop(Ljava/lang/Runnable;)V+0
j  com.sun.glass.ui.win.WinApplication.lambda$runLoop$3(ILjava/lang/Runnable;)V+8
j  com.sun.glass.ui.win.WinApplication$$Lambda$504+0x0000000801039e20.run()V+12
j  java.lang.Thread.run()V+11 java.base@15.0.2
v  ~StubRoutines::call_stub

siginfo: EXCEPTION_ACCESS_VIOLATION (0xc0000005), reading address 0x0000000000000000


Register to memory mapping:

RIP=0x00007ffac80ba3d1 jvm.dll
RAX=0x0 is NULL
RBX=0x0000020616cdb550 is a thread
RCX=0x8d0d122722ed0000 is an unknown value
RDX=0x0000020619fc5de8 is a global jni handle
RSP=0x0000009f04ffda50 is pointing into the stack for thread: 0x0000020616cdb550
RBP=0x0000009f04ffdb48 is pointing into the stack for thread: 0x0000020616cdb550
RSI=0x0000020616cdb878 points into unknown readable memory: 0x00007ffac870de40 | 40 de 70 c8 fa 7f 00 00
RDI=0x0000020619fc5de8 is a global jni handle
R8 =0x0 is NULL
R9 =0x0000009f04ffdb48 is pointing into the stack for thread: 0x0000020616cdb550
R10=0x00007ffac80ba310 jvm.dll
R11=0x0000009f04ffda48 is pointing into the stack for thread: 0x0000020616cdb550
R12=0x0 is NULL
R13=0x0 is NULL
R14=0x0 is NULL
R15=0x000002061ae3c9d0 points into unknown readable memory: 0x00007ffa6fdcb728 | 28 b7 dc 6f fa 7f 00 00


Registers:
RAX=0x0000000000000000, RBX=0x0000020616cdb550, RCX=0x8d0d122722ed0000, RDX=0x0000020619fc5de8
RSP=0x0000009f04ffda50, RBP=0x0000009f04ffdb48, RSI=0x0000020616cdb878, RDI=0x0000020619fc5de8
R8 =0x0000000000000000, R9 =0x0000009f04ffdb48, R10=0x00007ffac80ba310, R11=0x0000009f04ffda48
R12=0x0000000000000000, R13=0x0000000000000000, R14=0x0000000000000000, R15=0x000002061ae3c9d0
RIP=0x00007ffac80ba3d1, EFLAGS=0x0000000000010202

Top of Stack: (sp=0x0000009f04ffda50)
0x0000009f04ffda50:   0000020616cdb550 0000020616cdb878
0x0000009f04ffda60:   0000009f04ffdae0 0000009f04ffdae0
0x0000009f04ffda70:   00007ffb443688c0 0000009f04ffdae0
0x0000009f04ffda80:   00008d9216d8fa0d 00007ffb44244844
0x0000009f04ffda90:   000002061ae3c9d0 0000020619fc5de8
0x0000009f04ffdaa0:   0000020616cdb550 0000020619d1d890
0x0000009f04ffdab0:   0000020600000493 00007ffac85aaaa0
0x0000009f04ffdac0:   0000020616cdb550 00007ffac80b266a
0x0000009f04ffdad0:   000002061ae3c9d0 00007ffa71d7d238
0x0000009f04ffdae0:   0000020616cdb878 000002061b3c3b90
0x0000009f04ffdaf0:   00007ffa71d7d238 00007ffa6e5cb1b0
0x0000009f04ffdb00:   000002061c2586d8 00007ffa71d2d7f0
0x0000009f04ffdb10:   000002061b3c3b90 0000020616cdb878
0x0000009f04ffdb20:   000002061c2586d8 00007ffa6fc16725
0x0000009f04ffdb30:   000002061c2586d8 00007ffa71d2d7f0
0x0000009f04ffdb40:   0000000000000000 0000000000000000 

Instructions: (pc=0x00007ffac80ba3d1)
0x00007ffac80ba2d1:   00 00 48 8b bc 24 c0 00 00 00 c0 e8 03 a8 01 74
0x00007ffac80ba2e1:   08 48 8b cb e8 a6 29 2e 00 0f 28 c6 c7 83 98 03
0x00007ffac80ba2f1:   00 00 04 00 00 00 0f 28 b4 24 b0 00 00 00 48 81
0x00007ffac80ba301:   c4 d0 00 00 00 5b c3 cc cc cc cc cc cc cc cc 48
0x00007ffac80ba311:   89 5c 24 08 48 89 6c 24 10 48 89 74 24 18 48 89
0x00007ffac80ba321:   7c 24 20 41 56 48 81 ec a0 00 00 00 8b 81 88 00
0x00007ffac80ba331:   00 00 48 8d 99 d8 fc ff ff 05 55 21 ff ff 49 8b
0x00007ffac80ba341:   e9 4d 8b f0 48 8b fa 48 8b f1 83 f8 01 76 0a 48
0x00007ffac80ba351:   8b cb e8 28 33 39 00 33 db c7 83 98 03 00 00 05
0x00007ffac80ba361:   00 00 00 e8 c7 26 27 00 48 8b 03 48 8b cb ff 50
0x00007ffac80ba371:   38 84 c0 74 0e 48 8b 83 10 01 00 00 c0 e8 03 24
0x00007ffac80ba381:   01 eb 0b 8b 05 86 23 6f 00 85 c0 0f 95 c0 84 c0
0x00007ffac80ba391:   75 0d 8b 83 e0 00 00 00 a9 04 00 00 20 74 08 48
0x00007ffac80ba3a1:   8b cb e8 58 39 39 00 c7 83 98 03 00 00 06 00 00
0x00007ffac80ba3b1:   00 48 83 7b 08 00 48 89 5c 24 50 48 c7 44 24 58
0x00007ffac80ba3c1:   00 00 00 00 74 0a 48 8d 4c 24 50 e8 1f c5 2a 00
0x00007ffac80ba3d1:   49 8b 16 48 8d 4c 24 70 c7 44 24 40 04 00 00 00
0x00007ffac80ba3e1:   e8 ea cf 00 00 48 89 ac 24 98 00 00 00 48 8d 05
0x00007ffac80ba3f1:   33 07 4f 00 48 89 44 24 70 40 f6 c7 01 74 0c 48
0x00007ffac80ba401:   8d 4f ff ff 15 9e 13 65 00 eb 09 48 8b cf ff 15
0x00007ffac80ba411:   f3 9b 64 00 8b 15 85 9c 6d 00 48 8b c8 e8 ed d0
0x00007ffac80ba421:   26 00 48 8b d3 48 8b c8 4c 8b 00 41 ff 90 b0 00
0x00007ffac80ba431:   00 00 48 83 7b 08 00 75 35 48 8d 44 24 70 48 89
0x00007ffac80ba441:   5c 24 30 48 89 44 24 28 48 8d 54 24 40 45 33 c9
0x00007ffac80ba451:   4c 89 74 24 20 45 33 c0 48 8b ce e8 3f e4 00 00
0x00007ffac80ba461:   48 83 7b 08 00 75 07 0f b6 74 24 48 eb 03 40 32
0x00007ffac80ba471:   f6 48 83 7c 24 58 00 74 0a 48 8d 4c 24 50 e8 0c
0x00007ffac80ba481:   c5 2a 00 48 8b bb f8 00 00 00 48 8b 4f 10 48 83
0x00007ffac80ba491:   39 00 74 0c 48 8b cf e8 d3 a0 f6 ff 48 8b 4f 10
0x00007ffac80ba4a1:   48 8b 47 08 48 89 48 10 48 8b 4f 08 48 8b 47 18
0x00007ffac80ba4b1:   48 89 41 18 48 8b 4f 08 48 8b 47 20 48 89 41 20
0x00007ffac80ba4c1:   c7 83 98 03 00 00 07 00 00 00 e8 60 25 27 00 48 


Stack slot to memory mapping:
stack at sp + 0 slots: 0x0000020616cdb550 is a thread
stack at sp + 1 slots: 0x0000020616cdb878 points into unknown readable memory: 0x00007ffac870de40 | 40 de 70 c8 fa 7f 00 00
stack at sp + 2 slots: 0x0000009f04ffdae0 is pointing into the stack for thread: 0x0000020616cdb550
stack at sp + 3 slots: 0x0000009f04ffdae0 is pointing into the stack for thread: 0x0000020616cdb550
stack at sp + 4 slots: 0x00007ffb443688c0 ucrtbase.dll
stack at sp + 5 slots: 0x0000009f04ffdae0 is pointing into the stack for thread: 0x0000020616cdb550
stack at sp + 6 slots: 0x00008d9216d8fa0d is an unknown value
stack at sp + 7 slots: 0x00007ffb44244844 ucrtbase.dll


---------------  P R O C E S S  ---------------

Threads class SMR info:
_java_thread_list=0x00000206171c51c0, length=26, elements={
0x00000206151d14d0, 0x00000206151d20a0, 0x0000020615af62d0, 0x0000020615af8cb0,
0x0000020615afd990, 0x0000020615b025b0, 0x0000020615b02eb0, 0x0000020615b037b0,
0x0000020615d772f0, 0x0000020615dab7f0, 0x0000020616a7d000, 0x00000206166f8490,
0x0000020616aae1d0, 0x0000020616dc5930, 0x00000206169c1760, 0x00000206760c76e0,
0x0000020619375f90, 0x0000020616f219f0, 0x0000020617203030, 0x000002061c035d80,
0x0000020616cdb550, 0x0000020616cdba20, 0x000002061bded1c0, 0x000002061bdec350,
0x000002061bded690, 0x000002061bdedb60
}

Java Threads: ( => current thread )
  0x00000206151d14d0 JavaThread "Reference Handler" daemon [_thread_blocked, id=11908, stack(0x0000009f02c00000,0x0000009f02d00000)]
  0x00000206151d20a0 JavaThread "Finalizer" daemon [_thread_blocked, id=29588, stack(0x0000009f02d00000,0x0000009f02e00000)]
  0x0000020615af62d0 JavaThread "Signal Dispatcher" daemon [_thread_blocked, id=20160, stack(0x0000009f02e00000,0x0000009f02f00000)]
  0x0000020615af8cb0 JavaThread "Attach Listener" daemon [_thread_blocked, id=22212, stack(0x0000009f02f00000,0x0000009f03000000)]
  0x0000020615afd990 JavaThread "Service Thread" daemon [_thread_blocked, id=12784, stack(0x0000009f03000000,0x0000009f03100000)]
  0x0000020615b025b0 JavaThread "C2 CompilerThread0" daemon [_thread_blocked, id=25724, stack(0x0000009f03100000,0x0000009f03200000)]
  0x0000020615b02eb0 JavaThread "C1 CompilerThread0" daemon [_thread_blocked, id=6644, stack(0x0000009f03200000,0x0000009f03300000)]
  0x0000020615b037b0 JavaThread "Sweeper thread" daemon [_thread_blocked, id=16964, stack(0x0000009f03300000,0x0000009f03400000)]
  0x0000020615d772f0 JavaThread "Notification Thread" daemon [_thread_blocked, id=30628, stack(0x0000009f03400000,0x0000009f03500000)]
  0x0000020615dab7f0 JavaThread "Common-Cleaner" daemon [_thread_blocked, id=32064, stack(0x0000009f03600000,0x0000009f03700000)]
  0x0000020616a7d000 JavaThread "Java2D Disposer" daemon [_thread_blocked, id=23476, stack(0x0000009f03900000,0x0000009f03a00000)]
  0x00000206166f8490 JavaThread "AWT-Shutdown" [_thread_blocked, id=700, stack(0x0000009f03a00000,0x0000009f03b00000)]
  0x0000020616aae1d0 JavaThread "AWT-Windows" daemon [_thread_in_native, id=18780, stack(0x0000009f03b00000,0x0000009f03c00000)]
  0x0000020616dc5930 JavaThread "AWT-EventQueue-0" [_thread_blocked, id=32652, stack(0x0000009f03d00000,0x0000009f03e00000)]
  0x00000206169c1760 JavaThread "Swing-Shell" daemon [_thread_blocked, id=23924, stack(0x0000009f03e00000,0x0000009f03f00000)]
  0x00000206760c76e0 JavaThread "DestroyJavaVM" [_thread_blocked, id=30836, stack(0x0000009f02500000,0x0000009f02600000)]
  0x0000020619375f90 JavaThread "Abandoned connection cleanup thread" daemon [_thread_blocked, id=22768, stack(0x0000009f03700000,0x0000009f03800000)]
  0x0000020616f219f0 JavaThread "TimerQueue" daemon [_thread_blocked, id=6204, stack(0x0000009f04500000,0x0000009f04600000)]
  0x0000020617203030 JavaThread "QuantumRenderer-0" daemon [_thread_blocked, id=28596, stack(0x0000009f04e00000,0x0000009f04f00000)]
  0x000002061c035d80 JavaThread "InvokeLaterDispatcher" daemon [_thread_blocked, id=26160, stack(0x0000009f04b00000,0x0000009f04c00000)]
=>0x0000020616cdb550 JavaThread "JavaFX Application Thread" [_thread_in_vm, id=27204, stack(0x0000009f04f00000,0x0000009f05000000)]
  0x0000020616cdba20 JavaThread "Thread-2" daemon [_thread_in_native, id=25784, stack(0x0000009f05200000,0x0000009f05300000)]
  0x000002061bded1c0 JavaThread "SwingWorker-pool-3-thread-1" daemon [_thread_blocked, id=29448, stack(0x0000009f05500000,0x0000009f05600000)]
  0x000002061bdec350 JavaThread "SwingWorker-pool-3-thread-2" daemon [_thread_blocked, id=32076, stack(0x0000009f05600000,0x0000009f05700000)]
  0x000002061bded690 JavaThread "SwingWorker-pool-3-thread-3" daemon [_thread_blocked, id=26436, stack(0x0000009f03c00000,0x0000009f03d00000)]
  0x000002061bdedb60 JavaThread "SwingWorker-pool-3-thread-4" daemon [_thread_blocked, id=27932, stack(0x0000009f02200000,0x0000009f02300000)]

Other Threads:
  0x00000206151cdc40 VMThread "VM Thread" [stack: 0x0000009f02b00000,0x0000009f02c00000] [id=29264]
  0x0000020615d72740 WatcherThread [stack: 0x0000009f03500000,0x0000009f03600000] [id=28828]
  0x0000020676106870 GCTaskThread "GC Thread#0" [stack: 0x0000009f02600000,0x0000009f02700000] [id=20888]
  0x0000020615d63df0 GCTaskThread "GC Thread#1" [stack: 0x0000009f03800000,0x0000009f03900000] [id=31740]
  0x000002061673fe70 GCTaskThread "GC Thread#2" [stack: 0x0000009f04600000,0x0000009f04700000] [id=2896]
  0x000002061673f1b0 GCTaskThread "GC Thread#3" [stack: 0x0000009f04700000,0x0000009f04800000] [id=32468]
  0x000002061673e820 GCTaskThread "GC Thread#4" [stack: 0x0000009f04800000,0x0000009f04900000] [id=15580]
  0x000002061673fb40 GCTaskThread "GC Thread#5" [stack: 0x0000009f04900000,0x0000009f04a00000] [id=32048]
  0x000002061673eb50 GCTaskThread "GC Thread#6" [stack: 0x0000009f04c00000,0x0000009f04d00000] [id=23520]
  0x000002061673d830 GCTaskThread "GC Thread#7" [stack: 0x0000009f04d00000,0x0000009f04e00000] [id=28432]
  0x0000020676117200 ConcurrentGCThread "G1 Main Marker" [stack: 0x0000009f02700000,0x0000009f02800000] [id=14176]
  0x0000020676118e00 ConcurrentGCThread "G1 Conc#0" [stack: 0x0000009f02800000,0x0000009f02900000] [id=2628]
  0x00000206167401a0 ConcurrentGCThread "G1 Conc#1" [stack: 0x0000009f04400000,0x0000009f04500000] [id=31228]
  0x000002067616ec30 ConcurrentGCThread "G1 Refine#0" [stack: 0x0000009f02900000,0x0000009f02a00000] [id=17900]
  0x0000020615b73020 ConcurrentGCThread "G1 Refine#1" [stack: 0x0000009f04a00000,0x0000009f04b00000] [id=28608]
  0x000002061502cf80 ConcurrentGCThread "G1 Young RemSet Sampling" [stack: 0x0000009f02a00000,0x0000009f02b00000] [id=27360]

Threads with active compile tasks:

VM state: not at safepoint (normal execution)

VM Mutex/Monitor currently owned by a thread: None

Heap address: 0x0000000084a00000, size: 1974 MB, Compressed Oops mode: 32-bit
CDS archive(s) mapped at: [0x0000000800000000-0x0000000800b50000-0x0000000800b50000), size 11862016, SharedBaseAddress: 0x0000000800000000, ArchiveRelocationMode: 0.
Compressed class space mapped at: 0x0000000800b50000-0x0000000840b50000, size: 1073741824
Narrow klass base: 0x0000000800000000, Narrow klass shift: 3, Narrow klass range: 0x100000000

GC Precious Log:
 CPUs: 8 total, 8 available
 Memory: 7894M
 Large Page Support: Disabled
 NUMA Support: Disabled
 Compressed Oops: Enabled (32-bit)
 Heap Region Size: 1M
 Heap Min Capacity: 8M
 Heap Initial Capacity: 124M
 Heap Max Capacity: 1974M
 Pre-touch: Disabled
 Parallel Workers: 8
 Concurrent Workers: 2
 Concurrent Refinement Workers: 8
 Periodic GC: Disabled

Heap:
 garbage-first heap   total 188416K, used 128813K [0x0000000084a00000, 0x0000000100000000)
  region size 1024K, 24 young (24576K), 2 survivors (2048K)
 Metaspace       used 61162K, capacity 61723K, committed 62080K, reserved 1103872K
  class space    used 7827K, capacity 7971K, committed 8064K, reserved 1048576K

Heap Regions: E=young(eden), S=young(survivor), O=old, HS=humongous(starts), HC=humongous(continues), CS=collection set, F=free, OA=open archive, CA=closed archive, TAMS=top-at-mark-start (previous, next)
|   0|0x0000000084a00000, 0x0000000084b00000, 0x0000000084b00000|100%|HS|  |TAMS 0x0000000084b00000, 0x0000000084a00000| Complete 
|   1|0x0000000084b00000, 0x0000000084c00000, 0x0000000084c00000|100%|HS|  |TAMS 0x0000000084c00000, 0x0000000084b00000| Complete 
|   2|0x0000000084c00000, 0x0000000084d00000, 0x0000000084d00000|100%|HC|  |TAMS 0x0000000084d00000, 0x0000000084c00000| Complete 
|   3|0x0000000084d00000, 0x0000000084e00000, 0x0000000084e00000|100%|HS|  |TAMS 0x0000000084e00000, 0x0000000084d00000| Complete 
|   4|0x0000000084e00000, 0x0000000084f00000, 0x0000000084f00000|100%| O|  |TAMS 0x0000000084f00000, 0x0000000084e00000| Untracked 
|   5|0x0000000084f00000, 0x0000000085000000, 0x0000000085000000|100%| O|  |TAMS 0x0000000085000000, 0x0000000084f00000| Untracked 
|   6|0x0000000085000000, 0x0000000085100000, 0x0000000085100000|100%| O|  |TAMS 0x0000000085100000, 0x0000000085000000| Untracked 
|   7|0x0000000085100000, 0x0000000085200000, 0x0000000085200000|100%| O|  |TAMS 0x0000000085200000, 0x0000000085100000| Untracked 
|   8|0x0000000085200000, 0x0000000085300000, 0x0000000085300000|100%| O|  |TAMS 0x0000000085300000, 0x0000000085200000| Untracked 
|   9|0x0000000085300000, 0x0000000085400000, 0x0000000085400000|100%| O|  |TAMS 0x0000000085400000, 0x0000000085300000| Untracked 
|  10|0x0000000085400000, 0x0000000085500000, 0x0000000085500000|100%| O|  |TAMS 0x0000000085500000, 0x0000000085400000| Untracked 
|  11|0x0000000085500000, 0x0000000085600000, 0x0000000085600000|100%| O|  |TAMS 0x0000000085600000, 0x0000000085500000| Untracked 
|  12|0x0000000085600000, 0x0000000085700000, 0x0000000085700000|100%| O|  |TAMS 0x0000000085700000, 0x0000000085600000| Untracked 
|  13|0x0000000085700000, 0x0000000085800000, 0x0000000085800000|100%| O|  |TAMS 0x0000000085800000, 0x0000000085700000| Untracked 
|  14|0x0000000085800000, 0x0000000085900000, 0x0000000085900000|100%| O|  |TAMS 0x0000000085900000, 0x0000000085800000| Untracked 
|  15|0x0000000085900000, 0x0000000085a00000, 0x0000000085a00000|100%| O|  |TAMS 0x0000000085a00000, 0x0000000085900000| Untracked 
|  16|0x0000000085a00000, 0x0000000085b00000, 0x0000000085b00000|100%| O|  |TAMS 0x0000000085b00000, 0x0000000085a00000| Untracked 
|  17|0x0000000085b00000, 0x0000000085c00000, 0x0000000085c00000|100%| O|  |TAMS 0x0000000085c00000, 0x0000000085b00000| Untracked 
|  18|0x0000000085c00000, 0x0000000085d00000, 0x0000000085d00000|100%| O|  |TAMS 0x0000000085d00000, 0x0000000085c00000| Untracked 
|  19|0x0000000085d00000, 0x0000000085e00000, 0x0000000085e00000|100%| O|  |TAMS 0x0000000085e00000, 0x0000000085d00000| Untracked 
|  20|0x0000000085e00000, 0x0000000085f00000, 0x0000000085f00000|100%| O|  |TAMS 0x0000000085f00000, 0x0000000085e00000| Untracked 
|  21|0x0000000085f00000, 0x0000000086000000, 0x0000000086000000|100%| O|  |TAMS 0x0000000086000000, 0x0000000085f00000| Untracked 
|  22|0x0000000086000000, 0x0000000086100000, 0x0000000086100000|100%| O|  |TAMS 0x0000000086100000, 0x0000000086000000| Untracked 
|  23|0x0000000086100000, 0x0000000086200000, 0x0000000086200000|100%| O|  |TAMS 0x0000000086200000, 0x0000000086100000| Untracked 
|  24|0x0000000086200000, 0x000000008622e400, 0x0000000086300000| 18%| O|  |TAMS 0x000000008622e400, 0x0000000086200000| Untracked 
|  25|0x0000000086300000, 0x0000000086400000, 0x0000000086400000|100%| O|  |TAMS 0x0000000086400000, 0x0000000086300000| Untracked 
|  26|0x0000000086400000, 0x0000000086500000, 0x0000000086500000|100%| O|  |TAMS 0x0000000086500000, 0x0000000086400000| Untracked 
|  27|0x0000000086500000, 0x0000000086600000, 0x0000000086600000|100%| O|  |TAMS 0x0000000086600000, 0x0000000086500000| Untracked 
|  28|0x0000000086600000, 0x0000000086700000, 0x0000000086700000|100%| O|  |TAMS 0x0000000086700000, 0x0000000086600000| Untracked 
|  29|0x0000000086700000, 0x0000000086800000, 0x0000000086800000|100%| O|  |TAMS 0x0000000086800000, 0x0000000086700000| Untracked 
|  30|0x0000000086800000, 0x0000000086900000, 0x0000000086900000|100%| O|  |TAMS 0x0000000086900000, 0x0000000086800000| Untracked 
|  31|0x0000000086900000, 0x0000000086a00000, 0x0000000086a00000|100%| O|  |TAMS 0x0000000086a00000, 0x0000000086900000| Untracked 
|  32|0x0000000086a00000, 0x0000000086b00000, 0x0000000086b00000|100%| O|  |TAMS 0x0000000086b00000, 0x0000000086a00000| Untracked 
|  33|0x0000000086b00000, 0x0000000086c00000, 0x0000000086c00000|100%| O|  |TAMS 0x0000000086c00000, 0x0000000086b00000| Untracked 
|  34|0x0000000086c00000, 0x0000000086d00000, 0x0000000086d00000|100%| O|  |TAMS 0x0000000086d00000, 0x0000000086c00000| Untracked 
|  35|0x0000000086d00000, 0x0000000086e00000, 0x0000000086e00000|100%| O|  |TAMS 0x0000000086e00000, 0x0000000086d00000| Untracked 
|  36|0x0000000086e00000, 0x0000000086f00000, 0x0000000086f00000|100%| O|  |TAMS 0x0000000086f00000, 0x0000000086e00000| Untracked 
|  37|0x0000000086f00000, 0x0000000087000000, 0x0000000087000000|100%| O|  |TAMS 0x0000000087000000, 0x0000000086f00000| Untracked 
|  38|0x0000000087000000, 0x0000000087100000, 0x0000000087100000|100%| O|  |TAMS 0x0000000087100000, 0x0000000087000000| Untracked 
|  39|0x0000000087100000, 0x0000000087200000, 0x0000000087200000|100%| O|  |TAMS 0x0000000087200000, 0x0000000087100000| Untracked 
|  40|0x0000000087200000, 0x0000000087300000, 0x0000000087300000|100%| O|  |TAMS 0x0000000087300000, 0x0000000087200000| Untracked 
|  41|0x0000000087300000, 0x0000000087400000, 0x0000000087400000|100%| O|  |TAMS 0x0000000087400000, 0x0000000087300000| Untracked 
|  42|0x0000000087400000, 0x0000000087500000, 0x0000000087500000|100%| O|  |TAMS 0x0000000087500000, 0x0000000087400000| Untracked 
|  43|0x0000000087500000, 0x0000000087600000, 0x0000000087600000|100%| O|  |TAMS 0x0000000087600000, 0x0000000087500000| Untracked 
|  44|0x0000000087600000, 0x0000000087700000, 0x0000000087700000|100%| O|  |TAMS 0x0000000087700000, 0x0000000087600000| Untracked 
|  45|0x0000000087700000, 0x0000000087800000, 0x0000000087800000|100%| O|  |TAMS 0x0000000087800000, 0x0000000087700000| Untracked 
|  46|0x0000000087800000, 0x0000000087900000, 0x0000000087900000|100%| O|  |TAMS 0x0000000087900000, 0x0000000087800000| Untracked 
|  47|0x0000000087900000, 0x0000000087a00000, 0x0000000087a00000|100%| O|  |TAMS 0x0000000087a00000, 0x0000000087900000| Untracked 
|  48|0x0000000087a00000, 0x0000000087b00000, 0x0000000087b00000|100%| O|  |TAMS 0x0000000087b00000, 0x0000000087a00000| Untracked 
|  49|0x0000000087b00000, 0x0000000087c00000, 0x0000000087c00000|100%| O|  |TAMS 0x0000000087c00000, 0x0000000087b00000| Untracked 
|  50|0x0000000087c00000, 0x0000000087d00000, 0x0000000087d00000|100%| O|  |TAMS 0x0000000087d00000, 0x0000000087c00000| Untracked 
|  51|0x0000000087d00000, 0x0000000087e00000, 0x0000000087e00000|100%| O|  |TAMS 0x0000000087e00000, 0x0000000087d00000| Untracked 
|  52|0x0000000087e00000, 0x0000000087f00000, 0x0000000087f00000|100%| O|  |TAMS 0x0000000087f00000, 0x0000000087e00000| Untracked 
|  53|0x0000000087f00000, 0x0000000088000000, 0x0000000088000000|100%| O|  |TAMS 0x0000000088000000, 0x0000000087f00000| Untracked 
|  54|0x0000000088000000, 0x0000000088100000, 0x0000000088100000|100%| O|  |TAMS 0x0000000088100000, 0x0000000088000000| Untracked 
|  55|0x0000000088100000, 0x0000000088200000, 0x0000000088200000|100%| O|  |TAMS 0x0000000088200000, 0x0000000088100000| Untracked 
|  56|0x0000000088200000, 0x0000000088300000, 0x0000000088300000|100%| O|  |TAMS 0x0000000088300000, 0x0000000088200000| Untracked 
|  57|0x0000000088300000, 0x0000000088400000, 0x0000000088400000|100%| O|  |TAMS 0x0000000088400000, 0x0000000088300000| Untracked 
|  58|0x0000000088400000, 0x0000000088500000, 0x0000000088500000|100%|HS|  |TAMS 0x0000000088500000, 0x0000000088400000| Complete 
|  59|0x0000000088500000, 0x0000000088600000, 0x0000000088600000|100%|HC|  |TAMS 0x0000000088600000, 0x0000000088500000| Complete 
|  60|0x0000000088600000, 0x0000000088700000, 0x0000000088700000|100%|HC|  |TAMS 0x0000000088700000, 0x0000000088600000| Complete 
|  61|0x0000000088700000, 0x0000000088800000, 0x0000000088800000|100%|HC|  |TAMS 0x0000000088800000, 0x0000000088700000| Complete 
|  62|0x0000000088800000, 0x0000000088900000, 0x0000000088900000|100%|HC|  |TAMS 0x0000000088900000, 0x0000000088800000| Complete 
|  63|0x0000000088900000, 0x0000000088a00000, 0x0000000088a00000|100%|HC|  |TAMS 0x0000000088a00000, 0x0000000088900000| Complete 
|  64|0x0000000088a00000, 0x0000000088b00000, 0x0000000088b00000|100%|HC|  |TAMS 0x0000000088b00000, 0x0000000088a00000| Complete 
|  65|0x0000000088b00000, 0x0000000088c00000, 0x0000000088c00000|100%|HC|  |TAMS 0x0000000088c00000, 0x0000000088b00000| Complete 
|  66|0x0000000088c00000, 0x0000000088d00000, 0x0000000088d00000|100%|HC|  |TAMS 0x0000000088d00000, 0x0000000088c00000| Complete 
|  67|0x0000000088d00000, 0x0000000088e00000, 0x0000000088e00000|100%| O|  |TAMS 0x0000000088e00000, 0x0000000088d00000| Untracked 
|  68|0x0000000088e00000, 0x0000000088f00000, 0x0000000088f00000|100%| O|  |TAMS 0x0000000088f00000, 0x0000000088e00000| Untracked 
|  69|0x0000000088f00000, 0x0000000089000000, 0x0000000089000000|100%| O|  |TAMS 0x0000000089000000, 0x0000000088f00000| Untracked 
|  70|0x0000000089000000, 0x0000000089100000, 0x0000000089100000|100%| O|  |TAMS 0x0000000089100000, 0x0000000089000000| Untracked 
|  71|0x0000000089100000, 0x0000000089200000, 0x0000000089200000|100%| O|  |TAMS 0x0000000089200000, 0x0000000089100000| Untracked 
|  72|0x0000000089200000, 0x0000000089300000, 0x0000000089300000|100%| O|  |TAMS 0x0000000089300000, 0x0000000089200000| Untracked 
|  73|0x0000000089300000, 0x0000000089400000, 0x0000000089400000|100%| O|  |TAMS 0x0000000089400000, 0x0000000089300000| Untracked 
|  74|0x0000000089400000, 0x0000000089500000, 0x0000000089500000|100%| O|  |TAMS 0x0000000089500000, 0x0000000089400000| Untracked 
|  75|0x0000000089500000, 0x0000000089600000, 0x0000000089600000|100%| O|  |TAMS 0x0000000089600000, 0x0000000089500000| Untracked 
|  76|0x0000000089600000, 0x0000000089700000, 0x0000000089700000|100%| O|  |TAMS 0x0000000089700000, 0x0000000089600000| Untracked 
|  77|0x0000000089700000, 0x0000000089800000, 0x0000000089800000|100%| O|  |TAMS 0x0000000089800000, 0x0000000089700000| Untracked 
|  78|0x0000000089800000, 0x0000000089900000, 0x0000000089900000|100%| O|  |TAMS 0x0000000089900000, 0x0000000089800000| Untracked 
|  79|0x0000000089900000, 0x0000000089a00000, 0x0000000089a00000|100%| O|  |TAMS 0x0000000089a00000, 0x0000000089900000| Untracked 
|  80|0x0000000089a00000, 0x0000000089b00000, 0x0000000089b00000|100%| O|  |TAMS 0x0000000089b00000, 0x0000000089a00000| Untracked 
|  81|0x0000000089b00000, 0x0000000089c00000, 0x0000000089c00000|100%| O|  |TAMS 0x0000000089c00000, 0x0000000089b00000| Untracked 
|  82|0x0000000089c00000, 0x0000000089d00000, 0x0000000089d00000|100%| O|  |TAMS 0x0000000089d00000, 0x0000000089c00000| Untracked 
|  83|0x0000000089d00000, 0x0000000089e00000, 0x0000000089e00000|100%| O|  |TAMS 0x0000000089e00000, 0x0000000089d00000| Untracked 
|  84|0x0000000089e00000, 0x0000000089f00000, 0x0000000089f00000|100%| O|  |TAMS 0x0000000089f00000, 0x0000000089e00000| Untracked 
|  85|0x0000000089f00000, 0x000000008a000000, 0x000000008a000000|100%| O|  |TAMS 0x000000008a000000, 0x0000000089f00000| Untracked 
|  86|0x000000008a000000, 0x000000008a100000, 0x000000008a100000|100%| O|  |TAMS 0x000000008a100000, 0x000000008a000000| Untracked 
|  87|0x000000008a100000, 0x000000008a200000, 0x000000008a200000|100%| O|  |TAMS 0x000000008a200000, 0x000000008a100000| Untracked 
|  88|0x000000008a200000, 0x000000008a300000, 0x000000008a300000|100%| O|  |TAMS 0x000000008a300000, 0x000000008a200000| Untracked 
|  89|0x000000008a300000, 0x000000008a30b200, 0x000000008a400000|  4%| O|  |TAMS 0x000000008a30b200, 0x000000008a300000| Untracked 
|  90|0x000000008a400000, 0x000000008a500000, 0x000000008a500000|100%|HS|  |TAMS 0x000000008a400000, 0x000000008a400000| Complete 
|  91|0x000000008a500000, 0x000000008a600000, 0x000000008a600000|100%|HC|  |TAMS 0x000000008a500000, 0x000000008a500000| Complete 
|  92|0x000000008a600000, 0x000000008a700000, 0x000000008a700000|100%|HC|  |TAMS 0x000000008a600000, 0x000000008a600000| Complete 
|  93|0x000000008a700000, 0x000000008a800000, 0x000000008a800000|100%|HC|  |TAMS 0x000000008a700000, 0x000000008a700000| Complete 
|  94|0x000000008a800000, 0x000000008a900000, 0x000000008a900000|100%|HS|  |TAMS 0x000000008a900000, 0x000000008a800000| Complete 
|  95|0x000000008a900000, 0x000000008aa00000, 0x000000008aa00000|100%|HS|  |TAMS 0x000000008aa00000, 0x000000008a900000| Complete 
|  96|0x000000008aa00000, 0x000000008ab00000, 0x000000008ab00000|100%|HC|  |TAMS 0x000000008ab00000, 0x000000008aa00000| Complete 
|  97|0x000000008ab00000, 0x000000008ac00000, 0x000000008ac00000|100%|HC|  |TAMS 0x000000008ac00000, 0x000000008ab00000| Complete 
|  98|0x000000008ac00000, 0x000000008ad00000, 0x000000008ad00000|100%|HS|  |TAMS 0x000000008ad00000, 0x000000008ac00000| Complete 
|  99|0x000000008ad00000, 0x000000008ae00000, 0x000000008ae00000|100%|HC|  |TAMS 0x000000008ae00000, 0x000000008ad00000| Complete 
| 100|0x000000008ae00000, 0x000000008af00000, 0x000000008af00000|100%|HC|  |TAMS 0x000000008af00000, 0x000000008ae00000| Complete 
| 101|0x000000008af00000, 0x000000008b000000, 0x000000008b000000|100%|HC|  |TAMS 0x000000008b000000, 0x000000008af00000| Complete 
| 102|0x000000008b000000, 0x000000008b100000, 0x000000008b100000|100%|HC|  |TAMS 0x000000008b100000, 0x000000008b000000| Complete 
| 103|0x000000008b100000, 0x000000008b200000, 0x000000008b200000|100%|HC|  |TAMS 0x000000008b200000, 0x000000008b100000| Complete 
| 104|0x000000008b200000, 0x000000008b300000, 0x000000008b300000|100%|HC|  |TAMS 0x000000008b300000, 0x000000008b200000| Complete 
| 105|0x000000008b300000, 0x000000008b400000, 0x000000008b400000|100%|HC|  |TAMS 0x000000008b400000, 0x000000008b300000| Complete 
| 106|0x000000008b400000, 0x000000008b400000, 0x000000008b500000|  0%| F|  |TAMS 0x000000008b400000, 0x000000008b400000| Untracked 
| 107|0x000000008b500000, 0x000000008b500000, 0x000000008b600000|  0%| F|  |TAMS 0x000000008b500000, 0x000000008b500000| Untracked 
| 108|0x000000008b600000, 0x000000008b600000, 0x000000008b700000|  0%| F|  |TAMS 0x000000008b600000, 0x000000008b600000| Untracked 
| 109|0x000000008b700000, 0x000000008b700000, 0x000000008b800000|  0%| F|  |TAMS 0x000000008b700000, 0x000000008b700000| Untracked 
| 110|0x000000008b800000, 0x000000008b800000, 0x000000008b900000|  0%| F|  |TAMS 0x000000008b800000, 0x000000008b800000| Untracked 
| 111|0x000000008b900000, 0x000000008b900000, 0x000000008ba00000|  0%| F|  |TAMS 0x000000008b900000, 0x000000008b900000| Untracked 
| 112|0x000000008ba00000, 0x000000008ba00000, 0x000000008bb00000|  0%| F|  |TAMS 0x000000008ba00000, 0x000000008ba00000| Untracked 
| 113|0x000000008bb00000, 0x000000008bb00000, 0x000000008bc00000|  0%| F|  |TAMS 0x000000008bb00000, 0x000000008bb00000| Untracked 
| 114|0x000000008bc00000, 0x000000008bc00000, 0x000000008bd00000|  0%| F|  |TAMS 0x000000008bc00000, 0x000000008bc00000| Untracked 
| 115|0x000000008bd00000, 0x000000008bd00000, 0x000000008be00000|  0%| F|  |TAMS 0x000000008bd00000, 0x000000008bd00000| Untracked 
| 116|0x000000008be00000, 0x000000008be00000, 0x000000008bf00000|  0%| F|  |TAMS 0x000000008be00000, 0x000000008be00000| Untracked 
| 117|0x000000008bf00000, 0x000000008bf00000, 0x000000008c000000|  0%| F|  |TAMS 0x000000008bf00000, 0x000000008bf00000| Untracked 
| 118|0x000000008c000000, 0x000000008c000000, 0x000000008c100000|  0%| F|  |TAMS 0x000000008c000000, 0x000000008c000000| Untracked 
| 119|0x000000008c100000, 0x000000008c100000, 0x000000008c200000|  0%| F|  |TAMS 0x000000008c100000, 0x000000008c100000| Untracked 
| 120|0x000000008c200000, 0x000000008c200000, 0x000000008c300000|  0%| F|  |TAMS 0x000000008c200000, 0x000000008c200000| Untracked 
| 121|0x000000008c300000, 0x000000008c300000, 0x000000008c400000|  0%| F|  |TAMS 0x000000008c300000, 0x000000008c300000| Untracked 
| 122|0x000000008c400000, 0x000000008c400000, 0x000000008c500000|  0%| F|  |TAMS 0x000000008c400000, 0x000000008c400000| Untracked 
| 123|0x000000008c500000, 0x000000008c500000, 0x000000008c600000|  0%| F|  |TAMS 0x000000008c500000, 0x000000008c500000| Untracked 
| 124|0x000000008c600000, 0x000000008c600000, 0x000000008c700000|  0%| F|  |TAMS 0x000000008c600000, 0x000000008c600000| Untracked 
| 125|0x000000008c700000, 0x000000008c700000, 0x000000008c800000|  0%| F|  |TAMS 0x000000008c700000, 0x000000008c700000| Untracked 
| 126|0x000000008c800000, 0x000000008c800000, 0x000000008c900000|  0%| F|  |TAMS 0x000000008c800000, 0x000000008c800000| Untracked 
| 127|0x000000008c900000, 0x000000008c900000, 0x000000008ca00000|  0%| F|  |TAMS 0x000000008c900000, 0x000000008c900000| Untracked 
| 128|0x000000008ca00000, 0x000000008ca00000, 0x000000008cb00000|  0%| F|  |TAMS 0x000000008ca00000, 0x000000008ca00000| Untracked 
| 129|0x000000008cb00000, 0x000000008cb00000, 0x000000008cc00000|  0%| F|  |TAMS 0x000000008cb00000, 0x000000008cb00000| Untracked 
| 130|0x000000008cc00000, 0x000000008cc00000, 0x000000008cd00000|  0%| F|  |TAMS 0x000000008cc00000, 0x000000008cc00000| Untracked 
| 131|0x000000008cd00000, 0x000000008cd00000, 0x000000008ce00000|  0%| F|  |TAMS 0x000000008cd00000, 0x000000008cd00000| Untracked 
| 132|0x000000008ce00000, 0x000000008ce00000, 0x000000008cf00000|  0%| F|  |TAMS 0x000000008ce00000, 0x000000008ce00000| Untracked 
| 133|0x000000008cf00000, 0x000000008cf00000, 0x000000008d000000|  0%| F|  |TAMS 0x000000008cf00000, 0x000000008cf00000| Untracked 
| 134|0x000000008d000000, 0x000000008d000000, 0x000000008d100000|  0%| F|  |TAMS 0x000000008d000000, 0x000000008d000000| Untracked 
| 135|0x000000008d100000, 0x000000008d100000, 0x000000008d200000|  0%| F|  |TAMS 0x000000008d100000, 0x000000008d100000| Untracked 
| 136|0x000000008d200000, 0x000000008d200000, 0x000000008d300000|  0%| F|  |TAMS 0x000000008d200000, 0x000000008d200000| Untracked 
| 137|0x000000008d300000, 0x000000008d300000, 0x000000008d400000|  0%| F|  |TAMS 0x000000008d300000, 0x000000008d300000| Untracked 
| 138|0x000000008d400000, 0x000000008d400000, 0x000000008d500000|  0%| F|  |TAMS 0x000000008d400000, 0x000000008d400000| Untracked 
| 139|0x000000008d500000, 0x000000008d500000, 0x000000008d600000|  0%| F|  |TAMS 0x000000008d500000, 0x000000008d500000| Untracked 
| 140|0x000000008d600000, 0x000000008d600000, 0x000000008d700000|  0%| F|  |TAMS 0x000000008d600000, 0x000000008d600000| Untracked 
| 141|0x000000008d700000, 0x000000008d700000, 0x000000008d800000|  0%| F|  |TAMS 0x000000008d700000, 0x000000008d700000| Untracked 
| 142|0x000000008d800000, 0x000000008d800000, 0x000000008d900000|  0%| F|  |TAMS 0x000000008d800000, 0x000000008d800000| Untracked 
| 143|0x000000008d900000, 0x000000008d900000, 0x000000008da00000|  0%| F|  |TAMS 0x000000008d900000, 0x000000008d900000| Untracked 
| 144|0x000000008da00000, 0x000000008da00000, 0x000000008db00000|  0%| F|  |TAMS 0x000000008da00000, 0x000000008da00000| Untracked 
| 145|0x000000008db00000, 0x000000008db00000, 0x000000008dc00000|  0%| F|  |TAMS 0x000000008db00000, 0x000000008db00000| Untracked 
| 146|0x000000008dc00000, 0x000000008dc00000, 0x000000008dd00000|  0%| F|  |TAMS 0x000000008dc00000, 0x000000008dc00000| Untracked 
| 147|0x000000008dd00000, 0x000000008dd00000, 0x000000008de00000|  0%| F|  |TAMS 0x000000008dd00000, 0x000000008dd00000| Untracked 
| 148|0x000000008de00000, 0x000000008de00000, 0x000000008df00000|  0%| F|  |TAMS 0x000000008de00000, 0x000000008de00000| Untracked 
| 149|0x000000008df00000, 0x000000008df00000, 0x000000008e000000|  0%| F|  |TAMS 0x000000008df00000, 0x000000008df00000| Untracked 
| 150|0x000000008e000000, 0x000000008e000000, 0x000000008e100000|  0%| F|  |TAMS 0x000000008e000000, 0x000000008e000000| Untracked 
| 151|0x000000008e100000, 0x000000008e100000, 0x000000008e200000|  0%| F|  |TAMS 0x000000008e100000, 0x000000008e100000| Untracked 
| 152|0x000000008e200000, 0x000000008e200000, 0x000000008e300000|  0%| F|  |TAMS 0x000000008e200000, 0x000000008e200000| Untracked 
| 153|0x000000008e300000, 0x000000008e300000, 0x000000008e400000|  0%| F|  |TAMS 0x000000008e300000, 0x000000008e300000| Untracked 
| 154|0x000000008e400000, 0x000000008e400000, 0x000000008e500000|  0%| F|  |TAMS 0x000000008e400000, 0x000000008e400000| Untracked 
| 155|0x000000008e500000, 0x000000008e500000, 0x000000008e600000|  0%| F|  |TAMS 0x000000008e500000, 0x000000008e500000| Untracked 
| 156|0x000000008e600000, 0x000000008e600000, 0x000000008e700000|  0%| F|  |TAMS 0x000000008e600000, 0x000000008e600000| Untracked 
| 157|0x000000008e700000, 0x000000008e700000, 0x000000008e800000|  0%| F|  |TAMS 0x000000008e700000, 0x000000008e700000| Untracked 
| 158|0x000000008e800000, 0x000000008e800000, 0x000000008e900000|  0%| F|  |TAMS 0x000000008e800000, 0x000000008e800000| Untracked 
| 159|0x000000008e900000, 0x000000008e900000, 0x000000008ea00000|  0%| F|  |TAMS 0x000000008e900000, 0x000000008e900000| Untracked 
| 160|0x000000008ea00000, 0x000000008ea67dc0, 0x000000008eb00000| 40%| E|  |TAMS 0x000000008ea00000, 0x000000008ea00000| Complete 
| 161|0x000000008eb00000, 0x000000008ec00000, 0x000000008ec00000|100%| E|CS|TAMS 0x000000008eb00000, 0x000000008eb00000| Complete 
| 162|0x000000008ec00000, 0x000000008ed00000, 0x000000008ed00000|100%| E|  |TAMS 0x000000008ec00000, 0x000000008ec00000| Complete 
| 163|0x000000008ed00000, 0x000000008ee00000, 0x000000008ee00000|100%| E|CS|TAMS 0x000000008ed00000, 0x000000008ed00000| Complete 
| 164|0x000000008ee00000, 0x000000008ef00000, 0x000000008ef00000|100%| E|CS|TAMS 0x000000008ee00000, 0x000000008ee00000| Complete 
| 165|0x000000008ef00000, 0x000000008f000000, 0x000000008f000000|100%| E|CS|TAMS 0x000000008ef00000, 0x000000008ef00000| Complete 
| 166|0x000000008f000000, 0x000000008f100000, 0x000000008f100000|100%| E|CS|TAMS 0x000000008f000000, 0x000000008f000000| Complete 
| 167|0x000000008f100000, 0x000000008f191f60, 0x000000008f200000| 57%| S|CS|TAMS 0x000000008f100000, 0x000000008f100000| Complete 
| 168|0x000000008f200000, 0x000000008f300000, 0x000000008f300000|100%| S|CS|TAMS 0x000000008f200000, 0x000000008f200000| Complete 
| 169|0x000000008f300000, 0x000000008f400000, 0x000000008f400000|100%| E|CS|TAMS 0x000000008f300000, 0x000000008f300000| Complete 
| 170|0x000000008f400000, 0x000000008f500000, 0x000000008f500000|100%| E|CS|TAMS 0x000000008f400000, 0x000000008f400000| Complete 
| 171|0x000000008f500000, 0x000000008f600000, 0x000000008f600000|100%| E|CS|TAMS 0x000000008f500000, 0x000000008f500000| Complete 
| 172|0x000000008f600000, 0x000000008f700000, 0x000000008f700000|100%| E|CS|TAMS 0x000000008f600000, 0x000000008f600000| Complete 
| 173|0x000000008f700000, 0x000000008f800000, 0x000000008f800000|100%| E|CS|TAMS 0x000000008f700000, 0x000000008f700000| Complete 
| 174|0x000000008f800000, 0x000000008f900000, 0x000000008f900000|100%| E|CS|TAMS 0x000000008f800000, 0x000000008f800000| Complete 
| 175|0x000000008f900000, 0x000000008fa00000, 0x000000008fa00000|100%| E|CS|TAMS 0x000000008f900000, 0x000000008f900000| Complete 
| 176|0x000000008fa00000, 0x000000008fb00000, 0x000000008fb00000|100%| E|CS|TAMS 0x000000008fa00000, 0x000000008fa00000| Complete 
| 177|0x000000008fb00000, 0x000000008fc00000, 0x000000008fc00000|100%| E|CS|TAMS 0x000000008fb00000, 0x000000008fb00000| Complete 
| 178|0x000000008fc00000, 0x000000008fd00000, 0x000000008fd00000|100%| E|CS|TAMS 0x000000008fc00000, 0x000000008fc00000| Complete 
| 179|0x000000008fd00000, 0x000000008fe00000, 0x000000008fe00000|100%| E|CS|TAMS 0x000000008fd00000, 0x000000008fd00000| Complete 
| 180|0x000000008fe00000, 0x000000008ff00000, 0x000000008ff00000|100%| E|CS|TAMS 0x000000008fe00000, 0x000000008fe00000| Complete 
| 181|0x000000008ff00000, 0x0000000090000000, 0x0000000090000000|100%| E|CS|TAMS 0x000000008ff00000, 0x000000008ff00000| Complete 
| 182|0x0000000090000000, 0x0000000090100000, 0x0000000090100000|100%| E|CS|TAMS 0x0000000090000000, 0x0000000090000000| Complete 
| 183|0x0000000090100000, 0x0000000090200000, 0x0000000090200000|100%| E|CS|TAMS 0x0000000090100000, 0x0000000090100000| Complete 

Card table byte_map: [0x000002067f160000,0x000002067f540000] _byte_map_base: 0x000002067ed3b000

Marking Bits (Prev, Next): (CMBitMap*) 0x00000206761070e0, (CMBitMap*) 0x0000020676107120
 Prev Bits: [0x000002060f000000, 0x0000020610ed8000)
 Next Bits: [0x0000020610ee0000, 0x0000020612db8000)

Polling page: 0x0000020674800000

Metaspace:

Usage:
  Non-class:     52.49 MB capacity,    52.08 MB (>99%) used,   346.48 KB ( <1%) free+waste,    70.69 KB ( <1%) overhead. 
      Class:      7.78 MB capacity,     7.64 MB ( 98%) used,   117.41 KB (  1%) free+waste,    25.81 KB ( <1%) overhead. 
       Both:     60.28 MB capacity,    59.73 MB (>99%) used,   463.90 KB ( <1%) free+waste,    96.50 KB ( <1%) overhead. 

Virtual space:
  Non-class space:       54.00 MB reserved,      52.75 MB ( 98%) committed 
      Class space:        1.00 GB reserved,       7.88 MB ( <1%) committed 
             Both:        1.05 GB reserved,      60.62 MB (  6%) committed 

Chunk freelists:
   Non-Class:  136.00 KB
       Class:  29.00 KB
        Both:  165.00 KB

MaxMetaspaceSize: 17179869184.00 GB
CompressedClassSpaceSize: 1.00 GB

CodeHeap 'non-profiled nmethods': size=120000Kb used=6830Kb max_used=6830Kb free=113169Kb
 bounds [0x0000020607ad0000, 0x0000020608180000, 0x000002060f000000]
CodeHeap 'profiled nmethods': size=120000Kb used=16499Kb max_used=16499Kb free=103501Kb
 bounds [0x00000206005a0000, 0x00000206015c0000, 0x0000020607ad0000]
CodeHeap 'non-nmethods': size=5760Kb used=1575Kb max_used=1621Kb free=4184Kb
 bounds [0x0000020600000000, 0x0000020600270000, 0x00000206005a0000]
 total_blobs=9326 nmethods=8400 adapters=837
 compilation: enabled
              stopped_count=0, restarted_count=0
 full_count=0

Compilation events (20 events):
Event: 212.971 Thread 0x0000020615b02eb0 10402       3       sun.awt.windows.WComponentPeer::replaceSurfaceData (13 bytes)
Event: 212.971 Thread 0x0000020615b02eb0 nmethod 10402 0x00000206015b9f10 code [0x00000206015ba0c0, 0x00000206015ba288]
Event: 212.971 Thread 0x0000020615b02eb0 10403   !   3       sun.awt.windows.WComponentPeer::replaceSurfaceData (182 bytes)
Event: 212.972 Thread 0x0000020615b02eb0 nmethod 10403 0x00000206015ba310 code [0x00000206015ba5a0, 0x00000206015bb7e8]
Event: 212.972 Thread 0x0000020615b02eb0 10405       3       java.util.jar.JavaUtilJarAccessImpl::getTrustedAttributes (6 bytes)
Event: 212.973 Thread 0x0000020615b02eb0 nmethod 10405 0x00000206015bbe10 code [0x00000206015bbfc0, 0x00000206015bc108]
Event: 212.973 Thread 0x0000020615b02eb0 10404       3       sun.java2d.SurfaceData::flush (1 bytes)
Event: 212.973 Thread 0x0000020615b02eb0 nmethod 10404 0x000002060079f310 code [0x000002060079f4a0, 0x000002060079f598]
Event: 213.001 Thread 0x0000020615b02eb0 10406       3       java.awt.im.InputContext::getInstance (8 bytes)
Event: 213.001 Thread 0x0000020615b02eb0 nmethod 10406 0x00000206015bc210 code [0x00000206015bc3c0, 0x00000206015bc6c8]
Event: 213.001 Thread 0x0000020615b02eb0 10407       3       sun.awt.im.InputMethodContext::<init> (16 bytes)
Event: 213.001 Thread 0x0000020615b02eb0 nmethod 10407 0x00000206015bc810 code [0x00000206015bc9c0, 0x00000206015bcc08]
Event: 213.001 Thread 0x0000020615b02eb0 10408   !   3       sun.awt.im.InputContext::<init> (74 bytes)
Event: 213.002 Thread 0x0000020615b02eb0 nmethod 10408 0x00000206015bcd10 code [0x00000206015bcf80, 0x00000206015bd988]
Event: 213.002 Thread 0x0000020615b02eb0 10409       3       java.awt.KeyboardFocusManager::firePropertyChange (26 bytes)
Event: 213.002 Thread 0x0000020615b02eb0 nmethod 10409 0x00000206015bdd90 code [0x00000206015bdf40, 0x00000206015be188]
Event: 213.018 Thread 0x0000020615b02eb0 10411       1       java.security.PermissionCollection::isReadOnly (5 bytes)
Event: 213.018 Thread 0x0000020615b02eb0 nmethod 10411 0x000002060817b790 code [0x000002060817b920, 0x000002060817b9d8]
Event: 213.038 Thread 0x0000020615b02eb0 10412       3       java.util.logging.LogManager$LoggerContext::requiresDefaultLoggers (29 bytes)
Event: 213.038 Thread 0x0000020615b02eb0 nmethod 10412 0x00000206015be290 code [0x00000206015be440, 0x00000206015be648]

GC Heap History (20 events):
Event: 67.914 GC heap before
{Heap before GC invocations=52 (full 0):
 garbage-first heap   total 171008K, used 148662K [0x0000000084a00000, 0x0000000100000000)
  region size 1024K, 51 young (52224K), 3 survivors (3072K)
 Metaspace       used 46912K, capacity 47247K, committed 48000K, reserved 1091584K
  class space    used 6031K, capacity 6147K, committed 6272K, reserved 1048576K
}
Event: 67.916 GC heap after
{Heap after GC invocations=53 (full 0):
 garbage-first heap   total 171008K, used 99663K [0x0000000084a00000, 0x0000000100000000)
  region size 1024K, 3 young (3072K), 3 survivors (3072K)
 Metaspace       used 46912K, capacity 47247K, committed 48000K, reserved 1091584K
  class space    used 6031K, capacity 6147K, committed 6272K, reserved 1048576K
}
Event: 69.806 GC heap before
{Heap before GC invocations=53 (full 0):
 garbage-first heap   total 171008K, used 148815K [0x0000000084a00000, 0x0000000100000000)
  region size 1024K, 51 young (52224K), 3 survivors (3072K)
 Metaspace       used 46927K, capacity 47247K, committed 48000K, reserved 1091584K
  class space    used 6031K, capacity 6147K, committed 6272K, reserved 1048576K
}
Event: 69.808 GC heap after
{Heap after GC invocations=54 (full 0):
 garbage-first heap   total 171008K, used 99583K [0x0000000084a00000, 0x0000000100000000)
  region size 1024K, 2 young (2048K), 2 survivors (2048K)
 Metaspace       used 46927K, capacity 47247K, committed 48000K, reserved 1091584K
  class space    used 6031K, capacity 6147K, committed 6272K, reserved 1048576K
}
Event: 71.599 GC heap before
{Heap before GC invocations=55 (full 0):
 garbage-first heap   total 173056K, used 149759K [0x0000000084a00000, 0x0000000100000000)
  region size 1024K, 51 young (52224K), 2 survivors (2048K)
 Metaspace       used 46932K, capacity 47247K, committed 48000K, reserved 1091584K
  class space    used 6031K, capacity 6147K, committed 6272K, reserved 1048576K
}
Event: 71.601 GC heap after
{Heap after GC invocations=56 (full 0):
 garbage-first heap   total 173056K, used 99595K [0x0000000084a00000, 0x0000000100000000)
  region size 1024K, 2 young (2048K), 2 survivors (2048K)
 Metaspace       used 46932K, capacity 47247K, committed 48000K, reserved 1091584K
  class space    used 6031K, capacity 6147K, committed 6272K, reserved 1048576K
}
Event: 75.845 GC heap before
{Heap before GC invocations=56 (full 0):
 garbage-first heap   total 173056K, used 151819K [0x0000000084a00000, 0x0000000100000000)
  region size 1024K, 53 young (54272K), 2 survivors (2048K)
 Metaspace       used 46954K, capacity 47247K, committed 48000K, reserved 1091584K
  class space    used 6031K, capacity 6147K, committed 6272K, reserved 1048576K
}
Event: 75.848 GC heap after
{Heap after GC invocations=57 (full 0):
 garbage-first heap   total 173056K, used 99914K [0x0000000084a00000, 0x0000000100000000)
  region size 1024K, 2 young (2048K), 2 survivors (2048K)
 Metaspace       used 46954K, capacity 47247K, committed 48000K, reserved 1091584K
  class space    used 6031K, capacity 6147K, committed 6272K, reserved 1048576K
}
Event: 78.363 GC heap before
{Heap before GC invocations=58 (full 0):
 garbage-first heap   total 173056K, used 152138K [0x0000000084a00000, 0x0000000100000000)
  region size 1024K, 53 young (54272K), 2 survivors (2048K)
 Metaspace       used 46959K, capacity 47247K, committed 48000K, reserved 1091584K
  class space    used 6031K, capacity 6147K, committed 6272K, reserved 1048576K
}
Event: 78.364 GC heap after
{Heap after GC invocations=59 (full 0):
 garbage-first heap   total 173056K, used 99978K [0x0000000084a00000, 0x0000000100000000)
  region size 1024K, 2 young (2048K), 2 survivors (2048K)
 Metaspace       used 46959K, capacity 47247K, committed 48000K, reserved 1091584K
  class space    used 6031K, capacity 6147K, committed 6272K, reserved 1048576K
}
Event: 80.726 GC heap before
{Heap before GC invocations=59 (full 0):
 garbage-first heap   total 173056K, used 152202K [0x0000000084a00000, 0x0000000100000000)
  region size 1024K, 53 young (54272K), 2 survivors (2048K)
 Metaspace       used 46959K, capacity 47247K, committed 48000K, reserved 1091584K
  class space    used 6031K, capacity 6147K, committed 6272K, reserved 1048576K
}
Event: 80.727 GC heap after
{Heap after GC invocations=60 (full 0):
 garbage-first heap   total 173056K, used 99911K [0x0000000084a00000, 0x0000000100000000)
  region size 1024K, 2 young (2048K), 2 survivors (2048K)
 Metaspace       used 46959K, capacity 47247K, committed 48000K, reserved 1091584K
  class space    used 6031K, capacity 6147K, committed 6272K, reserved 1048576K
}
Event: 93.845 GC heap before
{Heap before GC invocations=61 (full 0):
 garbage-first heap   total 173056K, used 152135K [0x0000000084a00000, 0x0000000100000000)
  region size 1024K, 53 young (54272K), 2 survivors (2048K)
 Metaspace       used 47330K, capacity 47632K, committed 48256K, reserved 1091584K
  class space    used 6099K, capacity 6211K, committed 6272K, reserved 1048576K
}
Event: 93.847 GC heap after
{Heap after GC invocations=62 (full 0):
 garbage-first heap   total 173056K, used 99925K [0x0000000084a00000, 0x0000000100000000)
  region size 1024K, 2 young (2048K), 2 survivors (2048K)
 Metaspace       used 47330K, capacity 47632K, committed 48256K, reserved 1091584K
  class space    used 6099K, capacity 6211K, committed 6272K, reserved 1048576K
}
Event: 114.842 GC heap before
{Heap before GC invocations=62 (full 0):
 garbage-first heap   total 173056K, used 151125K [0x0000000084a00000, 0x0000000100000000)
  region size 1024K, 53 young (54272K), 2 survivors (2048K)
 Metaspace       used 56512K, capacity 57004K, committed 57344K, reserved 1099776K
  class space    used 7295K, capacity 7423K, committed 7424K, reserved 1048576K
}
Event: 114.845 GC heap after
{Heap after GC invocations=63 (full 0):
 garbage-first heap   total 173056K, used 103699K [0x0000000084a00000, 0x0000000100000000)
  region size 1024K, 6 young (6144K), 6 survivors (6144K)
 Metaspace       used 56512K, capacity 57004K, committed 57344K, reserved 1099776K
  class space    used 7295K, capacity 7423K, committed 7424K, reserved 1048576K
}
Event: 139.348 GC heap before
{Heap before GC invocations=64 (full 0):
 garbage-first heap   total 179200K, used 112915K [0x0000000084a00000, 0x0000000100000000)
  region size 1024K, 17 young (17408K), 6 survivors (6144K)
 Metaspace       used 56925K, capacity 57464K, committed 57728K, reserved 1099776K
  class space    used 7340K, capacity 7490K, committed 7552K, reserved 1048576K
}
Event: 139.352 GC heap after
{Heap after GC invocations=65 (full 0):
 garbage-first heap   total 179200K, used 105249K [0x0000000084a00000, 0x0000000100000000)
  region size 1024K, 3 young (3072K), 3 survivors (3072K)
 Metaspace       used 56925K, capacity 57464K, committed 57728K, reserved 1099776K
  class space    used 7340K, capacity 7490K, committed 7552K, reserved 1048576K
}
Event: 139.782 GC heap before
{Heap before GC invocations=66 (full 0):
 garbage-first heap   total 184320K, used 116513K [0x0000000084a00000, 0x0000000100000000)
  region size 1024K, 14 young (14336K), 3 survivors (3072K)
 Metaspace       used 59811K, capacity 60376K, committed 60544K, reserved 1101824K
  class space    used 7644K, capacity 7778K, committed 7808K, reserved 1048576K
}
Event: 139.784 GC heap after
{Heap after GC invocations=67 (full 0):
 garbage-first heap   total 184320K, used 104237K [0x0000000084a00000, 0x0000000100000000)
  region size 1024K, 2 young (2048K), 2 survivors (2048K)
 Metaspace       used 59811K, capacity 60376K, committed 60544K, reserved 1101824K
  class space    used 7644K, capacity 7778K, committed 7808K, reserved 1048576K
}

Deoptimization events (20 events):
Event: 212.974 Thread 0x0000020616dc5930 Uncommon trap: trap_request=0xffffffc6 fr.pc=0x0000020607e1130c relative=0x00000000000095ec
Event: 212.974 Thread 0x0000020616dc5930 Uncommon trap: reason=bimorphic_or_optimized_type_check action=maybe_recompile pc=0x0000020607e1130c method=java.awt.Container.createChildHierarchyEvents(IJZ)V @ 63 c2
Event: 212.974 Thread 0x0000020616dc5930 DEOPT PACKING pc=0x0000020607e1130c sp=0x0000009f03dfdf70
Event: 212.974 Thread 0x0000020616dc5930 DEOPT UNPACKING pc=0x000002060000852f sp=0x0000009f03dfde20 mode 2
Event: 212.974 Thread 0x0000020616dc5930 Uncommon trap: trap_request=0xffffffc6 fr.pc=0x0000020607e1130c relative=0x00000000000095ec
Event: 212.974 Thread 0x0000020616dc5930 Uncommon trap: reason=bimorphic_or_optimized_type_check action=maybe_recompile pc=0x0000020607e1130c method=java.awt.Container.createChildHierarchyEvents(IJZ)V @ 63 c2
Event: 212.974 Thread 0x0000020616dc5930 DEOPT PACKING pc=0x0000020607e1130c sp=0x0000009f03dfdf70
Event: 212.974 Thread 0x0000020616dc5930 DEOPT UNPACKING pc=0x000002060000852f sp=0x0000009f03dfde20 mode 2
Event: 212.974 Thread 0x0000020616dc5930 Uncommon trap: trap_request=0xffffffc6 fr.pc=0x0000020607e1130c relative=0x00000000000095ec
Event: 212.974 Thread 0x0000020616dc5930 Uncommon trap: reason=bimorphic_or_optimized_type_check action=maybe_recompile pc=0x0000020607e1130c method=java.awt.Container.createChildHierarchyEvents(IJZ)V @ 63 c2
Event: 212.974 Thread 0x0000020616dc5930 DEOPT PACKING pc=0x0000020607e1130c sp=0x0000009f03dfde40
Event: 212.974 Thread 0x0000020616dc5930 DEOPT UNPACKING pc=0x000002060000852f sp=0x0000009f03dfdcf0 mode 2
Event: 212.993 Thread 0x0000020616dc5930 Uncommon trap: trap_request=0xffffffc6 fr.pc=0x0000020607c891e8 relative=0x00000000000006e8
Event: 212.993 Thread 0x0000020616dc5930 Uncommon trap: reason=bimorphic_or_optimized_type_check action=maybe_recompile pc=0x0000020607c891e8 method=sun.java2d.pipe.ShapeSpanIterator.appendPath(Ljava/awt/geom/PathIterator;)V @ 7 c2
Event: 212.993 Thread 0x0000020616dc5930 DEOPT PACKING pc=0x0000020607c891e8 sp=0x0000009f03dfce50
Event: 212.993 Thread 0x0000020616dc5930 DEOPT UNPACKING pc=0x000002060000852f sp=0x0000009f03dfce20 mode 2
Event: 213.000 Thread 0x0000020616dc5930 Uncommon trap: trap_request=0xffffff45 fr.pc=0x0000020607fb842c relative=0x000000000000028c
Event: 213.000 Thread 0x0000020616dc5930 Uncommon trap: reason=unstable_if action=reinterpret pc=0x0000020607fb842c method=java.awt.Component.eventTypeEnabled(I)Z @ 228 c2
Event: 213.000 Thread 0x0000020616dc5930 DEOPT PACKING pc=0x0000020607fb842c sp=0x0000009f03dfde60
Event: 213.000 Thread 0x0000020616dc5930 DEOPT UNPACKING pc=0x000002060000852f sp=0x0000009f03dfddf0 mode 2

Classes unloaded (0 events):
No events

Classes redefined (0 events):
No events

Internal exceptions (20 events):
Event: 50.944 Thread 0x0000020616dc5930 Exception <a 'java/lang/NoSuchMethodError'{0x000000008cf90b40}: 'void java.lang.invoke.DirectMethodHandle$Holder.invokeSpecial(java.lang.Object, java.lang.Object, java.lang.Object, java.lang.Object, java.lang.Object)'> (0x000000008cf90b40) 
thrown [./open/src/hotspot/share/interpreter/linkResolver.cpp, line 782]
Event: 74.569 Thread 0x0000020616dc5930 Implicit null exception at 0x0000020607ff679f to 0x0000020607ff6f80
Event: 74.610 Thread 0x0000020616dc5930 Implicit null exception at 0x0000020607ef7f25 to 0x0000020607efa718
Event: 92.545 Thread 0x0000020616dc5930 Implicit null exception at 0x0000020608023b16 to 0x0000020608023be0
Event: 96.487 Thread 0x0000020616dc5930 Implicit null exception at 0x00000206080091e5 to 0x000002060800bb44
Event: 99.628 Thread 0x0000020616dc5930 Exception <a 'java/lang/ClassNotFoundException'{0x000000008cd89c20}: org/springframework/beans/factory/config/FieldRetrievingFactoryBeanBeanInfo> (0x000000008cd89c20) 
thrown [./open/src/hotspot/share/classfile/systemDictionary.cpp, line 295]
Event: 99.628 Thread 0x0000020616dc5930 Exception <a 'java/lang/ClassNotFoundException'{0x000000008cd8b170}: java/lang/ObjectBeanInfo> (0x000000008cd8b170) 
thrown [./open/src/hotspot/share/classfile/systemDictionary.cpp, line 295]
Event: 99.628 Thread 0x0000020616dc5930 Exception <a 'java/lang/ClassNotFoundException'{0x000000008cd8c9f8}: java/lang/ObjectCustomizer> (0x000000008cd8c9f8) 
thrown [./open/src/hotspot/share/classfile/systemDictionary.cpp, line 295]
Event: 99.632 Thread 0x0000020616dc5930 Exception <a 'java/lang/IncompatibleClassChangeError'{0x000000008cd91520}: Found class java.lang.Object, but interface was expected> (0x000000008cd91520) 
thrown [./open/src/hotspot/share/interpreter/linkResolver.cpp, line 848]
Event: 99.638 Thread 0x0000020616dc5930 Exception <a 'java/lang/ClassNotFoundException'{0x000000008cda43f0}: org/springframework/beans/factory/config/FieldRetrievingFactoryBeanCustomizer> (0x000000008cda43f0) 
thrown [./open/src/hotspot/share/classfile/systemDictionary.cpp, line 295]
Event: 99.843 Thread 0x0000020616dc5930 Implicit null exception at 0x0000020607d14d1b to 0x0000020607d14de9
Event: 99.878 Thread 0x0000020616dc5930 Implicit null exception at 0x0000020607e7dfd5 to 0x0000020607e7e9bb
Event: 99.924 Thread 0x0000020616dc5930 Exception <a 'java/lang/NoSuchMethodError'{0x000000008c460d90}: 'int java.lang.invoke.DirectMethodHandle$Holder.invokeStatic(java.lang.Object)'> (0x000000008c460d90) 
thrown [./open/src/hotspot/share/interpreter/linkResolver.cpp, line 782]
Event: 101.079 Thread 0x0000020616dc5930 Implicit null exception at 0x0000020607cd4a59 to 0x0000020607cd4be4
Event: 101.138 Thread 0x0000020616dc5930 Implicit null exception at 0x0000020607cc5a4e to 0x0000020607cc5c30
Event: 137.861 Thread 0x0000020616dc5930 Implicit null exception at 0x000002060807acf9 to 0x000002060807afc2
Event: 139.535 Thread 0x0000020616dc5930 Implicit null exception at 0x0000020607c43555 to 0x0000020607c43810
Event: 212.976 Thread 0x0000020616cdb550 Exception <a 'java/lang/NullPointerException'{0x000000008edbc1f0}> (0x000000008edbc1f0) 
thrown [./open/src/hotspot/share/interpreter/linkResolver.cpp, line 1374]
Event: 213.016 Thread 0x0000020616cdb550 Exception <a 'java/lang/NoSuchMethodError'{0x000000008ece68b0}: 'int java.lang.invoke.DirectMethodHandle$Holder.invokeSpecial(java.lang.Object, java.lang.Object, java.lang.Object, java.lang.Object)'> (0x000000008ece68b0) 
thrown [./open/src/hotspot/share/interpreter/linkResolver.cpp, line 782]
Event: 213.124 Thread 0x0000020616cdb550 Exception <a 'java/lang/NoSuchMethodError'{0x000000008ea676c0}: fwkIsMainThread> (0x000000008ea676c0) 
thrown [./open/src/hotspot/share/prims/jni.cpp, line 1171]

Events (20 events):
Event: 212.942 Executing VM operation: HandshakeAllThreads done
Event: 212.979 loading class java/util/WeakHashMap$KeyIterator
Event: 212.979 loading class java/util/WeakHashMap$HashIterator
Event: 212.979 loading class java/util/WeakHashMap$HashIterator done
Event: 212.979 loading class java/util/WeakHashMap$KeyIterator done
Event: 213.031 loading class java/util/concurrent/Executors$DelegatedScheduledExecutorService
Event: 213.031 loading class java/util/concurrent/ScheduledExecutorService
Event: 213.031 loading class java/util/concurrent/ScheduledExecutorService done
Event: 213.031 loading class java/util/concurrent/Executors$DelegatedScheduledExecutorService done
Event: 213.031 loading class java/util/concurrent/ScheduledThreadPoolExecutor
Event: 213.032 loading class java/util/concurrent/ScheduledThreadPoolExecutor done
Event: 213.032 loading class java/util/concurrent/ScheduledThreadPoolExecutor$DelayedWorkQueue
Event: 213.032 loading class java/util/concurrent/ScheduledThreadPoolExecutor$DelayedWorkQueue done
Event: 213.033 loading class java/util/concurrent/RunnableScheduledFuture
Event: 213.033 loading class java/util/concurrent/ScheduledFuture
Event: 213.033 loading class java/util/concurrent/ScheduledFuture done
Event: 213.033 loading class java/util/concurrent/RunnableScheduledFuture done
Event: 213.036 loading class java/net/CookieHandler
Event: 213.036 loading class java/net/CookieHandler done
Event: 213.068 Loaded shared library C:\Program Files\BellSoft\LibericaJDK-15-Full\bin\jfxwebkit.dll


Dynamic libraries:
0x00007ff6c3d90000 - 0x00007ff6c3d9f000 	C:\Program Files\Java\jdk-15.0.2\bin\java.exe
0x00007ffb46720000 - 0x00007ffb46985000 	C:\WINDOWS\SYSTEM32\ntdll.dll
0x00007ffb45d60000 - 0x00007ffb45e29000 	C:\WINDOWS\System32\KERNEL32.DLL
0x00007ffb43c10000 - 0x00007ffb43ff8000 	C:\WINDOWS\System32\KERNELBASE.dll
0x00007ffb44230000 - 0x00007ffb4437b000 	C:\WINDOWS\System32\ucrtbase.dll
0x00007ffb30d60000 - 0x00007ffb30d79000 	C:\Program Files\Java\jdk-15.0.2\bin\VCRUNTIME140.dll
0x00007ffb3bbd0000 - 0x00007ffb3bbe8000 	C:\Program Files\Java\jdk-15.0.2\bin\jli.dll
0x00007ffb44e60000 - 0x00007ffb44f13000 	C:\WINDOWS\System32\ADVAPI32.dll
0x00007ffb46630000 - 0x00007ffb466d9000 	C:\WINDOWS\System32\msvcrt.dll
0x00007ffb45550000 - 0x00007ffb455f6000 	C:\WINDOWS\System32\sechost.dll
0x00007ffb45e60000 - 0x00007ffb45f75000 	C:\WINDOWS\System32\RPCRT4.dll
0x00007ffb45330000 - 0x00007ffb454fa000 	C:\WINDOWS\System32\USER32.dll
0x00007ffb43900000 - 0x00007ffb43927000 	C:\WINDOWS\System32\win32u.dll
0x00007ffb2cf30000 - 0x00007ffb2d1ca000 	C:\WINDOWS\WinSxS\amd64_microsoft.windows.common-controls_6595b64144ccf1df_6.0.26100.4202_none_3e0698d4e335f517\COMCTL32.dll
0x00007ffb44a50000 - 0x00007ffb44a7b000 	C:\WINDOWS\System32\GDI32.dll
0x00007ffb44380000 - 0x00007ffb444b7000 	C:\WINDOWS\System32\gdi32full.dll
0x00007ffb44000000 - 0x00007ffb440a3000 	C:\WINDOWS\System32\msvcp_win.dll
0x00007ffb30c60000 - 0x00007ffb30c6b000 	C:\WINDOWS\SYSTEM32\VERSION.dll
0x00007ffb46550000 - 0x00007ffb46580000 	C:\WINDOWS\System32\IMM32.DLL
0x00007ffb32c20000 - 0x00007ffb32c2c000 	C:\Program Files\Java\jdk-15.0.2\bin\vcruntime140_1.dll
0x00007ffacd7a0000 - 0x00007ffacd831000 	C:\Program Files\Java\jdk-15.0.2\bin\msvcp140.dll
0x00007ffac7d10000 - 0x00007ffac886e000 	C:\Program Files\Java\jdk-15.0.2\bin\server\jvm.dll
0x00007ffb44ca0000 - 0x00007ffb44ca8000 	C:\WINDOWS\System32\PSAPI.DLL
0x00007ffb39020000 - 0x00007ffb39055000 	C:\WINDOWS\SYSTEM32\WINMM.dll
0x00007ffb28d40000 - 0x00007ffb28d4a000 	C:\WINDOWS\SYSTEM32\WSOCK32.dll
0x00007ffb44f20000 - 0x00007ffb44f94000 	C:\WINDOWS\System32\WS2_32.dll
0x00007ffb42630000 - 0x00007ffb4264b000 	C:\WINDOWS\SYSTEM32\kernel.appcore.dll
0x00007ffb328e0000 - 0x00007ffb328ea000 	C:\Program Files\Java\jdk-15.0.2\bin\jimage.dll
0x00007ffb41030000 - 0x00007ffb41271000 	C:\WINDOWS\SYSTEM32\DBGHELP.DLL
0x00007ffb44fa0000 - 0x00007ffb45325000 	C:\WINDOWS\System32\combase.dll
0x00007ffb46460000 - 0x00007ffb46541000 	C:\WINDOWS\System32\OLEAUT32.dll
0x00007ffb0edf0000 - 0x00007ffb0ee29000 	C:\WINDOWS\SYSTEM32\dbgcore.DLL
0x00007ffb43930000 - 0x00007ffb439c9000 	C:\WINDOWS\System32\bcryptPrimitives.dll
0x00007ffb284f0000 - 0x00007ffb28515000 	C:\Program Files\Java\jdk-15.0.2\bin\java.dll
0x00007ffb45610000 - 0x00007ffb45d52000 	C:\WINDOWS\System32\SHELL32.dll
0x00007ffb43a90000 - 0x00007ffb43c04000 	C:\WINDOWS\System32\wintypes.dll
0x00007ffb414f0000 - 0x00007ffb41d48000 	C:\WINDOWS\SYSTEM32\windows.storage.dll
0x00007ffb45fb0000 - 0x00007ffb460a1000 	C:\WINDOWS\System32\SHCORE.dll
0x00007ffb44a80000 - 0x00007ffb44aea000 	C:\WINDOWS\System32\shlwapi.dll
0x00007ffb43780000 - 0x00007ffb437af000 	C:\WINDOWS\SYSTEM32\profapi.dll
0x00007ffb30c40000 - 0x00007ffb30c59000 	C:\Program Files\Java\jdk-15.0.2\bin\net.dll
0x00007ffb333b0000 - 0x00007ffb334ce000 	C:\WINDOWS\SYSTEM32\WINHTTP.dll
0x00007ffb42ba0000 - 0x00007ffb42c0a000 	C:\WINDOWS\system32\mswsock.dll
0x00007ffb296e0000 - 0x00007ffb296f2000 	C:\Program Files\Java\jdk-15.0.2\bin\nio.dll
0x00007ffb16d70000 - 0x00007ffb16d88000 	C:\Program Files\Java\jdk-15.0.2\bin\zip.dll
0x00007ffacd840000 - 0x00007ffacd9c0000 	C:\Program Files\Java\jdk-15.0.2\bin\awt.dll
0x00007ffb402a0000 - 0x00007ffb4033e000 	C:\WINDOWS\SYSTEM32\apphelp.dll
0x00007ffb40440000 - 0x00007ffb404ef000 	C:\WINDOWS\system32\uxtheme.dll
0x00007ffb46290000 - 0x00007ffb463f0000 	C:\WINDOWS\System32\MSCTF.dll
0x00007ffb44af0000 - 0x00007ffb44c8e000 	C:\WINDOWS\System32\ole32.dll
0x00007ffb407c0000 - 0x00007ffb407f6000 	C:\WINDOWS\system32\DWMAPI.DLL
0x00007ffb0f510000 - 0x00007ffb0f5c4000 	C:\WINDOWS\WinSxS\amd64_microsoft.windows.common-controls_6595b64144ccf1df_5.82.26100.4202_none_87ee01077a2d9116\comctl32.dll
0x00007ffadc7d0000 - 0x00007ffadc855000 	C:\Program Files\Java\jdk-15.0.2\bin\freetype.dll
0x00007ffacd6f0000 - 0x00007ffacd799000 	C:\Program Files\Java\jdk-15.0.2\bin\fontmanager.dll
0x00007ffb0c6e0000 - 0x00007ffb0c7f4000 	C:\WINDOWS\system32\opengl32.dll
0x00007ffb13410000 - 0x00007ffb1343d000 	C:\WINDOWS\SYSTEM32\GLU32.dll
0x00007ffb40800000 - 0x00007ffb4084d000 	C:\WINDOWS\SYSTEM32\dxcore.dll
0x00007ffb44db0000 - 0x00007ffb44e58000 	C:\WINDOWS\System32\clbcatq.dll
0x00007ffb3bc30000 - 0x00007ffb3bd3d000 	C:\WINDOWS\SYSTEM32\PROPSYS.dll
0x00007ffb433e0000 - 0x00007ffb43437000 	C:\WINDOWS\SYSTEM32\CFGMGR32.dll
0x00007ffaa5c90000 - 0x00007ffaa5cab000 	C:\WINDOWS\system32\NetworkExplorer.dll
0x00007ffb11a40000 - 0x00007ffb11bc1000 	C:\Windows\System32\Windows.System.Launcher.dll
0x00007ffb2e410000 - 0x00007ffb2e42a000 	C:\WINDOWS\SYSTEM32\windows.staterepositorycore.dll
0x00007ffb30230000 - 0x00007ffb30251000 	C:\WINDOWS\SYSTEM32\MPR.dll
0x00007ffaa5c60000 - 0x00007ffaa5c88000 	C:\WINDOWS\System32\p9np.dll
0x00007ffb3baa0000 - 0x00007ffb3baad000 	C:\WINDOWS\System32\drprov.dll
0x00007ffaa5c40000 - 0x00007ffaa5c5d000 	C:\WINDOWS\System32\ntlanman.dll
0x00007ffaa53b0000 - 0x00007ffaa53d1000 	C:\WINDOWS\System32\davclnt.dll
0x00007ffb43470000 - 0x00007ffb434d7000 	C:\WINDOWS\System32\WINSTA.dll
0x00007ffb31570000 - 0x00007ffb3158b000 	C:\WINDOWS\System32\wkscli.dll
0x00007ffb1b940000 - 0x00007ffb1b953000 	C:\WINDOWS\SYSTEM32\cscapi.dll
0x00007ffb421c0000 - 0x00007ffb421cd000 	C:\WINDOWS\System32\netutils.dll
0x00007ffaa2570000 - 0x00007ffaa25ca000 	C:\Windows\System32\dlnashext.dll
0x00007ffacf6b0000 - 0x00007ffacf70c000 	C:\Windows\System32\PlayToDevice.dll
0x00007ffb216d0000 - 0x00007ffb216f2000 	C:\Windows\System32\DevDispItemProvider.dll
0x00007ffb2fd50000 - 0x00007ffb2fdf0000 	C:\WINDOWS\System32\MMDevApi.dll
0x00007ffb433b0000 - 0x00007ffb433dd000 	C:\WINDOWS\System32\DEVOBJ.dll
0x00007ffb42020000 - 0x00007ffb42053000 	C:\Windows\System32\IPHLPAPI.DLL
0x00007ffb46590000 - 0x00007ffb4659a000 	C:\WINDOWS\System32\NSI.dll
0x00007ffb3af00000 - 0x00007ffb3af1f000 	C:\WINDOWS\SYSTEM32\dhcpcsvc6.DLL
0x00007ffb3aea0000 - 0x00007ffb3aec5000 	C:\WINDOWS\SYSTEM32\dhcpcsvc.DLL
0x00007ffb42060000 - 0x00007ffb42187000 	C:\WINDOWS\SYSTEM32\DNSAPI.dll
0x00007ffb40560000 - 0x00007ffb4056e000 	C:\WINDOWS\SYSTEM32\WINNSI.DLL
0x00007ffb38d90000 - 0x00007ffb38df5000 	C:\WINDOWS\System32\netprofm.dll
0x00007ffb30bc0000 - 0x00007ffb30bd9000 	C:\WINDOWS\System32\npmproxy.dll
0x00007ffa9f6c0000 - 0x00007ffa9f76b000 	C:\WINDOWS\system32\wpdshext.dll
0x00007ffb20600000 - 0x00007ffb207d7000 	C:\WINDOWS\WinSxS\amd64_microsoft.windows.gdiplus_6595b64144ccf1df_1.1.26100.4202_none_6ef18bba3dc86ee5\gdiplus.dll
0x00007ffaf9660000 - 0x00007ffaf96fe000 	C:\Windows\System32\PortableDeviceApi.dll
0x00007ffb44540000 - 0x00007ffb449c6000 	C:\WINDOWS\System32\SETUPAPI.dll
0x00007ffb43870000 - 0x00007ffb438f4000 	C:\WINDOWS\System32\WINTRUST.dll
0x00007ffb440b0000 - 0x00007ffb44227000 	C:\WINDOWS\System32\CRYPT32.dll
0x00007ffb42ec0000 - 0x00007ffb42ed3000 	C:\WINDOWS\SYSTEM32\MSASN1.dll
0x00007ffac8910000 - 0x00007ffac8948000 	C:\Windows\System32\EhStorShell.dll
0x00007ffac7230000 - 0x00007ffac7255000 	C:\Windows\System32\EhStorAPI.dll
0x00007ffb40360000 - 0x00007ffb40376000 	C:\Windows\System32\WTSAPI32.dll
0x00007ffb12020000 - 0x00007ffb1202f000 	C:\WINDOWS\SYSTEM32\LINKINFO.dll
0x00007ffb31250000 - 0x00007ffb31260000 	C:\Program Files\Java\jdk-15.0.2\bin\verify.dll
0x00007ffb3bbc0000 - 0x00007ffb3bbcd000 	C:\Program Files\Java\jdk-15.0.2\bin\sunmscapi.dll
0x00007ffb43070000 - 0x00007ffb430a0000 	C:\WINDOWS\SYSTEM32\ncrypt.dll
0x00007ffb43020000 - 0x00007ffb4305f000 	C:\WINDOWS\SYSTEM32\NTASN1.dll
0x00007ffb42e50000 - 0x00007ffb42e6b000 	C:\WINDOWS\SYSTEM32\CRYPTSP.dll
0x00007ffb42590000 - 0x00007ffb425ca000 	C:\WINDOWS\system32\rsaenh.dll
0x00007ffb42c40000 - 0x00007ffb42c6b000 	C:\WINDOWS\SYSTEM32\USERENV.dll
0x00007ffb43750000 - 0x00007ffb43776000 	C:\WINDOWS\SYSTEM32\bcrypt.dll
0x00007ffb42e70000 - 0x00007ffb42e7c000 	C:\WINDOWS\SYSTEM32\CRYPTBASE.dll
0x00007ffb3ead0000 - 0x00007ffb3ed09000 	C:\WINDOWS\SYSTEM32\WindowsCodecs.dll
0x00007ffb06e20000 - 0x00007ffb06e7a000 	C:\WINDOWS\system32\dataexchange.dll
0x00007ffb31da0000 - 0x00007ffb31fda000 	C:\WINDOWS\system32\twinapi.appcore.dll
0x000002061baf0000 - 0x000002061baf3000 	C:\Program Files\Java\jdk-15.0.2\bin\api-ms-win-core-console-l1-1-0.dll
0x000002061bb00000 - 0x000002061bb03000 	C:\Program Files\Java\jdk-15.0.2\bin\api-ms-win-core-console-l1-2-0.dll
0x000002061bb10000 - 0x000002061bb13000 	C:\Program Files\Java\jdk-15.0.2\bin\api-ms-win-core-datetime-l1-1-0.dll
0x000002061bb20000 - 0x000002061bb23000 	C:\Program Files\Java\jdk-15.0.2\bin\api-ms-win-core-debug-l1-1-0.dll
0x000002061bb30000 - 0x000002061bb33000 	C:\Program Files\Java\jdk-15.0.2\bin\api-ms-win-core-errorhandling-l1-1-0.dll
0x000002061bb40000 - 0x000002061bb44000 	C:\Program Files\Java\jdk-15.0.2\bin\api-ms-win-core-file-l1-1-0.dll
0x000002061bb50000 - 0x000002061bb53000 	C:\Program Files\Java\jdk-15.0.2\bin\api-ms-win-core-file-l1-2-0.dll
0x000002061bb60000 - 0x000002061bb63000 	C:\Program Files\Java\jdk-15.0.2\bin\api-ms-win-core-file-l2-1-0.dll
0x000002061ce40000 - 0x000002061ce43000 	C:\Program Files\Java\jdk-15.0.2\bin\api-ms-win-core-handle-l1-1-0.dll
0x000002061ce50000 - 0x000002061ce53000 	C:\Program Files\Java\jdk-15.0.2\bin\api-ms-win-core-heap-l1-1-0.dll
0x000002061ce60000 - 0x000002061ce63000 	C:\Program Files\Java\jdk-15.0.2\bin\api-ms-win-core-interlocked-l1-1-0.dll
0x000002061ce70000 - 0x000002061ce73000 	C:\Program Files\Java\jdk-15.0.2\bin\api-ms-win-core-libraryloader-l1-1-0.dll
0x000002061ce80000 - 0x000002061ce83000 	C:\Program Files\Java\jdk-15.0.2\bin\api-ms-win-core-localization-l1-2-0.dll
0x000002061ce90000 - 0x000002061ce93000 	C:\Program Files\Java\jdk-15.0.2\bin\api-ms-win-core-memory-l1-1-0.dll
0x000002061cea0000 - 0x000002061cea3000 	C:\Program Files\Java\jdk-15.0.2\bin\api-ms-win-core-namedpipe-l1-1-0.dll
0x000002061ceb0000 - 0x000002061ceb3000 	C:\Program Files\Java\jdk-15.0.2\bin\api-ms-win-core-processenvironment-l1-1-0.dll
0x000002061cec0000 - 0x000002061cec3000 	C:\Program Files\Java\jdk-15.0.2\bin\api-ms-win-core-processthreads-l1-1-0.dll
0x000002061ced0000 - 0x000002061ced3000 	C:\Program Files\Java\jdk-15.0.2\bin\api-ms-win-core-processthreads-l1-1-1.dll
0x000002061cee0000 - 0x000002061cee3000 	C:\Program Files\Java\jdk-15.0.2\bin\api-ms-win-core-profile-l1-1-0.dll
0x000002061cef0000 - 0x000002061cef3000 	C:\Program Files\Java\jdk-15.0.2\bin\api-ms-win-core-rtlsupport-l1-1-0.dll

dbghelp: loaded successfully - version: 4.0.5 - missing functions: none
symbol engine: initialized successfully - sym options: 0x614 - pdb path: .;C:\Program Files\Java\jdk-15.0.2\bin;C:\WINDOWS\SYSTEM32;C:\WINDOWS\WinSxS\amd64_microsoft.windows.common-controls_6595b64144ccf1df_6.0.26100.4202_none_3e0698d4e335f517;C:\Program Files\Java\jdk-15.0.2\bin\server;C:\WINDOWS\WinSxS\amd64_microsoft.windows.common-controls_6595b64144ccf1df_5.82.26100.4202_none_87ee01077a2d9116;C:\WINDOWS\WinSxS\amd64_microsoft.windows.gdiplus_6595b64144ccf1df_1.1.26100.4202_none_6ef18bba3dc86ee5;C:\Program Files\BellSoft\LibericaJDK-15-Full\bin;C:\WINDOWS\System32\DriverStore\FileRepository\iigd_dch.inf_amd64_eb694f1652817f4a

VM Arguments:
jvm_args: -Dfile.encoding=UTF-8 
java_command: simrskhanza.SIMRSKhanza
java_class_path (initial): C:\master\tuf\lib\commons-codec-1.10.jar;C:\master\tuf\lib\calendar-src.jar;C:\master\tuf\lib\calendar-doc.jar;C:\master\tuf\lib\calendar.jar;C:\master\tuf\lib\jcalendar-1.4.jar;C:\master\tuf\lib\ant-1.7.1.jar;C:\master\tuf\lib\apache-httpcomponents-httpclient.jar;C:\master\tuf\lib\appframework-1.0.3.jar;C:\master\tuf\lib\barbecue-1.5-beta1.jar;C:\master\tuf\lib\batik-dom.jar;C:\master\tuf\lib\groovy-all-2.4.7.jar;C:\master\tuf\lib\bcel-5.2.jar;C:\master\tuf\lib\bcprov-jdk15on-154.jar;C:\master\tuf\lib\poi-4.1.0.jar;C:\master\tuf\lib\beansbinding-1.2.1.jar;C:\master\tuf\lib\bsh-2.0b4.jar;C:\master\tuf\lib\com-jaspersoft-ireport.jar;C:\master\tuf\lib\comm.jar;C:\master\tuf\lib\common-javaFX-plugin.jar;C:\master\tuf\lib\commons-javaflow-20060411.jar;C:\master\tuf\lib\commons-logging-1.2.jar;C:\master\tuf\lib\fluent-hc-4.5.1.jar;C:\master\tuf\lib\fontbox-2.0.13.jar;C:\master\tuf\lib\gson-2.2.2.jar;C:\master\tuf\lib\hibernate3.jar;C:\master\tuf\lib\hsqldb-1.8.0-10.jar;C:\master\tuf\lib\httpclient-4.5.1.jar;C:\master\tuf\lib\httpclient-cache-4.5.1.jar;C:\master\tuf\lib\httpclient-win-4.5.1.jar;C:\master\tuf\lib\httpcore-4.4.3.jar;C:\master\tuf\lib\httpmime-4.5.1.jar;C:\master\tuf\lib\iReport.jar;C:\master\tuf\lib\java-json.jar;C:\master\tuf\lib\javaFX-jps-plugin.jar;C:\master\tuf\lib\javaFX.jar;C:\master\tuf\lib\jaxen-1.1.1.jar;C:\master\tuf\lib\jcommon-1.0.15.jar;C:\master\tuf\lib\jdt-compiler-3.1.1.jar;C:\master\tuf\lib\jfreechart-1.0.12.jar;C:\master\tuf\lib\jl1.0.jar;C:\master\tuf\lib\jna-4.1.0.jar;C:\master\tuf\lib\jna-platform-4.1.0.jar;C:\master\tuf\lib\jpa.jar;C:\master\tuf\lib\junit-4.12.jar;C:\master\tuf\lib\KhanzaSecurity16bit.jar;C:\master\tuf\lib\log4j-1.2.15.jar;C:\master\tuf\lib\mondrian-3.1.1.12687.jar;C:\master\tuf\lib\org-apache-commons-codec.jar;C:\master\tuf\lib\org.apache.commons.httpclient.jar;C:\master\tuf\lib\org.springframework.core-3.2.0.RELEASE.jar;C:\master\tuf\lib\org.springframework.web-3.1.0.M2.jar;C:\master\tuf
Launcher Type: SUN_STANDARD

[Global flags]
     intx CICompilerCount                          = 4                                         {product} {ergonomic}
     uint ConcGCThreads                            = 2                                         {product} {ergonomic}
     uint G1ConcRefinementThreads                  = 8                                         {product} {ergonomic}
   size_t G1HeapRegionSize                         = 1048576                                   {product} {ergonomic}
    uintx GCDrainStackTargetSize                   = 64                                        {product} {ergonomic}
   size_t InitialHeapSize                          = 130023424                                 {product} {ergonomic}
   size_t MarkStackSize                            = 4194304                                   {product} {ergonomic}
   size_t MaxHeapSize                              = 2069889024                                {product} {ergonomic}
   size_t MaxNewSize                               = 1241513984                                {product} {ergonomic}
   size_t MinHeapDeltaBytes                        = 1048576                                   {product} {ergonomic}
   size_t MinHeapSize                              = 8388608                                   {product} {ergonomic}
    uintx NonNMethodCodeHeapSize                   = 5839372                                {pd product} {ergonomic}
    uintx NonProfiledCodeHeapSize                  = 122909434                              {pd product} {ergonomic}
    uintx ProfiledCodeHeapSize                     = 122909434                              {pd product} {ergonomic}
    uintx ReservedCodeCacheSize                    = 251658240                              {pd product} {ergonomic}
     bool SegmentedCodeCache                       = true                                      {product} {ergonomic}
   size_t SoftMaxHeapSize                          = 2069889024                             {manageable} {ergonomic}
     bool UseCompressedClassPointers               = true                                 {lp64_product} {ergonomic}
     bool UseCompressedOops                        = true                                 {lp64_product} {ergonomic}
     bool UseG1GC                                  = true                                      {product} {ergonomic}
     bool UseLargePagesIndividualAllocation        = false                                  {pd product} {ergonomic}

Logging:
Log output configuration:
 #0: stdout all=warning uptime,level,tags
 #1: stderr all=off uptime,level,tags

Environment Variables:
JAVA_HOME=C:\Program Files\Java\jdk-15.0.2
PATH=C:\Program Files\BellSoft\LibericaJDK-15-Full\bin\;C:\Program Files\Common Files\Oracle\Java\javapath;C:\Program Files\Java\jdk-11.0.2\bin;C:\WINDOWS\system32;C:\WINDOWS;C:\WINDOWS\System32\Wbem;C:\WINDOWS\System32\WindowsPowerShell\v1.0\;C:\WINDOWS\System32\OpenSSH\;C:\ProgramData\ComposerSetup\bin;C:\Users\ADMIN\AppData\Roaming\nvm;C:\Program Files\nodejs;C:\Program Files\Go\bin;C:\Program Files\Git\cmd;C:\Program Files (x86)\AOMEI\AOMEI Backupper\7.2.0;C:\Program Files\Microsoft SQL Server\110\Tools\Binn\;C:\Program Files\PuTTY\;C:\Program Files (x86)\Windows Kits\10\Windows Performance Toolkit\;C:\xamppnew\php;C:\Program Files\nodejs\;C:\Program Files\TortoiseSVN\bin;C:\Program Files\dotnet\;C:\Users\ADMIN\AppData\Local\Microsoft\WindowsApps;C:\Users\ADMIN\AppData\Local\Programs\Microsoft VS Code\bin;C:\Users\ADMIN\AppData\Roaming\Composer\vendor\bin;C:\Users\ADMIN\AppData\Roaming\nvm;C:\Program Files\nodejs;C:\Users\ADMIN\go\bin;C:\Users\ADMIN\AppData\Local\afreeca;C:\flutter\bin;C:\xamppnew\php;C:\xampp\mysql\bin;C:\Users\ADMIN\AppData\Roaming\npm;C:\Users\ADMIN\AppData\Local\pnpm;C:\Users\ADMIN\.dotnet\tools;C:\Program Files\Java\jdk-15.0.2;C:\Data\java\apache-ant-1.10.15\bin;
USERNAME=ADMIN
OS=Windows_NT
PROCESSOR_IDENTIFIER=Intel64 Family 6 Model 140 Stepping 2, GenuineIntel



---------------  S Y S T E M  ---------------

OS:
 Windows 10 , 64 bit Build 26100 (10.0.26100.4202)
OS uptime: 1 days 18:55 hours

CPU: total 8 (initial active 8) (4 cores per cpu, 2 threads per core) family 6 model 140 stepping 2 microcode 0x22, cmov, cx8, fxsr, mmx, sse, sse2, sse3, ssse3, sse4.1, sse4.2, popcnt, vzeroupper, avx, avx2, aes, clmul, erms, 3dnowpref, lzcnt, ht, tsc, tscinvbit, bmi1, bmi2, adx, avx512f, avx512dq, avx512cd, avx512bw, avx512vl, avx512_vpopcntdq, avx512_vpclmulqdq, avx512_vbmi, avx512_vbmi2, avx512_vaes, avx512_vnni, sha, fma, clflush, clflushopt, clwb

Memory: 4k page, system-wide physical 7894M (669M free)
TotalPageFile size 24810M (AvailPageFile size 3702M)
current process WorkingSet (physical memory assigned to process): 428M, peak: 431M
current process commit charge ("private bytes"): 501M, peak: 501M

vm_info: Java HotSpot(TM) 64-Bit Server VM (15.0.2+7-27) for windows-amd64 JRE (15.0.2+7-27), built on Dec  7 2020 20:07:01 by "mach5one" with unknown MS VC++:1925

END.
